nohup: ignoring input
[2026-05-21 19:02:42] ============================================================================================
[2026-05-21 19:02:42] Perturbation Regression Benchmark (Conservative + Leak-Free)
[2026-05-21 19:02:42] PRIMARY: frozen_linear (probe-based comparison)
[2026-05-21 19:02:42] SECONDARY: frozen_backbone_trainable_head (adaptation benchmark)
[2026-05-21 19:02:42] EXPLORATORY: full_finetune_embedding_head (disabled by default)
[2026-05-21 19:02:42] NOTE: Mixed evidence across datasets is expected; implementation is embedding-agnostic.
[2026-05-21 19:02:42] ============================================================================================
[2026-05-21 19:02:43] 
[Dataset] adamson
[2026-05-21 19:06:39] 
[Dataset] dixit
[2026-05-21 19:07:54]   - dixit/dataset::all/minus: skip frozen_mlp (n_pert_genes=19 < 25)
[2026-05-21 19:07:54]   - dixit/dataset::all/minus: skip frozen_backbone_trainable_head (min train < 20)
[2026-05-21 19:07:54]   - dixit/dataset::all/baseline: skip frozen_mlp (n_pert_genes=19 < 25)
[2026-05-21 19:07:54]   - dixit/dataset::all/baseline: skip frozen_backbone_trainable_head (min train < 20)
[2026-05-21 19:07:57]   - dixit/dataset::all/scGPT_human: skip frozen_mlp (n_pert_genes=19 < 25)
[2026-05-21 19:07:57]   - dixit/dataset::all/scGPT_human: skip frozen_backbone_trainable_head (min train < 20)
[2026-05-21 19:07:58]   - dixit/dataset::all/v4_bias_rec_best: skip frozen_mlp (n_pert_genes=19 < 25)
[2026-05-21 19:07:58]   - dixit/dataset::all/v4_bias_rec_best: skip frozen_backbone_trainable_head (min train < 20)
[2026-05-21 19:08:00]   - dixit/dataset::all/v4_plain_best: skip frozen_mlp (n_pert_genes=19 < 25)
[2026-05-21 19:08:00]   - dixit/dataset::all/v4_plain_best: skip frozen_backbone_trainable_head (min train < 20)
[2026-05-21 19:08:02]   - dixit/dataset::all/v4_type_pe_best: skip frozen_mlp (n_pert_genes=19 < 25)
[2026-05-21 19:08:02]   - dixit/dataset::all/v4_type_pe_best: skip frozen_backbone_trainable_head (min train < 20)
[2026-05-21 19:08:04]   - dixit/dataset::all/scconcept: skip frozen_mlp (n_pert_genes=19 < 25)
[2026-05-21 19:08:04]   - dixit/dataset::all/scconcept: skip frozen_backbone_trainable_head (min train < 20)
[2026-05-21 19:08:05]   - dixit/dataset::all/scconcept_encoded: skip frozen_mlp (n_pert_genes=19 < 25)
[2026-05-21 19:08:05]   - dixit/dataset::all/scconcept_encoded: skip frozen_backbone_trainable_head (min train < 20)
[2026-05-21 19:08:05] 
[Dataset] norman
[2026-05-21 19:10:08] Saved summary CSV: /bigdata2/hyt/projects/scbenchmark_xjq/comparison-SC-embedding/results/perturbation_regression/perturbation_regression_results.csv
[2026-05-21 19:10:08] Saved fold-level CSV: /bigdata2/hyt/projects/scbenchmark_xjq/comparison-SC-embedding/results/perturbation_regression/perturbation_regression_fold_results.csv
[2026-05-21 19:10:08] Interpretation note: frozen_linear is the primary probe-based comparison.
[2026-05-21 19:10:08] Interpretation note: frozen_backbone_trainable_head is a secondary adaptation benchmark.
[2026-05-21 19:10:08] Interpretation note: full_finetune_embedding_head is exploratory and disabled by default.
