nohup: ignoring input
[2026-05-21 16:36:55] ======================================================================
[2026-05-21 16:36:55] Perturbation Benchmark - Embedding Only
[2026-05-21 16:36:55] ======================================================================
[2026-05-21 16:36:56] Vocab: 60697 genes
[2026-05-21 16:36:58] Loaded minus: (60697, 256)
[2026-05-21 16:36:58] Loaded baseline: (60697, 256)
[2026-05-21 16:37:00] Loaded scGPT_human: (60697, 512)
[2026-05-21 16:37:00] Loaded v4_bias_rec_best: (60697, 256)
[2026-05-21 16:37:01] Loaded v4_plain_best: (60697, 256)
[2026-05-21 16:37:01] Loaded v4_type_pe_best: (60697, 256)
[2026-05-21 16:37:03] Loaded scconcept: (60697, 512)
[2026-05-21 16:37:04] Loaded scconcept_encoded: (60697, 512)
[2026-05-21 16:37:04] 
======================================================================
[2026-05-21 16:37:04] Dataset: adamson
[2026-05-21 16:37:04] ======================================================================
[2026-05-21 16:37:15]   Cells: 63585 (control=24263, perturbed=39322)
[2026-05-21 16:37:15]   Unique perturbation genes: 75
[2026-05-21 16:37:15] 
  --- minus ---
[2026-05-21 16:37:15]     Task A: Perturbation Classification...
[2026-05-21 16:42:27]       lr: acc=0.2750±0.0047, f1=0.2436±0.0055 (39322 cells, 75 classes)
[2026-05-21 16:42:27]       mlp: acc=0.2466±0.0048, f1=0.2128±0.0067 (39322 cells, 75 classes)
[2026-05-21 16:42:27]     Task B: Perturbation Effect Similarity...
[2026-05-21 16:42:31]       Spearman r=0.1633 (p=4.79e-18), Pearson r=0.1738 (75 genes, 2775 pairs)
[2026-05-21 16:42:31]     Task C: Perturbation Direction Prediction...
[2026-05-21 16:42:35]       Pearson r=0.1294±0.3525, MSE=1.2885 (75 pert genes)
[2026-05-21 16:42:35]     Task D: Cell-type-specific Delta Regression...
[2026-05-21 16:42:35]       Skipped (missing cell types or not enough data)
[2026-05-21 16:42:35] 
  --- baseline ---
[2026-05-21 16:42:35]     Task A: Perturbation Classification...
[2026-05-21 16:47:22]       lr: acc=0.2744±0.0057, f1=0.2444±0.0056 (39322 cells, 75 classes)
[2026-05-21 16:47:22]       mlp: acc=0.2524±0.0033, f1=0.2173±0.0047 (39322 cells, 75 classes)
[2026-05-21 16:47:22]     Task B: Perturbation Effect Similarity...
[2026-05-21 16:47:27]       Spearman r=0.1382 (p=2.61e-13), Pearson r=0.1418 (75 genes, 2775 pairs)
[2026-05-21 16:47:27]     Task C: Perturbation Direction Prediction...
[2026-05-21 16:47:31]       Pearson r=0.1006±0.4030, MSE=1.3902 (75 pert genes)
[2026-05-21 16:47:31]     Task D: Cell-type-specific Delta Regression...
[2026-05-21 16:47:31]       Skipped (missing cell types or not enough data)
[2026-05-21 16:47:31] 
  --- scGPT_human ---
[2026-05-21 16:47:31]     Task A: Perturbation Classification...
[2026-05-21 16:54:57]       lr: acc=0.2897±0.0020, f1=0.2661±0.0031 (39322 cells, 75 classes)
[2026-05-21 16:54:57]       mlp: acc=0.2782±0.0044, f1=0.2489±0.0050 (39322 cells, 75 classes)
[2026-05-21 16:54:57]     Task B: Perturbation Effect Similarity...
[2026-05-21 16:55:06]       Spearman r=0.1323 (p=2.66e-12), Pearson r=0.1555 (75 genes, 2775 pairs)
[2026-05-21 16:55:06]     Task C: Perturbation Direction Prediction...
[2026-05-21 16:55:11]       Pearson r=0.1676±0.3616, MSE=1.1143 (75 pert genes)
[2026-05-21 16:55:11]     Task D: Cell-type-specific Delta Regression...
[2026-05-21 16:55:11]       Skipped (missing cell types or not enough data)
[2026-05-21 16:55:11] 
  --- v4_bias_rec_best ---
[2026-05-21 16:55:11]     Task A: Perturbation Classification...
[2026-05-21 17:01:04]       lr: acc=0.2668±0.0045, f1=0.2347±0.0050 (39322 cells, 75 classes)
[2026-05-21 17:01:04]       mlp: acc=0.2342±0.0021, f1=0.1972±0.0069 (39322 cells, 75 classes)
[2026-05-21 17:01:04]     Task B: Perturbation Effect Similarity...
[2026-05-21 17:01:09]       Spearman r=0.1001 (p=1.28e-07), Pearson r=0.0977 (75 genes, 2775 pairs)
[2026-05-21 17:01:09]     Task C: Perturbation Direction Prediction...
[2026-05-21 17:01:13]       Pearson r=0.1473±0.3731, MSE=1.5714 (75 pert genes)
[2026-05-21 17:01:13]     Task D: Cell-type-specific Delta Regression...
[2026-05-21 17:01:13]       Skipped (missing cell types or not enough data)
[2026-05-21 17:01:13] 
  --- v4_plain_best ---
[2026-05-21 17:01:13]     Task A: Perturbation Classification...
[2026-05-21 17:05:56]       lr: acc=0.2706±0.0021, f1=0.2415±0.0025 (39322 cells, 75 classes)
[2026-05-21 17:05:56]       mlp: acc=0.2508±0.0018, f1=0.2194±0.0030 (39322 cells, 75 classes)
[2026-05-21 17:05:56]     Task B: Perturbation Effect Similarity...
[2026-05-21 17:06:00]       Spearman r=0.1152 (p=1.15e-09), Pearson r=0.1429 (75 genes, 2775 pairs)
[2026-05-21 17:06:00]     Task C: Perturbation Direction Prediction...
[2026-05-21 17:06:04]       Pearson r=0.0751±0.3992, MSE=1.4834 (75 pert genes)
[2026-05-21 17:06:04]     Task D: Cell-type-specific Delta Regression...
[2026-05-21 17:06:04]       Skipped (missing cell types or not enough data)
[2026-05-21 17:06:04] 
  --- v4_type_pe_best ---
[2026-05-21 17:06:04]     Task A: Perturbation Classification...
[2026-05-21 17:10:47]       lr: acc=0.2716±0.0053, f1=0.2420±0.0052 (39322 cells, 75 classes)
[2026-05-21 17:10:47]       mlp: acc=0.2463±0.0027, f1=0.2104±0.0053 (39322 cells, 75 classes)
[2026-05-21 17:10:47]     Task B: Perturbation Effect Similarity...
[2026-05-21 17:10:52]       Spearman r=0.1198 (p=2.41e-10), Pearson r=0.1475 (75 genes, 2775 pairs)
[2026-05-21 17:10:52]     Task C: Perturbation Direction Prediction...
[2026-05-21 17:10:56]       Pearson r=0.1097±0.3610, MSE=1.3561 (75 pert genes)
[2026-05-21 17:10:56]     Task D: Cell-type-specific Delta Regression...
[2026-05-21 17:10:56]       Skipped (missing cell types or not enough data)
[2026-05-21 17:10:56] 
  --- scconcept ---
[2026-05-21 17:10:56]     Task A: Perturbation Classification...
[2026-05-21 17:15:42]       lr: acc=0.2681±0.0049, f1=0.2421±0.0038 (39322 cells, 75 classes)
[2026-05-21 17:15:42]       mlp: acc=0.2577±0.0035, f1=0.2233±0.0077 (39322 cells, 75 classes)
[2026-05-21 17:15:42]     Task B: Perturbation Effect Similarity...
[2026-05-21 17:15:51]       Spearman r=0.0306 (p=1.07e-01), Pearson r=0.0122 (75 genes, 2775 pairs)
[2026-05-21 17:15:51]     Task C: Perturbation Direction Prediction...
[2026-05-21 17:15:59]       Pearson r=0.0152±0.2365, MSE=1.3039 (75 pert genes)
[2026-05-21 17:15:59]     Task D: Cell-type-specific Delta Regression...
[2026-05-21 17:15:59]       Skipped (missing cell types or not enough data)
[2026-05-21 17:15:59] 
  --- scconcept_encoded ---
[2026-05-21 17:15:59]     Task A: Perturbation Classification...
[2026-05-21 17:28:26]       lr: acc=0.2570±0.0054, f1=0.2281±0.0049 (39322 cells, 75 classes)
[2026-05-21 17:28:26]       mlp: acc=0.1671±0.0027, f1=0.1314±0.0046 (39322 cells, 75 classes)
[2026-05-21 17:28:26]     Task B: Perturbation Effect Similarity...
[2026-05-21 17:28:33]       Spearman r=-0.0086 (p=6.51e-01), Pearson r=0.0239 (75 genes, 2775 pairs)
[2026-05-21 17:28:33]     Task C: Perturbation Direction Prediction...
[2026-05-21 17:28:39]       Pearson r=0.0932±0.4205, MSE=1.9604 (75 pert genes)
[2026-05-21 17:28:39]     Task D: Cell-type-specific Delta Regression...
[2026-05-21 17:28:39]       Skipped (missing cell types or not enough data)
[2026-05-21 17:28:39] 
======================================================================
[2026-05-21 17:28:39] Dataset: dixit
[2026-05-21 17:28:39] ======================================================================
[2026-05-21 17:28:45]   Cells: 44735 (control=12042, perturbed=32693)
[2026-05-21 17:28:45]   Unique perturbation genes: 19
[2026-05-21 17:28:45] 
  --- minus ---
[2026-05-21 17:28:45]     Task A: Perturbation Classification...
[2026-05-21 17:30:38]       lr: acc=0.1949±0.0036, f1=0.0966±0.0029 (32693 cells, 19 classes)
[2026-05-21 17:30:38]       mlp: acc=0.2001±0.0061, f1=0.0834±0.0039 (32693 cells, 19 classes)
[2026-05-21 17:30:38]     Task B: Perturbation Effect Similarity...
[2026-05-21 17:30:39]       Spearman r=0.2499 (p=9.79e-04), Pearson r=0.3368 (19 genes, 171 pairs)
[2026-05-21 17:30:39]     Task C: Perturbation Direction Prediction...
[2026-05-21 17:30:40]       Pearson r=0.2459±0.6042, MSE=1.2187 (19 pert genes)
[2026-05-21 17:30:40]     Task D: Cell-type-specific Delta Regression...
[2026-05-21 17:30:40]       Skipped (missing cell types or not enough data)
[2026-05-21 17:30:40] 
  --- baseline ---
[2026-05-21 17:30:40]     Task A: Perturbation Classification...
[2026-05-21 17:32:26]       lr: acc=0.1925±0.0036, f1=0.0970±0.0029 (32693 cells, 19 classes)
[2026-05-21 17:32:26]       mlp: acc=0.2034±0.0025, f1=0.0809±0.0063 (32693 cells, 19 classes)
[2026-05-21 17:32:26]     Task B: Perturbation Effect Similarity...
[2026-05-21 17:32:27]       Spearman r=0.2025 (p=7.90e-03), Pearson r=0.3086 (19 genes, 171 pairs)
[2026-05-21 17:32:27]     Task C: Perturbation Direction Prediction...
[2026-05-21 17:32:28]       Pearson r=0.2683±0.5920, MSE=1.2440 (19 pert genes)
[2026-05-21 17:32:28]     Task D: Cell-type-specific Delta Regression...
[2026-05-21 17:32:28]       Skipped (missing cell types or not enough data)
[2026-05-21 17:32:28] 
  --- scGPT_human ---
[2026-05-21 17:32:28]     Task A: Perturbation Classification...
[2026-05-21 17:35:29]       lr: acc=0.1846±0.0033, f1=0.1115±0.0047 (32693 cells, 19 classes)
[2026-05-21 17:35:29]       mlp: acc=0.1966±0.0055, f1=0.0887±0.0080 (32693 cells, 19 classes)
[2026-05-21 17:35:29]     Task B: Perturbation Effect Similarity...
[2026-05-21 17:35:31]       Spearman r=0.3451 (p=3.79e-06), Pearson r=0.4053 (19 genes, 171 pairs)
[2026-05-21 17:35:31]     Task C: Perturbation Direction Prediction...
[2026-05-21 17:35:34]       Pearson r=0.2109±0.6284, MSE=1.1228 (19 pert genes)
[2026-05-21 17:35:34]     Task D: Cell-type-specific Delta Regression...
[2026-05-21 17:35:34]       Skipped (missing cell types or not enough data)
[2026-05-21 17:35:34] 
  --- v4_bias_rec_best ---
[2026-05-21 17:35:34]     Task A: Perturbation Classification...
[2026-05-21 17:37:23]       lr: acc=0.1945±0.0036, f1=0.0980±0.0027 (32693 cells, 19 classes)
[2026-05-21 17:37:23]       mlp: acc=0.2007±0.0064, f1=0.0778±0.0057 (32693 cells, 19 classes)
[2026-05-21 17:37:23]     Task B: Perturbation Effect Similarity...
[2026-05-21 17:37:24]       Spearman r=0.1866 (p=1.45e-02), Pearson r=0.3285 (19 genes, 171 pairs)
[2026-05-21 17:37:24]     Task C: Perturbation Direction Prediction...
[2026-05-21 17:37:25]       Pearson r=0.3645±0.4926, MSE=1.0477 (19 pert genes)
[2026-05-21 17:37:25]     Task D: Cell-type-specific Delta Regression...
[2026-05-21 17:37:25]       Skipped (missing cell types or not enough data)
[2026-05-21 17:37:25] 
  --- v4_plain_best ---
[2026-05-21 17:37:25]     Task A: Perturbation Classification...
[2026-05-21 17:39:07]       lr: acc=0.1933±0.0034, f1=0.0966±0.0039 (32693 cells, 19 classes)
[2026-05-21 17:39:07]       mlp: acc=0.2025±0.0049, f1=0.0824±0.0035 (32693 cells, 19 classes)
[2026-05-21 17:39:07]     Task B: Perturbation Effect Similarity...
[2026-05-21 17:39:08]       Spearman r=0.2172 (p=4.33e-03), Pearson r=0.3195 (19 genes, 171 pairs)
[2026-05-21 17:39:08]     Task C: Perturbation Direction Prediction...
[2026-05-21 17:39:09]       Pearson r=0.2704±0.5775, MSE=1.1358 (19 pert genes)
[2026-05-21 17:39:09]     Task D: Cell-type-specific Delta Regression...
[2026-05-21 17:39:09]       Skipped (missing cell types or not enough data)
[2026-05-21 17:39:09] 
  --- v4_type_pe_best ---
[2026-05-21 17:39:09]     Task A: Perturbation Classification...
[2026-05-21 17:41:04]       lr: acc=0.1937±0.0024, f1=0.0993±0.0036 (32693 cells, 19 classes)
[2026-05-21 17:41:04]       mlp: acc=0.1985±0.0062, f1=0.0861±0.0047 (32693 cells, 19 classes)
[2026-05-21 17:41:04]     Task B: Perturbation Effect Similarity...
[2026-05-21 17:41:05]       Spearman r=0.1561 (p=4.15e-02), Pearson r=0.2966 (19 genes, 171 pairs)
[2026-05-21 17:41:05]     Task C: Perturbation Direction Prediction...
[2026-05-21 17:41:06]       Pearson r=0.2087±0.6377, MSE=1.2516 (19 pert genes)
[2026-05-21 17:41:06]     Task D: Cell-type-specific Delta Regression...
[2026-05-21 17:41:06]       Skipped (missing cell types or not enough data)
[2026-05-21 17:41:06] 
  --- scconcept ---
[2026-05-21 17:41:06]     Task A: Perturbation Classification...
[2026-05-21 17:43:19]       lr: acc=0.1816±0.0034, f1=0.1093±0.0035 (32693 cells, 19 classes)
[2026-05-21 17:43:19]       mlp: acc=0.1929±0.0045, f1=0.0772±0.0009 (32693 cells, 19 classes)
[2026-05-21 17:43:19]     Task B: Perturbation Effect Similarity...
[2026-05-21 17:43:21]       Spearman r=0.0719 (p=3.50e-01), Pearson r=0.0480 (19 genes, 171 pairs)
[2026-05-21 17:43:21]     Task C: Perturbation Direction Prediction...
[2026-05-21 17:43:22]       Pearson r=0.0275±0.3777, MSE=1.2516 (19 pert genes)
[2026-05-21 17:43:22]     Task D: Cell-type-specific Delta Regression...
[2026-05-21 17:43:22]       Skipped (missing cell types or not enough data)
[2026-05-21 17:43:22] 
  --- scconcept_encoded ---
[2026-05-21 17:43:22]     Task A: Perturbation Classification...
[2026-05-21 17:49:45]       lr: acc=0.1864±0.0017, f1=0.1027±0.0033 (32693 cells, 19 classes)
[2026-05-21 17:49:45]       mlp: acc=0.1847±0.0058, f1=0.0750±0.0048 (32693 cells, 19 classes)
[2026-05-21 17:49:45]     Task B: Perturbation Effect Similarity...
[2026-05-21 17:49:47]       Spearman r=0.1526 (p=4.62e-02), Pearson r=0.1513 (19 genes, 171 pairs)
[2026-05-21 17:49:47]     Task C: Perturbation Direction Prediction...
[2026-05-21 17:49:49]       Pearson r=0.2011±0.4710, MSE=1.4201 (19 pert genes)
[2026-05-21 17:49:49]     Task D: Cell-type-specific Delta Regression...
[2026-05-21 17:49:49]       Skipped (missing cell types or not enough data)
[2026-05-21 17:49:49] 
======================================================================
[2026-05-21 17:49:49] Dataset: norman
[2026-05-21 17:49:49] ======================================================================
[2026-05-21 17:49:53]   Cells: 53508 (control=7353, perturbed=46155)
[2026-05-21 17:49:53]   Unique perturbation genes: 100
[2026-05-21 17:49:53] 
  --- minus ---
[2026-05-21 17:49:53]     Task A: Perturbation Classification...
[2026-05-21 17:55:47]       lr: acc=0.4783±0.0036, f1=0.4311±0.0038 (46155 cells, 100 classes)
[2026-05-21 17:55:47]       mlp: acc=0.4126±0.0020, f1=0.3588±0.0013 (46155 cells, 100 classes)
[2026-05-21 17:55:47]     Task B: Perturbation Effect Similarity...
[2026-05-21 17:55:52]       Spearman r=0.0657 (p=3.69e-06), Pearson r=0.0490 (100 genes, 4950 pairs)
[2026-05-21 17:55:52]     Task C: Perturbation Direction Prediction...
[2026-05-21 17:55:55]       Pearson r=0.0446±0.3844, MSE=1.7565 (100 pert genes)
[2026-05-21 17:55:55]     Task D: Cell-type-specific Delta Regression...
[2026-05-21 17:55:55]       Skipped (missing cell types or not enough data)
[2026-05-21 17:55:55] 
  --- baseline ---
[2026-05-21 17:55:55]     Task A: Perturbation Classification...
[2026-05-21 18:01:16]       lr: acc=0.4719±0.0038, f1=0.4244±0.0019 (46155 cells, 100 classes)
[2026-05-21 18:01:16]       mlp: acc=0.4164±0.0042, f1=0.3646±0.0060 (46155 cells, 100 classes)
[2026-05-21 18:01:16]     Task B: Perturbation Effect Similarity...
[2026-05-21 18:01:21]       Spearman r=0.1010 (p=1.06e-12), Pearson r=0.0831 (100 genes, 4950 pairs)
[2026-05-21 18:01:21]     Task C: Perturbation Direction Prediction...
[2026-05-21 18:01:24]       Pearson r=0.1422±0.3693, MSE=1.4938 (100 pert genes)
[2026-05-21 18:01:24]     Task D: Cell-type-specific Delta Regression...
[2026-05-21 18:01:24]       Skipped (missing cell types or not enough data)
[2026-05-21 18:01:24] 
  --- scGPT_human ---
[2026-05-21 18:01:24]     Task A: Perturbation Classification...
[2026-05-21 18:09:22]       lr: acc=0.5063±0.0045, f1=0.4623±0.0076 (46155 cells, 100 classes)
[2026-05-21 18:09:22]       mlp: acc=0.4686±0.0051, f1=0.4203±0.0055 (46155 cells, 100 classes)
[2026-05-21 18:09:22]     Task B: Perturbation Effect Similarity...
[2026-05-21 18:09:31]       Spearman r=0.0682 (p=1.56e-06), Pearson r=0.0476 (100 genes, 4950 pairs)
[2026-05-21 18:09:31]     Task C: Perturbation Direction Prediction...
[2026-05-21 18:09:37]       Pearson r=0.0688±0.3710, MSE=1.2932 (100 pert genes)
[2026-05-21 18:09:37]     Task D: Cell-type-specific Delta Regression...
[2026-05-21 18:09:37]       Skipped (missing cell types or not enough data)
[2026-05-21 18:09:37] 
  --- v4_bias_rec_best ---
[2026-05-21 18:09:37]     Task A: Perturbation Classification...
[2026-05-21 18:15:27]       lr: acc=0.4737±0.0026, f1=0.4247±0.0027 (46155 cells, 100 classes)
[2026-05-21 18:15:27]       mlp: acc=0.3968±0.0049, f1=0.3412±0.0018 (46155 cells, 100 classes)
[2026-05-21 18:15:27]     Task B: Perturbation Effect Similarity...
[2026-05-21 18:15:30]       Spearman r=0.0635 (p=7.74e-06), Pearson r=0.0367 (100 genes, 4950 pairs)
[2026-05-21 18:15:31]     Task C: Perturbation Direction Prediction...
[2026-05-21 18:15:33]       Pearson r=0.0913±0.4080, MSE=1.9016 (100 pert genes)
[2026-05-21 18:15:33]     Task D: Cell-type-specific Delta Regression...
[2026-05-21 18:15:33]       Skipped (missing cell types or not enough data)
[2026-05-21 18:15:33] 
  --- v4_plain_best ---
[2026-05-21 18:15:33]     Task A: Perturbation Classification...
[2026-05-21 18:21:26]       lr: acc=0.4660±0.0049, f1=0.4182±0.0045 (46155 cells, 100 classes)
[2026-05-21 18:21:26]       mlp: acc=0.4146±0.0057, f1=0.3604±0.0033 (46155 cells, 100 classes)
[2026-05-21 18:21:26]     Task B: Perturbation Effect Similarity...
[2026-05-21 18:21:32]       Spearman r=0.0538 (p=1.51e-04), Pearson r=0.0436 (100 genes, 4950 pairs)
[2026-05-21 18:21:32]     Task C: Perturbation Direction Prediction...
[2026-05-21 18:21:36]       Pearson r=0.0855±0.3532, MSE=1.5994 (100 pert genes)
[2026-05-21 18:21:36]     Task D: Cell-type-specific Delta Regression...
[2026-05-21 18:21:36]       Skipped (missing cell types or not enough data)
[2026-05-21 18:21:36] 
  --- v4_type_pe_best ---
[2026-05-21 18:21:36]     Task A: Perturbation Classification...
[2026-05-21 18:28:25]       lr: acc=0.4727±0.0041, f1=0.4272±0.0034 (46155 cells, 100 classes)
[2026-05-21 18:28:25]       mlp: acc=0.4110±0.0047, f1=0.3569±0.0074 (46155 cells, 100 classes)
[2026-05-21 18:28:25]     Task B: Perturbation Effect Similarity...
[2026-05-21 18:28:33]       Spearman r=0.0424 (p=2.87e-03), Pearson r=0.0320 (100 genes, 4950 pairs)
[2026-05-21 18:28:33]     Task C: Perturbation Direction Prediction...
[2026-05-21 18:28:38]       Pearson r=0.0643±0.3467, MSE=1.7082 (100 pert genes)
[2026-05-21 18:28:38]     Task D: Cell-type-specific Delta Regression...
[2026-05-21 18:28:38]       Skipped (missing cell types or not enough data)
[2026-05-21 18:28:38] 
  --- scconcept ---
[2026-05-21 18:28:38]     Task A: Perturbation Classification...
[2026-05-21 18:34:15]       lr: acc=0.4814±0.0035, f1=0.4335±0.0037 (46155 cells, 100 classes)
[2026-05-21 18:34:15]       mlp: acc=0.4708±0.0044, f1=0.4171±0.0059 (46155 cells, 100 classes)
[2026-05-21 18:34:15]     Task B: Perturbation Effect Similarity...
[2026-05-21 18:34:26]       Spearman r=0.0060 (p=6.72e-01), Pearson r=0.0108 (100 genes, 4950 pairs)
[2026-05-21 18:34:26]     Task C: Perturbation Direction Prediction...
[2026-05-21 18:34:35]       Pearson r=0.0739±0.1782, MSE=1.1929 (100 pert genes)
[2026-05-21 18:34:35]     Task D: Cell-type-specific Delta Regression...
[2026-05-21 18:34:35]       Skipped (missing cell types or not enough data)
[2026-05-21 18:34:35] 
  --- scconcept_encoded ---
[2026-05-21 18:34:35]     Task A: Perturbation Classification...
[2026-05-21 18:47:31]       lr: acc=0.4947±0.0019, f1=0.4445±0.0036 (46155 cells, 100 classes)
[2026-05-21 18:47:31]       mlp: acc=0.3493±0.0020, f1=0.2886±0.0040 (46155 cells, 100 classes)
[2026-05-21 18:47:31]     Task B: Perturbation Effect Similarity...
[2026-05-21 18:47:41]       Spearman r=-0.0306 (p=3.13e-02), Pearson r=-0.0360 (100 genes, 4950 pairs)
[2026-05-21 18:47:41]     Task C: Perturbation Direction Prediction...
[2026-05-21 18:47:50]       Pearson r=0.0500±0.3570, MSE=2.0651 (100 pert genes)
[2026-05-21 18:47:50]     Task D: Cell-type-specific Delta Regression...
[2026-05-21 18:47:50]       Skipped (missing cell types or not enough data)
[2026-05-21 18:47:50] 
======================================================================
[2026-05-21 18:47:50] SUMMARY
[2026-05-21 18:47:50] ======================================================================
[2026-05-21 18:47:50] 
--- Task A: Perturbation Classification (LR) ---
[2026-05-21 18:47:50] Dataset         minus                     baseline                  scGPT_human               v4_bias_rec_best          v4_plain_best             v4_type_pe_best           scconcept                 scconcept_encoded        
[2026-05-21 18:47:50] -------------------------------------------------------------------------------------------------------------------------------------------------------------------------------------------------------------------------------
[2026-05-21 18:47:50] adamson         acc=0.2750 f1=0.2436  acc=0.2744 f1=0.2444  acc=0.2897 f1=0.2661  acc=0.2668 f1=0.2347  acc=0.2706 f1=0.2415  acc=0.2716 f1=0.2420  acc=0.2681 f1=0.2421  acc=0.2570 f1=0.2281  
[2026-05-21 18:47:50] dixit           acc=0.1949 f1=0.0966  acc=0.1925 f1=0.0970  acc=0.1846 f1=0.1115  acc=0.1945 f1=0.0980  acc=0.1933 f1=0.0966  acc=0.1937 f1=0.0993  acc=0.1816 f1=0.1093  acc=0.1864 f1=0.1027  
[2026-05-21 18:47:50] norman          acc=0.4783 f1=0.4311  acc=0.4719 f1=0.4244  acc=0.5063 f1=0.4623  acc=0.4737 f1=0.4247  acc=0.4660 f1=0.4182  acc=0.4727 f1=0.4272  acc=0.4814 f1=0.4335  acc=0.4947 f1=0.4445  
[2026-05-21 18:47:50] 
--- Task B: Perturbation Effect Similarity ---
[2026-05-21 18:47:50] Dataset         minus                baseline             scGPT_human          v4_bias_rec_best     v4_plain_best        v4_type_pe_best      scconcept            scconcept_encoded   
[2026-05-21 18:47:50] ---------------------------------------------------------------------------------------------------------------------------------------------------------------------------------------
[2026-05-21 18:47:50] adamson         ρ=0.1633           ρ=0.1382           ρ=0.1323           ρ=0.1001           ρ=0.1152           ρ=0.1198           ρ=0.0306           ρ=-0.0086           
[2026-05-21 18:47:50] dixit           ρ=0.2499           ρ=0.2025           ρ=0.3451           ρ=0.1866           ρ=0.2172           ρ=0.1561           ρ=0.0719           ρ=0.1526           
[2026-05-21 18:47:50] norman          ρ=0.0657           ρ=0.1010           ρ=0.0682           ρ=0.0635           ρ=0.0538           ρ=0.0424           ρ=0.0060           ρ=-0.0306           
[2026-05-21 18:47:50] 
--- Task C: Perturbation Direction Prediction ---
[2026-05-21 18:47:50] Dataset         minus                baseline             scGPT_human          v4_bias_rec_best     v4_plain_best        v4_type_pe_best      scconcept            scconcept_encoded   
[2026-05-21 18:47:50] ---------------------------------------------------------------------------------------------------------------------------------------------------------------------------------------
[2026-05-21 18:47:50] adamson         r=0.1294            r=0.1006            r=0.1676            r=0.1473            r=0.0751            r=0.1097            r=0.0152            r=0.0932            
[2026-05-21 18:47:50] dixit           r=0.2459            r=0.2683            r=0.2109            r=0.3645            r=0.2704            r=0.2087            r=0.0275            r=0.2011            
[2026-05-21 18:47:50] norman          r=0.0446            r=0.1422            r=0.0688            r=0.0913            r=0.0855            r=0.0643            r=0.0739            r=0.0500            
[2026-05-21 18:47:50] 
Results saved to /bigdata2/hyt/projects/scbenchmark_xjq/comparison-SC-embedding/perturbation_benchmark/perturbation_results.csv
[2026-05-21 18:47:50] 
Done!
