[2026-05-28 11:52:28] ======================================================================
[2026-05-28 11:52:28] GRN Benchmark - Embedding Only (No Expression)
[2026-05-28 11:52:28] ======================================================================
[2026-05-28 11:52:28] Datasets to evaluate (4): ['hHep500', 'mHSC-E500', 'mHSC-GM500', 'mHSC-L500']
[2026-05-28 11:52:28] Vocab: 60697 genes
[2026-05-28 11:52:29] Loaded minus: (60697, 256)
[2026-05-28 11:52:29] Loaded baseline: (60697, 256)
[2026-05-28 11:55:00] ======================================================================
[2026-05-28 11:55:00] GRN Benchmark - Embedding Only (No Expression)
[2026-05-28 11:55:00] ======================================================================
[2026-05-28 11:55:00] Datasets to evaluate (4): ['hHep500', 'mHSC-E500', 'mHSC-GM500', 'mHSC-L500']
[2026-05-28 11:55:00] Vocab: 60697 genes
[2026-05-28 11:55:00] Loaded minus: (60697, 256)
[2026-05-28 11:55:01] Loaded baseline: (60697, 256)
[2026-05-28 13:05:04] ======================================================================
[2026-05-28 13:05:04] GRN Benchmark - Embedding Only (No Expression)
[2026-05-28 13:05:04] ======================================================================
[2026-05-28 13:05:04] Datasets to evaluate (4): ['hHep500', 'mHSC-E500', 'mHSC-GM500', 'mHSC-L500']
[2026-05-28 13:05:04] Vocab: 60697 genes
[2026-05-28 13:05:04] Loaded minus: (60697, 256)
[2026-05-28 13:05:04] Loaded baseline: (60697, 256)
[2026-05-28 13:05:04] Loaded scGPT_human: (60697, 512)
[2026-05-28 13:05:04] Loaded v4_bias_rec_best: (60697, 256)
[2026-05-28 13:05:04] Loaded v4_plain_best: (60697, 256)
[2026-05-28 13:05:04] Loaded v4_type_pe_best: (60697, 256)
[2026-05-28 13:05:04] Loaded scconcept: (60697, 512)
[2026-05-28 13:05:04] Loaded scconcept_encoded: (60697, 512)
[2026-05-28 13:05:04] Adding random embedding baseline (256-dim)...
[2026-05-28 13:05:04] 
======================================================================
[2026-05-28 13:05:04] Dataset: hHep500 (500 genes)
[2026-05-28 13:05:04] ======================================================================
[2026-05-28 13:05:04] Train: 4 pairs (pos=2, neg=2)
[2026-05-28 13:05:04] Val:   0 pairs (pos=0, neg=0)
[2026-05-28 13:05:04] Test:  2 pairs (pos=1, neg=1)
[2026-05-28 13:05:04] 
Embedding            Clf     Coverage        AUROC        AUPRC
[2026-05-28 13:05:04] -----------------------------------------------------------------
[2026-05-28 13:05:04] minus                lr       487/500      0.0000      0.5000
[2026-05-28 13:05:04] minus                mlp      487/500 ERROR: The test_size = 1 should be greater or equal to the number of classes = 2
[2026-05-28 13:05:04] baseline             lr       487/500      1.0000      1.0000
[2026-05-28 13:05:04] baseline             mlp      487/500 ERROR: The test_size = 1 should be greater or equal to the number of classes = 2
[2026-05-28 13:05:04] scGPT_human          lr       487/500      1.0000      1.0000
[2026-05-28 13:05:04] scGPT_human          mlp      487/500 ERROR: The test_size = 1 should be greater or equal to the number of classes = 2
[2026-05-28 13:05:04] v4_bias_rec_best     lr       487/500      1.0000      1.0000
[2026-05-28 13:05:05] v4_bias_rec_best     mlp      487/500 ERROR: The test_size = 1 should be greater or equal to the number of classes = 2
[2026-05-28 13:05:05] v4_plain_best        lr       487/500      1.0000      1.0000
[2026-05-28 13:05:05] v4_plain_best        mlp      487/500 ERROR: The test_size = 1 should be greater or equal to the number of classes = 2
[2026-05-28 13:05:05] v4_type_pe_best      lr       487/500      0.0000      0.5000
[2026-05-28 13:05:05] v4_type_pe_best      mlp      487/500 ERROR: The test_size = 1 should be greater or equal to the number of classes = 2
[2026-05-28 13:05:05] scconcept            lr       487/500      0.0000      0.5000
[2026-05-28 13:05:05] scconcept            mlp      487/500 ERROR: The test_size = 1 should be greater or equal to the number of classes = 2
[2026-05-28 13:05:05] scconcept_encoded    lr       487/500      1.0000      1.0000
[2026-05-28 13:05:05] scconcept_encoded    mlp      487/500 ERROR: The test_size = 1 should be greater or equal to the number of classes = 2
[2026-05-28 13:05:05] random_256           lr       910/910      1.0000      1.0000
[2026-05-28 13:05:05] random_256           mlp   ERROR: The test_size = 1 should be greater or equal to the number of classes = 2
[2026-05-28 13:05:05] 
======================================================================
[2026-05-28 13:05:05] Dataset: mHSC-E500 (500 genes)
[2026-05-28 13:05:05] ======================================================================
[2026-05-28 13:05:05] Train: 1099 pairs (pos=705, neg=394)
[2026-05-28 13:05:05] Val:   156 pairs (pos=100, neg=56)
[2026-05-28 13:05:05] Test:  317 pairs (pos=203, neg=114)
[2026-05-28 13:05:05] 
Embedding            Clf     Coverage        AUROC        AUPRC
[2026-05-28 13:05:05] -----------------------------------------------------------------
[2026-05-28 13:05:05] minus                lr       457/500      0.6623      0.7530
[2026-05-28 13:05:05] minus                mlp      457/500      0.6563      0.7851
[2026-05-28 13:05:05] baseline             lr       457/500      0.6293      0.7544
[2026-05-28 13:05:06] baseline             mlp      457/500      0.7151      0.8333
[2026-05-28 13:05:06] scGPT_human          lr       457/500      0.6945      0.7933
[2026-05-28 13:05:07] scGPT_human          mlp      457/500      0.7176      0.8160
[2026-05-28 13:05:07] v4_bias_rec_best     lr       457/500      0.6166      0.7362
[2026-05-28 13:05:08] v4_bias_rec_best     mlp      457/500      0.6989      0.8175
[2026-05-28 13:05:08] v4_plain_best        lr       457/500      0.6377      0.7350
[2026-05-28 13:05:08] v4_plain_best        mlp      457/500      0.6825      0.7942
[2026-05-28 13:05:08] v4_type_pe_best      lr       457/500      0.6634      0.7582
[2026-05-28 13:05:09] v4_type_pe_best      mlp      457/500      0.7002      0.8122
[2026-05-28 13:05:09] scconcept            lr       457/500      0.5632      0.6975
[2026-05-28 13:05:10] scconcept            mlp      457/500      0.6451      0.7867
[2026-05-28 13:05:10] scconcept_encoded    lr       457/500      0.6020      0.7554
[2026-05-28 13:05:11] scconcept_encoded    mlp      457/500      0.6430      0.7716
[2026-05-28 13:05:11] random_256           lr       910/910      0.5594      0.6928
[2026-05-28 13:05:11] random_256           mlp      910/910      0.6146      0.7526
[2026-05-28 13:05:12] 
======================================================================
[2026-05-28 13:05:12] Dataset: mHSC-GM500 (500 genes)
[2026-05-28 13:05:12] ======================================================================
[2026-05-28 13:05:12] Train: 1807 pairs (pos=1107, neg=700)
[2026-05-28 13:05:12] Val:   258 pairs (pos=158, neg=100)
[2026-05-28 13:05:12] Test:  517 pairs (pos=317, neg=200)
[2026-05-28 13:05:12] 
Embedding            Clf     Coverage        AUROC        AUPRC
[2026-05-28 13:05:12] -----------------------------------------------------------------
[2026-05-28 13:05:12] minus                lr       449/500      0.7135      0.7689
[2026-05-28 13:05:12] minus                mlp      449/500      0.7291      0.8103
[2026-05-28 13:05:13] baseline             lr       449/500      0.7085      0.7767
[2026-05-28 13:05:13] baseline             mlp      449/500      0.7438      0.8232
[2026-05-28 13:05:14] scGPT_human          lr       449/500      0.6959      0.7388
[2026-05-28 13:05:15] scGPT_human          mlp      449/500      0.7471      0.8115
[2026-05-28 13:05:15] v4_bias_rec_best     lr       449/500      0.7291      0.7974
[2026-05-28 13:05:16] v4_bias_rec_best     mlp      449/500      0.7453      0.8160
[2026-05-28 13:05:16] v4_plain_best        lr       449/500      0.7279      0.7834
[2026-05-28 13:05:17] v4_plain_best        mlp      449/500      0.7271      0.8092
[2026-05-28 13:05:17] v4_type_pe_best      lr       449/500      0.7420      0.7995
[2026-05-28 13:05:18] v4_type_pe_best      mlp      449/500      0.7511      0.8221
[2026-05-28 13:05:18] scconcept            lr       449/500      0.6485      0.7018
[2026-05-28 13:05:19] scconcept            mlp      449/500      0.6924      0.7638
[2026-05-28 13:05:20] scconcept_encoded    lr       449/500      0.6802      0.7477
[2026-05-28 13:05:21] scconcept_encoded    mlp      449/500      0.6501      0.7518
[2026-05-28 13:05:21] random_256           lr       910/910      0.6790      0.7619
[2026-05-28 13:05:22] random_256           mlp      910/910      0.6510      0.7617
[2026-05-28 13:05:22] 
======================================================================
[2026-05-28 13:05:22] Dataset: mHSC-L500 (500 genes)
[2026-05-28 13:05:22] ======================================================================
[2026-05-28 13:05:22] Train: 2269 pairs (pos=1404, neg=865)
[2026-05-28 13:05:22] Val:   323 pairs (pos=200, neg=123)
[2026-05-28 13:05:22] Test:  652 pairs (pos=403, neg=249)
[2026-05-28 13:05:22] 
Embedding            Clf     Coverage        AUROC        AUPRC
[2026-05-28 13:05:22] -----------------------------------------------------------------
[2026-05-28 13:05:22] minus                lr       442/500      0.7489      0.8118
[2026-05-28 13:05:24] minus                mlp      442/500      0.7715      0.8420
[2026-05-28 13:05:24] baseline             lr       442/500      0.7397      0.8070
[2026-05-28 13:05:25] baseline             mlp      442/500      0.7435      0.8200
[2026-05-28 13:05:26] scGPT_human          lr       442/500      0.7336      0.8090
[2026-05-28 13:05:27] scGPT_human          mlp      442/500      0.7700      0.8286
[2026-05-28 13:05:28] v4_bias_rec_best     lr       442/500      0.7288      0.7922
[2026-05-28 13:05:29] v4_bias_rec_best     mlp      442/500      0.7528      0.8148
[2026-05-28 13:05:29] v4_plain_best        lr       442/500      0.7467      0.8122
[2026-05-28 13:05:31] v4_plain_best        mlp      442/500      0.7761      0.8412
[2026-05-28 13:05:31] v4_type_pe_best      lr       442/500      0.7356      0.8161
[2026-05-28 13:05:32] v4_type_pe_best      mlp      442/500      0.7663      0.8410
[2026-05-28 13:05:32] scconcept            lr       442/500      0.7202      0.7907
[2026-05-28 13:05:34] scconcept            mlp      442/500      0.7168      0.7988
[2026-05-28 13:05:34] scconcept_encoded    lr       442/500      0.7046      0.7848
[2026-05-28 13:05:37] scconcept_encoded    mlp      442/500      0.7025      0.7797
[2026-05-28 13:05:37] random_256           lr       910/910      0.6978      0.7965
[2026-05-28 13:05:38] random_256           mlp      910/910      0.7120      0.8035
[2026-05-28 13:05:38] 
======================================================================
[2026-05-28 13:05:38] CROSS-DATASET TRANSFER
[2026-05-28 13:05:38] ======================================================================
[2026-05-28 13:05:38] 
Transfer: train=hHep500 -> test=mHSC-E500
[2026-05-28 13:05:38] Embedding            Clf           Coverage        AUROC        AUPRC
[2026-05-28 13:05:38] ---------------------------------------------------------------------------
[2026-05-28 13:05:38] minus                lr    487/500->457/500      0.5506      0.6846
[2026-05-28 13:05:38] minus                mlp   487/500->457/500 ERROR: The test_size = 1 should be greater or equal to the number of classes = 2
[2026-05-28 13:05:38] baseline             lr    487/500->457/500      0.5439      0.6973
[2026-05-28 13:05:38] baseline             mlp   487/500->457/500 ERROR: The test_size = 1 should be greater or equal to the number of classes = 2
[2026-05-28 13:05:38] scGPT_human          lr    487/500->457/500      0.5332      0.6850
[2026-05-28 13:05:38] scGPT_human          mlp   487/500->457/500 ERROR: The test_size = 1 should be greater or equal to the number of classes = 2
[2026-05-28 13:05:38] v4_bias_rec_best     lr    487/500->457/500      0.4975      0.6320
[2026-05-28 13:05:38] v4_bias_rec_best     mlp   487/500->457/500 ERROR: The test_size = 1 should be greater or equal to the number of classes = 2
[2026-05-28 13:05:38] v4_plain_best        lr    487/500->457/500      0.4505      0.5982
[2026-05-28 13:05:38] v4_plain_best        mlp   487/500->457/500 ERROR: The test_size = 1 should be greater or equal to the number of classes = 2
[2026-05-28 13:05:38] v4_type_pe_best      lr    487/500->457/500      0.5505      0.7117
[2026-05-28 13:05:38] v4_type_pe_best      mlp   487/500->457/500 ERROR: The test_size = 1 should be greater or equal to the number of classes = 2
[2026-05-28 13:05:38] scconcept            lr    487/500->457/500      0.5593      0.6708
[2026-05-28 13:05:38] scconcept            mlp   487/500->457/500 ERROR: The test_size = 1 should be greater or equal to the number of classes = 2
[2026-05-28 13:05:38] scconcept_encoded    lr    487/500->457/500      0.5047      0.6273
[2026-05-28 13:05:38] scconcept_encoded    mlp   487/500->457/500 ERROR: The test_size = 1 should be greater or equal to the number of classes = 2
[2026-05-28 13:05:38] 
Transfer: train=hHep500 -> test=mHSC-GM500
[2026-05-28 13:05:38] Embedding            Clf           Coverage        AUROC        AUPRC
[2026-05-28 13:05:38] ---------------------------------------------------------------------------
[2026-05-28 13:05:38] minus                lr    487/500->449/500      0.5402      0.6243
[2026-05-28 13:05:38] minus                mlp   487/500->449/500 ERROR: The test_size = 1 should be greater or equal to the number of classes = 2
[2026-05-28 13:05:38] baseline             lr    487/500->449/500      0.4845      0.6098
[2026-05-28 13:05:38] baseline             mlp   487/500->449/500 ERROR: The test_size = 1 should be greater or equal to the number of classes = 2
[2026-05-28 13:05:38] scGPT_human          lr    487/500->449/500      0.5873      0.7006
[2026-05-28 13:05:38] scGPT_human          mlp   487/500->449/500 ERROR: The test_size = 1 should be greater or equal to the number of classes = 2
[2026-05-28 13:05:38] v4_bias_rec_best     lr    487/500->449/500      0.5295      0.6466
[2026-05-28 13:05:38] v4_bias_rec_best     mlp   487/500->449/500 ERROR: The test_size = 1 should be greater or equal to the number of classes = 2
[2026-05-28 13:05:38] v4_plain_best        lr    487/500->449/500      0.4632      0.5818
[2026-05-28 13:05:38] v4_plain_best        mlp   487/500->449/500 ERROR: The test_size = 1 should be greater or equal to the number of classes = 2
[2026-05-28 13:05:38] v4_type_pe_best      lr    487/500->449/500      0.5060      0.6291
[2026-05-28 13:05:38] v4_type_pe_best      mlp   487/500->449/500 ERROR: The test_size = 1 should be greater or equal to the number of classes = 2
[2026-05-28 13:05:38] scconcept            lr    487/500->449/500      0.5451      0.6381
[2026-05-28 13:05:38] scconcept            mlp   487/500->449/500 ERROR: The test_size = 1 should be greater or equal to the number of classes = 2
[2026-05-28 13:05:38] scconcept_encoded    lr    487/500->449/500      0.5279      0.6269
[2026-05-28 13:05:38] scconcept_encoded    mlp   487/500->449/500 ERROR: The test_size = 1 should be greater or equal to the number of classes = 2
[2026-05-28 13:05:38] 
Transfer: train=hHep500 -> test=mHSC-L500
[2026-05-28 13:05:38] Embedding            Clf           Coverage        AUROC        AUPRC
[2026-05-28 13:05:38] ---------------------------------------------------------------------------
[2026-05-28 13:05:39] minus                lr    487/500->442/500      0.5037      0.6115
[2026-05-28 13:05:39] minus                mlp   487/500->442/500 ERROR: The test_size = 1 should be greater or equal to the number of classes = 2
[2026-05-28 13:05:39] baseline             lr    487/500->442/500      0.4712      0.6167
[2026-05-28 13:05:39] baseline             mlp   487/500->442/500 ERROR: The test_size = 1 should be greater or equal to the number of classes = 2
[2026-05-28 13:05:39] scGPT_human          lr    487/500->442/500      0.5215      0.6531
[2026-05-28 13:05:39] scGPT_human          mlp   487/500->442/500 ERROR: The test_size = 1 should be greater or equal to the number of classes = 2
[2026-05-28 13:05:39] v4_bias_rec_best     lr    487/500->442/500      0.4859      0.6041
[2026-05-28 13:05:39] v4_bias_rec_best     mlp   487/500->442/500 ERROR: The test_size = 1 should be greater or equal to the number of classes = 2
[2026-05-28 13:05:39] v4_plain_best        lr    487/500->442/500      0.5105      0.6257
[2026-05-28 13:05:39] v4_plain_best        mlp   487/500->442/500 ERROR: The test_size = 1 should be greater or equal to the number of classes = 2
[2026-05-28 13:05:39] v4_type_pe_best      lr    487/500->442/500      0.4932      0.6242
[2026-05-28 13:05:39] v4_type_pe_best      mlp   487/500->442/500 ERROR: The test_size = 1 should be greater or equal to the number of classes = 2
[2026-05-28 13:05:39] scconcept            lr    487/500->442/500      0.5184      0.6223
[2026-05-28 13:05:39] scconcept            mlp   487/500->442/500 ERROR: The test_size = 1 should be greater or equal to the number of classes = 2
[2026-05-28 13:05:39] scconcept_encoded    lr    487/500->442/500      0.5047      0.6178
[2026-05-28 13:05:39] scconcept_encoded    mlp   487/500->442/500 ERROR: The test_size = 1 should be greater or equal to the number of classes = 2
[2026-05-28 13:05:39] 
Transfer: train=mHSC-E500 -> test=hHep500
[2026-05-28 13:05:39] Embedding            Clf           Coverage        AUROC        AUPRC
[2026-05-28 13:05:39] ---------------------------------------------------------------------------
[2026-05-28 13:05:39] minus                lr    457/500->487/500      1.0000      1.0000
[2026-05-28 13:05:39] minus                mlp   457/500->487/500      1.0000      1.0000
[2026-05-28 13:05:39] baseline             lr    457/500->487/500      1.0000      1.0000
[2026-05-28 13:05:40] baseline             mlp   457/500->487/500      1.0000      1.0000
[2026-05-28 13:05:40] scGPT_human          lr    457/500->487/500      0.0000      0.5000
[2026-05-28 13:05:41] scGPT_human          mlp   457/500->487/500      0.0000      0.5000
[2026-05-28 13:05:41] v4_bias_rec_best     lr    457/500->487/500      1.0000      1.0000
[2026-05-28 13:05:42] v4_bias_rec_best     mlp   457/500->487/500      1.0000      1.0000
[2026-05-28 13:05:42] v4_plain_best        lr    457/500->487/500      0.0000      0.5000
[2026-05-28 13:05:42] v4_plain_best        mlp   457/500->487/500      0.0000      0.5000
[2026-05-28 13:05:42] v4_type_pe_best      lr    457/500->487/500      0.0000      0.5000
[2026-05-28 13:05:43] v4_type_pe_best      mlp   457/500->487/500      1.0000      1.0000
[2026-05-28 13:05:43] scconcept            lr    457/500->487/500      0.0000      0.5000
[2026-05-28 13:05:44] scconcept            mlp   457/500->487/500      0.0000      0.5000
[2026-05-28 13:05:44] scconcept_encoded    lr    457/500->487/500      0.0000      0.5000
[2026-05-28 13:05:45] scconcept_encoded    mlp   457/500->487/500      0.0000      0.5000
[2026-05-28 13:05:45] 
Transfer: train=mHSC-E500 -> test=mHSC-GM500
[2026-05-28 13:05:45] Embedding            Clf           Coverage        AUROC        AUPRC
[2026-05-28 13:05:45] ---------------------------------------------------------------------------
[2026-05-28 13:05:45] minus                lr    457/500->449/500      0.6231      0.6947
[2026-05-28 13:05:45] minus                mlp   457/500->449/500      0.6446      0.7481
[2026-05-28 13:05:45] baseline             lr    457/500->449/500      0.6586      0.7518
[2026-05-28 13:05:46] baseline             mlp   457/500->449/500      0.7016      0.8069
[2026-05-28 13:05:46] scGPT_human          lr    457/500->449/500      0.6391      0.7278
[2026-05-28 13:05:47] scGPT_human          mlp   457/500->449/500      0.6934      0.7951
[2026-05-28 13:05:48] v4_bias_rec_best     lr    457/500->449/500      0.5646      0.6545
[2026-05-28 13:05:48] v4_bias_rec_best     mlp   457/500->449/500      0.6565      0.7838
[2026-05-28 13:05:48] v4_plain_best        lr    457/500->449/500      0.6376      0.7146
[2026-05-28 13:05:48] v4_plain_best        mlp   457/500->449/500      0.6363      0.7619
[2026-05-28 13:05:49] v4_type_pe_best      lr    457/500->449/500      0.6152      0.6998
[2026-05-28 13:05:49] v4_type_pe_best      mlp   457/500->449/500      0.6909      0.7898
[2026-05-28 13:05:50] scconcept            lr    457/500->449/500      0.5719      0.6475
[2026-05-28 13:05:50] scconcept            mlp   457/500->449/500      0.6373      0.7374
[2026-05-28 13:05:51] scconcept_encoded    lr    457/500->449/500      0.5797      0.6581
[2026-05-28 13:05:51] scconcept_encoded    mlp   457/500->449/500      0.5707      0.6995
[2026-05-28 13:05:51] 
Transfer: train=mHSC-E500 -> test=mHSC-L500
[2026-05-28 13:05:51] Embedding            Clf           Coverage        AUROC        AUPRC
[2026-05-28 13:05:51] ---------------------------------------------------------------------------
[2026-05-28 13:05:51] minus                lr    457/500->442/500      0.5925      0.6722
[2026-05-28 13:05:52] minus                mlp   457/500->442/500      0.6272      0.7387
[2026-05-28 13:05:52] baseline             lr    457/500->442/500      0.5783      0.6557
[2026-05-28 13:05:52] baseline             mlp   457/500->442/500      0.6813      0.7790
[2026-05-28 13:05:52] scGPT_human          lr    457/500->442/500      0.6532      0.7382
[2026-05-28 13:05:54] scGPT_human          mlp   457/500->442/500      0.6883      0.7841
[2026-05-28 13:05:54] v4_bias_rec_best     lr    457/500->442/500      0.5672      0.6605
[2026-05-28 13:05:54] v4_bias_rec_best     mlp   457/500->442/500      0.6477      0.7613
[2026-05-28 13:05:54] v4_plain_best        lr    457/500->442/500      0.6103      0.6827
[2026-05-28 13:05:55] v4_plain_best        mlp   457/500->442/500      0.6491      0.7670
[2026-05-28 13:05:55] v4_type_pe_best      lr    457/500->442/500      0.6078      0.6764
[2026-05-28 13:05:56] v4_type_pe_best      mlp   457/500->442/500      0.6868      0.7853
[2026-05-28 13:05:56] scconcept            lr    457/500->442/500      0.5845      0.6825
[2026-05-28 13:05:57] scconcept            mlp   457/500->442/500      0.6550      0.7606
[2026-05-28 13:05:57] scconcept_encoded    lr    457/500->442/500      0.5621      0.6481
[2026-05-28 13:05:58] scconcept_encoded    mlp   457/500->442/500      0.5883      0.7342
[2026-05-28 13:05:58] 
Transfer: train=mHSC-GM500 -> test=hHep500
[2026-05-28 13:05:58] Embedding            Clf           Coverage        AUROC        AUPRC
[2026-05-28 13:05:58] ---------------------------------------------------------------------------
[2026-05-28 13:05:58] minus                lr    449/500->487/500      0.0000      0.5000
[2026-05-28 13:05:58] minus                mlp   449/500->487/500      0.0000      0.5000
[2026-05-28 13:05:59] baseline             lr    449/500->487/500      1.0000      1.0000
[2026-05-28 13:05:59] baseline             mlp   449/500->487/500      1.0000      1.0000
[2026-05-28 13:06:00] scGPT_human          lr    449/500->487/500      1.0000      1.0000
[2026-05-28 13:06:01] scGPT_human          mlp   449/500->487/500      1.0000      1.0000
[2026-05-28 13:06:01] v4_bias_rec_best     lr    449/500->487/500      1.0000      1.0000
[2026-05-28 13:06:02] v4_bias_rec_best     mlp   449/500->487/500      1.0000      1.0000
[2026-05-28 13:06:02] v4_plain_best        lr    449/500->487/500      1.0000      1.0000
[2026-05-28 13:06:03] v4_plain_best        mlp   449/500->487/500      1.0000      1.0000
[2026-05-28 13:06:03] v4_type_pe_best      lr    449/500->487/500      0.0000      0.5000
[2026-05-28 13:06:04] v4_type_pe_best      mlp   449/500->487/500      1.0000      1.0000
[2026-05-28 13:06:04] scconcept            lr    449/500->487/500      1.0000      1.0000
[2026-05-28 13:06:05] scconcept            mlp   449/500->487/500      0.0000      0.5000
[2026-05-28 13:06:06] scconcept_encoded    lr    449/500->487/500      1.0000      1.0000
[2026-05-28 13:06:07] scconcept_encoded    mlp   449/500->487/500      0.0000      0.5000
[2026-05-28 13:06:07] 
Transfer: train=mHSC-GM500 -> test=mHSC-E500
[2026-05-28 13:06:07] Embedding            Clf           Coverage        AUROC        AUPRC
[2026-05-28 13:06:07] ---------------------------------------------------------------------------
[2026-05-28 13:06:07] minus                lr    449/500->457/500      0.6895      0.7809
[2026-05-28 13:06:08] minus                mlp   449/500->457/500      0.7371      0.8257
[2026-05-28 13:06:08] baseline             lr    449/500->457/500      0.6742      0.7695
[2026-05-28 13:06:08] baseline             mlp   449/500->457/500      0.7496      0.8310
[2026-05-28 13:06:09] scGPT_human          lr    449/500->457/500      0.6166      0.7136
[2026-05-28 13:06:10] scGPT_human          mlp   449/500->457/500      0.7381      0.8344
[2026-05-28 13:06:10] v4_bias_rec_best     lr    449/500->457/500      0.6553      0.7535
[2026-05-28 13:06:11] v4_bias_rec_best     mlp   449/500->457/500      0.7619      0.8430
[2026-05-28 13:06:11] v4_plain_best        lr    449/500->457/500      0.6638      0.7383
[2026-05-28 13:06:12] v4_plain_best        mlp   449/500->457/500      0.7080      0.7963
[2026-05-28 13:06:12] v4_type_pe_best      lr    449/500->457/500      0.5953      0.6776
[2026-05-28 13:06:13] v4_type_pe_best      mlp   449/500->457/500      0.7261      0.8323
[2026-05-28 13:06:13] scconcept            lr    449/500->457/500      0.7051      0.7909
[2026-05-28 13:06:14] scconcept            mlp   449/500->457/500      0.7610      0.8193
[2026-05-28 13:06:15] scconcept_encoded    lr    449/500->457/500      0.6478      0.7275
[2026-05-28 13:06:16] scconcept_encoded    mlp   449/500->457/500      0.6396      0.7729
[2026-05-28 13:06:16] 
Transfer: train=mHSC-GM500 -> test=mHSC-L500
[2026-05-28 13:06:16] Embedding            Clf           Coverage        AUROC        AUPRC
[2026-05-28 13:06:16] ---------------------------------------------------------------------------
[2026-05-28 13:06:16] minus                lr    449/500->442/500      0.7134      0.7835
[2026-05-28 13:06:17] minus                mlp   449/500->442/500      0.8189      0.8742
[2026-05-28 13:06:17] baseline             lr    449/500->442/500      0.7365      0.7871
[2026-05-28 13:06:17] baseline             mlp   449/500->442/500      0.7750      0.8398
[2026-05-28 13:06:18] scGPT_human          lr    449/500->442/500      0.7537      0.7897
[2026-05-28 13:06:19] scGPT_human          mlp   449/500->442/500      0.8219      0.8710
[2026-05-28 13:06:19] v4_bias_rec_best     lr    449/500->442/500      0.6989      0.7631
[2026-05-28 13:06:20] v4_bias_rec_best     mlp   449/500->442/500      0.8061      0.8633
[2026-05-28 13:06:20] v4_plain_best        lr    449/500->442/500      0.7469      0.8024
[2026-05-28 13:06:21] v4_plain_best        mlp   449/500->442/500      0.8035      0.8631
[2026-05-28 13:06:21] v4_type_pe_best      lr    449/500->442/500      0.7295      0.7888
[2026-05-28 13:06:22] v4_type_pe_best      mlp   449/500->442/500      0.7941      0.8640
[2026-05-28 13:06:22] scconcept            lr    449/500->442/500      0.7201      0.7551
[2026-05-28 13:06:25] scconcept            mlp   449/500->442/500      0.8031      0.8513
[2026-05-28 13:06:26] scconcept_encoded    lr    449/500->442/500      0.7250      0.7737
[2026-05-28 13:06:28] scconcept_encoded    mlp   449/500->442/500      0.7119      0.8052
[2026-05-28 13:06:28] 
Transfer: train=mHSC-L500 -> test=hHep500
[2026-05-28 13:06:28] Embedding            Clf           Coverage        AUROC        AUPRC
[2026-05-28 13:06:28] ---------------------------------------------------------------------------
[2026-05-28 13:06:28] minus                lr    442/500->487/500      0.0000      0.5000
[2026-05-28 13:06:32] minus                mlp   442/500->487/500      1.0000      1.0000
[2026-05-28 13:06:32] baseline             lr    442/500->487/500      1.0000      1.0000
[2026-05-28 13:06:35] baseline             mlp   442/500->487/500      1.0000      1.0000
[2026-05-28 13:06:35] scGPT_human          lr    442/500->487/500      0.0000      0.5000
[2026-05-28 13:06:39] scGPT_human          mlp   442/500->487/500      0.0000      0.5000
[2026-05-28 13:06:39] v4_bias_rec_best     lr    442/500->487/500      1.0000      1.0000
[2026-05-28 13:06:42] v4_bias_rec_best     mlp   442/500->487/500      1.0000      1.0000
[2026-05-28 13:06:42] v4_plain_best        lr    442/500->487/500      0.0000      0.5000
[2026-05-28 13:06:46] v4_plain_best        mlp   442/500->487/500      1.0000      1.0000
[2026-05-28 13:06:46] v4_type_pe_best      lr    442/500->487/500      1.0000      1.0000
[2026-05-28 13:06:48] v4_type_pe_best      mlp   442/500->487/500      1.0000      1.0000
[2026-05-28 13:06:48] scconcept            lr    442/500->487/500      1.0000      1.0000
[2026-05-28 13:06:51] scconcept            mlp   442/500->487/500      0.0000      0.5000
[2026-05-28 13:06:52] scconcept_encoded    lr    442/500->487/500      0.0000      0.5000
[2026-05-28 13:06:57] scconcept_encoded    mlp   442/500->487/500      0.0000      0.5000
[2026-05-28 13:06:57] 
Transfer: train=mHSC-L500 -> test=mHSC-E500
[2026-05-28 13:06:57] Embedding            Clf           Coverage        AUROC        AUPRC
[2026-05-28 13:06:57] ---------------------------------------------------------------------------
[2026-05-28 13:06:57] minus                lr    442/500->457/500      0.6686      0.7599
[2026-05-28 13:07:01] minus                mlp   442/500->457/500      0.7345      0.8187
[2026-05-28 13:07:02] baseline             lr    442/500->457/500      0.6791      0.7849
[2026-05-28 13:07:04] baseline             mlp   442/500->457/500      0.7476      0.8292
[2026-05-28 13:07:04] scGPT_human          lr    442/500->457/500      0.6316      0.7278
[2026-05-28 13:07:08] scGPT_human          mlp   442/500->457/500      0.7291      0.8188
[2026-05-28 13:07:08] v4_bias_rec_best     lr    442/500->457/500      0.6563      0.7495
[2026-05-28 13:07:11] v4_bias_rec_best     mlp   442/500->457/500      0.6979      0.7816
[2026-05-28 13:07:11] v4_plain_best        lr    442/500->457/500      0.6058      0.6973
[2026-05-28 13:07:14] v4_plain_best        mlp   442/500->457/500      0.7139      0.8029
[2026-05-28 13:07:15] v4_type_pe_best      lr    442/500->457/500      0.6045      0.7088
[2026-05-28 13:07:17] v4_type_pe_best      mlp   442/500->457/500      0.7452      0.8247
[2026-05-28 13:07:17] scconcept            lr    442/500->457/500      0.5969      0.7010
[2026-05-28 13:07:20] scconcept            mlp   442/500->457/500      0.7024      0.8040
[2026-05-28 13:07:21] scconcept_encoded    lr    442/500->457/500      0.6115      0.7112
[2026-05-28 13:07:27] scconcept_encoded    mlp   442/500->457/500      0.6379      0.7545
[2026-05-28 13:07:27] 
Transfer: train=mHSC-L500 -> test=mHSC-GM500
[2026-05-28 13:07:27] Embedding            Clf           Coverage        AUROC        AUPRC
[2026-05-28 13:07:27] ---------------------------------------------------------------------------
[2026-05-28 13:07:27] minus                lr    442/500->449/500      0.7601      0.8104
[2026-05-28 13:07:31] minus                mlp   442/500->449/500      0.8460      0.8753
[2026-05-28 13:07:31] baseline             lr    442/500->449/500      0.7653      0.8148
[2026-05-28 13:07:33] baseline             mlp   442/500->449/500      0.8698      0.9042
[2026-05-28 13:07:34] scGPT_human          lr    442/500->449/500      0.8210      0.8514
[2026-05-28 13:07:38] scGPT_human          mlp   442/500->449/500      0.8956      0.9303
[2026-05-28 13:07:38] v4_bias_rec_best     lr    442/500->449/500      0.7619      0.8107
[2026-05-28 13:07:41] v4_bias_rec_best     mlp   442/500->449/500      0.8821      0.9153
[2026-05-28 13:07:41] v4_plain_best        lr    442/500->449/500      0.7666      0.8011
[2026-05-28 13:07:44] v4_plain_best        mlp   442/500->449/500      0.8865      0.9042
[2026-05-28 13:07:45] v4_type_pe_best      lr    442/500->449/500      0.7797      0.8151
[2026-05-28 13:07:47] v4_type_pe_best      mlp   442/500->449/500      0.8576      0.8948
[2026-05-28 13:07:47] scconcept            lr    442/500->449/500      0.7518      0.7733
[2026-05-28 13:07:50] scconcept            mlp   442/500->449/500      0.8555      0.8705
[2026-05-28 13:07:51] scconcept_encoded    lr    442/500->449/500      0.7684      0.8101
[2026-05-28 13:07:56] scconcept_encoded    mlp   442/500->449/500      0.8327      0.8616
[2026-05-28 13:07:56] 
======================================================================
[2026-05-28 13:07:56] SUMMARY
[2026-05-28 13:07:56] ======================================================================
[2026-05-28 13:07:56] 
--- hHep500 ---
[2026-05-28 13:07:56] Embedding            Clf     Coverage        AUROC        AUPRC
[2026-05-28 13:07:56] -----------------------------------------------------------------
[2026-05-28 13:07:56] minus                lr       487/500      0.0000      0.5000
[2026-05-28 13:07:56] baseline             lr       487/500      1.0000      1.0000
[2026-05-28 13:07:56] scGPT_human          lr       487/500      1.0000      1.0000
[2026-05-28 13:07:56] v4_bias_rec_best     lr       487/500      1.0000      1.0000
[2026-05-28 13:07:56] v4_plain_best        lr       487/500      1.0000      1.0000
[2026-05-28 13:07:56] v4_type_pe_best      lr       487/500      0.0000      0.5000
[2026-05-28 13:07:56] scconcept            lr       487/500      0.0000      0.5000
[2026-05-28 13:07:56] scconcept_encoded    lr       487/500      1.0000      1.0000
[2026-05-28 13:07:56] random_256           lr       500/500      1.0000      1.0000
[2026-05-28 13:07:56] 
--- mHSC-E500 ---
[2026-05-28 13:07:56] Embedding            Clf     Coverage        AUROC        AUPRC
[2026-05-28 13:07:56] -----------------------------------------------------------------
[2026-05-28 13:07:56] minus                lr       457/500      0.6623      0.7530
[2026-05-28 13:07:56] minus                mlp      457/500      0.6563      0.7851
[2026-05-28 13:07:56] baseline             lr       457/500      0.6293      0.7544
[2026-05-28 13:07:56] baseline             mlp      457/500      0.7151      0.8333
[2026-05-28 13:07:56] scGPT_human          lr       457/500      0.6945      0.7933
[2026-05-28 13:07:56] scGPT_human          mlp      457/500      0.7176      0.8160
[2026-05-28 13:07:56] v4_bias_rec_best     lr       457/500      0.6166      0.7362
[2026-05-28 13:07:56] v4_bias_rec_best     mlp      457/500      0.6989      0.8175
[2026-05-28 13:07:56] v4_plain_best        lr       457/500      0.6377      0.7350
[2026-05-28 13:07:56] v4_plain_best        mlp      457/500      0.6825      0.7942
[2026-05-28 13:07:56] v4_type_pe_best      lr       457/500      0.6634      0.7582
[2026-05-28 13:07:56] v4_type_pe_best      mlp      457/500      0.7002      0.8122
[2026-05-28 13:07:56] scconcept            lr       457/500      0.5632      0.6975
[2026-05-28 13:07:56] scconcept            mlp      457/500      0.6451      0.7867
[2026-05-28 13:07:56] scconcept_encoded    lr       457/500      0.6020      0.7554
[2026-05-28 13:07:56] scconcept_encoded    mlp      457/500      0.6430      0.7716
[2026-05-28 13:07:56] random_256           lr       500/500      0.5594      0.6928
[2026-05-28 13:07:56] random_256           mlp      500/500      0.6146      0.7526
[2026-05-28 13:07:56] 
--- mHSC-GM500 ---
[2026-05-28 13:07:56] Embedding            Clf     Coverage        AUROC        AUPRC
[2026-05-28 13:07:56] -----------------------------------------------------------------
[2026-05-28 13:07:56] minus                lr       449/500      0.7135      0.7689
[2026-05-28 13:07:56] minus                mlp      449/500      0.7291      0.8103
[2026-05-28 13:07:56] baseline             lr       449/500      0.7085      0.7767
[2026-05-28 13:07:56] baseline             mlp      449/500      0.7438      0.8232
[2026-05-28 13:07:56] scGPT_human          lr       449/500      0.6959      0.7388
[2026-05-28 13:07:56] scGPT_human          mlp      449/500      0.7471      0.8115
[2026-05-28 13:07:56] v4_bias_rec_best     lr       449/500      0.7291      0.7974
[2026-05-28 13:07:56] v4_bias_rec_best     mlp      449/500      0.7453      0.8160
[2026-05-28 13:07:56] v4_plain_best        lr       449/500      0.7279      0.7834
[2026-05-28 13:07:56] v4_plain_best        mlp      449/500      0.7271      0.8092
[2026-05-28 13:07:56] v4_type_pe_best      lr       449/500      0.7420      0.7995
[2026-05-28 13:07:56] v4_type_pe_best      mlp      449/500      0.7511      0.8221
[2026-05-28 13:07:56] scconcept            lr       449/500      0.6485      0.7018
[2026-05-28 13:07:56] scconcept            mlp      449/500      0.6924      0.7638
[2026-05-28 13:07:56] scconcept_encoded    lr       449/500      0.6802      0.7477
[2026-05-28 13:07:56] scconcept_encoded    mlp      449/500      0.6501      0.7518
[2026-05-28 13:07:56] random_256           lr       500/500      0.6790      0.7619
[2026-05-28 13:07:56] random_256           mlp      500/500      0.6510      0.7617
[2026-05-28 13:07:56] 
--- mHSC-L500 ---
[2026-05-28 13:07:56] Embedding            Clf     Coverage        AUROC        AUPRC
[2026-05-28 13:07:56] -----------------------------------------------------------------
[2026-05-28 13:07:56] minus                lr       442/500      0.7489      0.8118
[2026-05-28 13:07:56] minus                mlp      442/500      0.7715      0.8420
[2026-05-28 13:07:56] baseline             lr       442/500      0.7397      0.8070
[2026-05-28 13:07:56] baseline             mlp      442/500      0.7435      0.8200
[2026-05-28 13:07:56] scGPT_human          lr       442/500      0.7336      0.8090
[2026-05-28 13:07:56] scGPT_human          mlp      442/500      0.7700      0.8286
[2026-05-28 13:07:56] v4_bias_rec_best     lr       442/500      0.7288      0.7922
[2026-05-28 13:07:56] v4_bias_rec_best     mlp      442/500      0.7528      0.8148
[2026-05-28 13:07:56] v4_plain_best        lr       442/500      0.7467      0.8122
[2026-05-28 13:07:56] v4_plain_best        mlp      442/500      0.7761      0.8412
[2026-05-28 13:07:56] v4_type_pe_best      lr       442/500      0.7356      0.8161
[2026-05-28 13:07:56] v4_type_pe_best      mlp      442/500      0.7663      0.8410
[2026-05-28 13:07:56] scconcept            lr       442/500      0.7202      0.7907
[2026-05-28 13:07:56] scconcept            mlp      442/500      0.7168      0.7988
[2026-05-28 13:07:56] scconcept_encoded    lr       442/500      0.7046      0.7848
[2026-05-28 13:07:56] scconcept_encoded    mlp      442/500      0.7025      0.7797
[2026-05-28 13:07:56] random_256           lr       500/500      0.6978      0.7965
[2026-05-28 13:07:56] random_256           mlp      500/500      0.7120      0.8035
[2026-05-28 13:07:56] Conference table saved to /root/autodl-tmp/projects/comparison-SC-embedding/scripts/grn_inference/legacy/results/grn_embedding_only/conference_table.md
[2026-05-28 13:07:56] 
Results saved to /root/autodl-tmp/projects/comparison-SC-embedding/scripts/grn_inference/legacy/results/grn_embedding_only/grn_emb_only_results.csv
[2026-05-28 13:07:56] Done!
[2026-05-28 13:28:46] ======================================================================
[2026-05-28 13:28:46] GRN Benchmark - Embedding Only (No Expression)
[2026-05-28 13:28:46] ======================================================================
[2026-05-28 13:28:46] No valid datasets found in /bigdata2/hyt/projects/scGREAT.
[2026-05-28 13:28:46] Expected files per dataset: Target.csv, Train_set.csv, Validation_set.csv, Test_set.csv
[2026-05-28 13:41:02] ======================================================================
[2026-05-28 13:41:02] GRN Benchmark - Embedding Only (No Expression)
[2026-05-28 13:41:02] ======================================================================
[2026-05-28 13:41:02] Datasets to evaluate (4): ['hHep500', 'mHSC-E500', 'mHSC-GM500', 'mHSC-L500']
[2026-05-28 13:41:02] Vocab: 60697 genes
[2026-05-28 13:41:59] ======================================================================
[2026-05-28 13:41:59] GRN Benchmark - Embedding Only (No Expression)
[2026-05-28 13:41:59] ======================================================================
[2026-05-28 13:41:59] Datasets to evaluate (4): ['hHep500', 'mHSC-E500', 'mHSC-GM500', 'mHSC-L500']
[2026-05-28 13:41:59] Vocab: 60697 genes
[2026-05-28 13:41:59] Loaded minus: (60697, 256)
[2026-05-28 13:41:59] Loaded baseline: (60697, 256)
[2026-05-28 13:41:59] Loaded scGPT_human: (60697, 512)
[2026-05-28 13:41:59] Loaded v4_bias_rec_best: (60697, 256)
[2026-05-28 13:41:59] Loaded v4_plain_best: (60697, 256)
[2026-05-28 13:41:59] Loaded v4_type_pe_best: (60697, 256)
[2026-05-28 13:42:00] Loaded scconcept: (60697, 512)
[2026-05-28 13:42:00] Loaded scconcept_encoded: (60697, 512)
[2026-05-28 13:42:00] Loaded cl_scratch_v5: (60697, 256)
[2026-05-28 13:42:00] Adding random embedding baseline (256-dim)...
[2026-05-28 13:42:00] 
======================================================================
[2026-05-28 13:42:00] Dataset: hHep500 (500 genes)
[2026-05-28 13:42:00] ======================================================================
[2026-05-28 13:42:00] Train: 4 pairs (pos=2, neg=2)
[2026-05-28 13:42:00] Val:   0 pairs (pos=0, neg=0)
[2026-05-28 13:42:00] Test:  2 pairs (pos=1, neg=1)
[2026-05-28 13:42:00] 
Embedding            Clf     Coverage        AUROC        AUPRC
[2026-05-28 13:42:00] -----------------------------------------------------------------
[2026-05-28 13:42:00] minus                lr       487/500      0.0000      0.5000
[2026-05-28 13:42:00] minus                mlp      487/500 ERROR: The test_size = 1 should be greater or equal to the number of classes = 2
[2026-05-28 13:42:00] baseline             lr       487/500      1.0000      1.0000
[2026-05-28 13:42:00] baseline             mlp      487/500 ERROR: The test_size = 1 should be greater or equal to the number of classes = 2
[2026-05-28 13:42:00] scGPT_human          lr       487/500      1.0000      1.0000
[2026-05-28 13:42:00] scGPT_human          mlp      487/500 ERROR: The test_size = 1 should be greater or equal to the number of classes = 2
[2026-05-28 13:42:00] v4_bias_rec_best     lr       487/500      1.0000      1.0000
[2026-05-28 13:42:00] v4_bias_rec_best     mlp      487/500 ERROR: The test_size = 1 should be greater or equal to the number of classes = 2
[2026-05-28 13:42:00] v4_plain_best        lr       487/500      1.0000      1.0000
[2026-05-28 13:42:00] v4_plain_best        mlp      487/500 ERROR: The test_size = 1 should be greater or equal to the number of classes = 2
[2026-05-28 13:42:00] v4_type_pe_best      lr       487/500      0.0000      0.5000
[2026-05-28 13:42:00] v4_type_pe_best      mlp      487/500 ERROR: The test_size = 1 should be greater or equal to the number of classes = 2
[2026-05-28 13:42:00] scconcept            lr       487/500      0.0000      0.5000
[2026-05-28 13:42:00] scconcept            mlp      487/500 ERROR: The test_size = 1 should be greater or equal to the number of classes = 2
[2026-05-28 13:42:00] scconcept_encoded    lr       487/500      1.0000      1.0000
[2026-05-28 13:42:00] scconcept_encoded    mlp      487/500 ERROR: The test_size = 1 should be greater or equal to the number of classes = 2
[2026-05-28 13:42:01] cl_scratch_v5        lr       487/500      1.0000      1.0000
[2026-05-28 13:42:01] cl_scratch_v5        mlp      487/500 ERROR: The test_size = 1 should be greater or equal to the number of classes = 2
[2026-05-28 13:42:01] random_256           lr       910/910      1.0000      1.0000
[2026-05-28 13:42:01] random_256           mlp   ERROR: The test_size = 1 should be greater or equal to the number of classes = 2
[2026-05-28 13:42:01] 
======================================================================
[2026-05-28 13:42:01] Dataset: mHSC-E500 (500 genes)
[2026-05-28 13:42:01] ======================================================================
[2026-05-28 13:42:01] Train: 1099 pairs (pos=705, neg=394)
[2026-05-28 13:42:01] Val:   156 pairs (pos=100, neg=56)
[2026-05-28 13:42:01] Test:  317 pairs (pos=203, neg=114)
[2026-05-28 13:42:01] 
Embedding            Clf     Coverage        AUROC        AUPRC
[2026-05-28 13:42:01] -----------------------------------------------------------------
[2026-05-28 13:42:01] minus                lr       457/500      0.6623      0.7530
[2026-05-28 13:42:03] minus                mlp      457/500      0.6563      0.7851
[2026-05-28 13:42:03] baseline             lr       457/500      0.6293      0.7544
[2026-05-28 13:42:05] baseline             mlp      457/500      0.7151      0.8333
[2026-05-28 13:42:06] scGPT_human          lr       457/500      0.6945      0.7933
[2026-05-28 13:42:12] scGPT_human          mlp      457/500      0.7176      0.8160
[2026-05-28 13:42:13] v4_bias_rec_best     lr       457/500      0.6166      0.7362
[2026-05-28 13:42:14] v4_bias_rec_best     mlp      457/500      0.6989      0.8175
[2026-05-28 13:42:15] v4_plain_best        lr       457/500      0.6377      0.7350
[2026-05-28 13:42:17] v4_plain_best        mlp      457/500      0.6825      0.7942
[2026-05-28 13:42:17] v4_type_pe_best      lr       457/500      0.6634      0.7582
[2026-05-28 13:42:22] v4_type_pe_best      mlp      457/500      0.7002      0.8122
[2026-05-28 13:42:22] scconcept            lr       457/500      0.5632      0.6975
[2026-05-28 13:42:25] scconcept            mlp      457/500      0.6451      0.7867
[2026-05-28 13:42:26] scconcept_encoded    lr       457/500      0.6020      0.7554
[2026-05-28 13:42:29] scconcept_encoded    mlp      457/500      0.6430      0.7716
[2026-05-28 13:42:29] cl_scratch_v5        lr       457/500      0.7050      0.8160
[2026-05-28 13:42:33] cl_scratch_v5        mlp      457/500      0.7015      0.8151
[2026-05-28 13:42:33] random_256           lr       910/910      0.5594      0.6928
[2026-05-28 13:42:34] random_256           mlp      910/910      0.6146      0.7526
[2026-05-28 13:42:34] 
======================================================================
[2026-05-28 13:42:34] Dataset: mHSC-GM500 (500 genes)
[2026-05-28 13:42:34] ======================================================================
[2026-05-28 13:42:34] Train: 1807 pairs (pos=1107, neg=700)
[2026-05-28 13:42:34] Val:   258 pairs (pos=158, neg=100)
[2026-05-28 13:42:34] Test:  517 pairs (pos=317, neg=200)
[2026-05-28 13:42:34] 
Embedding            Clf     Coverage        AUROC        AUPRC
[2026-05-28 13:42:34] -----------------------------------------------------------------
[2026-05-28 13:42:35] minus                lr       449/500      0.7135      0.7689
[2026-05-28 13:42:38] minus                mlp      449/500      0.7291      0.8103
[2026-05-28 13:42:39] baseline             lr       449/500      0.7085      0.7767
[2026-05-28 13:42:42] baseline             mlp      449/500      0.7438      0.8232
[2026-05-28 13:42:43] scGPT_human          lr       449/500      0.6959      0.7388
[2026-05-28 13:42:46] scGPT_human          mlp      449/500      0.7471      0.8115
[2026-05-28 13:42:46] v4_bias_rec_best     lr       449/500      0.7291      0.7974
[2026-05-28 13:42:50] v4_bias_rec_best     mlp      449/500      0.7453      0.8160
[2026-05-28 13:42:50] v4_plain_best        lr       449/500      0.7279      0.7834
[2026-05-28 13:42:52] v4_plain_best        mlp      449/500      0.7271      0.8092
[2026-05-28 13:42:53] v4_type_pe_best      lr       449/500      0.7420      0.7995
[2026-05-28 13:42:57] v4_type_pe_best      mlp      449/500      0.7511      0.8221
[2026-05-28 13:42:59] scconcept            lr       449/500      0.6485      0.7018
[2026-05-28 13:43:06] scconcept            mlp      449/500      0.6924      0.7638
[2026-05-28 13:43:07] scconcept_encoded    lr       449/500      0.6802      0.7477
[2026-05-28 13:43:12] scconcept_encoded    mlp      449/500      0.6501      0.7518
[2026-05-28 13:43:12] cl_scratch_v5        lr       449/500      0.7239      0.7986
[2026-05-28 13:43:15] cl_scratch_v5        mlp      449/500      0.7386      0.8142
[2026-05-28 13:43:15] random_256           lr       910/910      0.6790      0.7619
[2026-05-28 13:43:18] random_256           mlp      910/910      0.6510      0.7617
[2026-05-28 13:43:18] 
======================================================================
[2026-05-28 13:43:18] Dataset: mHSC-L500 (500 genes)
[2026-05-28 13:43:18] ======================================================================
[2026-05-28 13:43:18] Train: 2269 pairs (pos=1404, neg=865)
[2026-05-28 13:43:18] Val:   323 pairs (pos=200, neg=123)
[2026-05-28 13:43:18] Test:  652 pairs (pos=403, neg=249)
[2026-05-28 13:43:18] 
Embedding            Clf     Coverage        AUROC        AUPRC
[2026-05-28 13:43:18] -----------------------------------------------------------------
[2026-05-28 13:43:19] minus                lr       442/500      0.7489      0.8118
[2026-05-28 13:43:25] minus                mlp      442/500      0.7715      0.8420
[2026-05-28 13:43:26] baseline             lr       442/500      0.7397      0.8070
[2026-05-28 13:43:31] baseline             mlp      442/500      0.7435      0.8200
[2026-05-28 13:43:32] scGPT_human          lr       442/500      0.7336      0.8090
[2026-05-28 13:43:41] scGPT_human          mlp      442/500      0.7700      0.8286
[2026-05-28 13:43:41] v4_bias_rec_best     lr       442/500      0.7288      0.7922
[2026-05-28 13:43:48] v4_bias_rec_best     mlp      442/500      0.7528      0.8148
[2026-05-28 13:43:48] v4_plain_best        lr       442/500      0.7467      0.8122
[2026-05-28 13:43:56] v4_plain_best        mlp      442/500      0.7761      0.8412
[2026-05-28 13:43:57] v4_type_pe_best      lr       442/500      0.7356      0.8161
[2026-05-28 13:44:00] v4_type_pe_best      mlp      442/500      0.7663      0.8410
[2026-05-28 13:44:01] scconcept            lr       442/500      0.7202      0.7907
[2026-05-28 13:44:07] scconcept            mlp      442/500      0.7168      0.7988
[2026-05-28 13:44:09] scconcept_encoded    lr       442/500      0.7046      0.7848
[2026-05-28 13:44:21] scconcept_encoded    mlp      442/500      0.7025      0.7797
[2026-05-28 13:44:22] cl_scratch_v5        lr       442/500      0.7262      0.8008
[2026-05-28 13:44:34] cl_scratch_v5        mlp      442/500      0.7875      0.8576
[2026-05-28 13:44:35] random_256           lr       910/910      0.6978      0.7965
[2026-05-28 13:44:39] random_256           mlp      910/910      0.7120      0.8035
[2026-05-28 13:44:39] 
======================================================================
[2026-05-28 13:44:39] CROSS-DATASET TRANSFER
[2026-05-28 13:44:39] ======================================================================
[2026-05-28 13:44:39] 
Transfer: train=hHep500 -> test=mHSC-E500
[2026-05-28 13:44:39] Embedding            Clf           Coverage        AUROC        AUPRC
[2026-05-28 13:44:39] ---------------------------------------------------------------------------
[2026-05-28 13:44:39] minus                lr    487/500->457/500      0.5506      0.6846
[2026-05-28 13:44:39] minus                mlp   487/500->457/500 ERROR: The test_size = 1 should be greater or equal to the number of classes = 2
[2026-05-28 13:44:39] baseline             lr    487/500->457/500      0.5439      0.6973
[2026-05-28 13:44:39] baseline             mlp   487/500->457/500 ERROR: The test_size = 1 should be greater or equal to the number of classes = 2
[2026-05-28 13:44:39] scGPT_human          lr    487/500->457/500      0.5332      0.6850
[2026-05-28 13:44:39] scGPT_human          mlp   487/500->457/500 ERROR: The test_size = 1 should be greater or equal to the number of classes = 2
[2026-05-28 13:44:40] v4_bias_rec_best     lr    487/500->457/500      0.4975      0.6320
[2026-05-28 13:44:40] v4_bias_rec_best     mlp   487/500->457/500 ERROR: The test_size = 1 should be greater or equal to the number of classes = 2
[2026-05-28 13:44:40] v4_plain_best        lr    487/500->457/500      0.4505      0.5982
[2026-05-28 13:44:40] v4_plain_best        mlp   487/500->457/500 ERROR: The test_size = 1 should be greater or equal to the number of classes = 2
[2026-05-28 13:44:40] v4_type_pe_best      lr    487/500->457/500      0.5505      0.7117
[2026-05-28 13:44:40] v4_type_pe_best      mlp   487/500->457/500 ERROR: The test_size = 1 should be greater or equal to the number of classes = 2
[2026-05-28 13:44:40] scconcept            lr    487/500->457/500      0.5593      0.6708
[2026-05-28 13:44:40] scconcept            mlp   487/500->457/500 ERROR: The test_size = 1 should be greater or equal to the number of classes = 2
[2026-05-28 13:44:40] scconcept_encoded    lr    487/500->457/500      0.5047      0.6273
[2026-05-28 13:44:40] scconcept_encoded    mlp   487/500->457/500 ERROR: The test_size = 1 should be greater or equal to the number of classes = 2
[2026-05-28 13:44:40] cl_scratch_v5        lr    487/500->457/500      0.4513      0.6204
[2026-05-28 13:44:40] cl_scratch_v5        mlp   487/500->457/500 ERROR: The test_size = 1 should be greater or equal to the number of classes = 2
[2026-05-28 13:44:40] 
Transfer: train=hHep500 -> test=mHSC-GM500
[2026-05-28 13:44:40] Embedding            Clf           Coverage        AUROC        AUPRC
[2026-05-28 13:44:40] ---------------------------------------------------------------------------
[2026-05-28 13:44:40] minus                lr    487/500->449/500      0.5402      0.6243
[2026-05-28 13:44:40] minus                mlp   487/500->449/500 ERROR: The test_size = 1 should be greater or equal to the number of classes = 2
[2026-05-28 13:44:40] baseline             lr    487/500->449/500      0.4845      0.6098
[2026-05-28 13:44:40] baseline             mlp   487/500->449/500 ERROR: The test_size = 1 should be greater or equal to the number of classes = 2
[2026-05-28 13:44:40] scGPT_human          lr    487/500->449/500      0.5873      0.7006
[2026-05-28 13:44:40] scGPT_human          mlp   487/500->449/500 ERROR: The test_size = 1 should be greater or equal to the number of classes = 2
[2026-05-28 13:44:40] v4_bias_rec_best     lr    487/500->449/500      0.5295      0.6466
[2026-05-28 13:44:40] v4_bias_rec_best     mlp   487/500->449/500 ERROR: The test_size = 1 should be greater or equal to the number of classes = 2
[2026-05-28 13:44:40] v4_plain_best        lr    487/500->449/500      0.4632      0.5818
[2026-05-28 13:44:40] v4_plain_best        mlp   487/500->449/500 ERROR: The test_size = 1 should be greater or equal to the number of classes = 2
[2026-05-28 13:44:40] v4_type_pe_best      lr    487/500->449/500      0.5060      0.6291
[2026-05-28 13:44:40] v4_type_pe_best      mlp   487/500->449/500 ERROR: The test_size = 1 should be greater or equal to the number of classes = 2
[2026-05-28 13:44:40] scconcept            lr    487/500->449/500      0.5451      0.6381
[2026-05-28 13:44:40] scconcept            mlp   487/500->449/500 ERROR: The test_size = 1 should be greater or equal to the number of classes = 2
[2026-05-28 13:44:40] scconcept_encoded    lr    487/500->449/500      0.5279      0.6269
[2026-05-28 13:44:40] scconcept_encoded    mlp   487/500->449/500 ERROR: The test_size = 1 should be greater or equal to the number of classes = 2
[2026-05-28 13:44:40] cl_scratch_v5        lr    487/500->449/500      0.5088      0.6229
[2026-05-28 13:44:40] cl_scratch_v5        mlp   487/500->449/500 ERROR: The test_size = 1 should be greater or equal to the number of classes = 2
[2026-05-28 13:44:40] 
Transfer: train=hHep500 -> test=mHSC-L500
[2026-05-28 13:44:40] Embedding            Clf           Coverage        AUROC        AUPRC
[2026-05-28 13:44:40] ---------------------------------------------------------------------------
[2026-05-28 13:44:40] minus                lr    487/500->442/500      0.5037      0.6115
[2026-05-28 13:44:40] minus                mlp   487/500->442/500 ERROR: The test_size = 1 should be greater or equal to the number of classes = 2
[2026-05-28 13:44:40] baseline             lr    487/500->442/500      0.4712      0.6167
[2026-05-28 13:44:40] baseline             mlp   487/500->442/500 ERROR: The test_size = 1 should be greater or equal to the number of classes = 2
[2026-05-28 13:44:40] scGPT_human          lr    487/500->442/500      0.5215      0.6531
[2026-05-28 13:44:40] scGPT_human          mlp   487/500->442/500 ERROR: The test_size = 1 should be greater or equal to the number of classes = 2
[2026-05-28 13:44:40] v4_bias_rec_best     lr    487/500->442/500      0.4859      0.6041
[2026-05-28 13:44:40] v4_bias_rec_best     mlp   487/500->442/500 ERROR: The test_size = 1 should be greater or equal to the number of classes = 2
[2026-05-28 13:44:40] v4_plain_best        lr    487/500->442/500      0.5105      0.6257
[2026-05-28 13:44:40] v4_plain_best        mlp   487/500->442/500 ERROR: The test_size = 1 should be greater or equal to the number of classes = 2
[2026-05-28 13:44:40] v4_type_pe_best      lr    487/500->442/500      0.4932      0.6242
[2026-05-28 13:44:40] v4_type_pe_best      mlp   487/500->442/500 ERROR: The test_size = 1 should be greater or equal to the number of classes = 2
[2026-05-28 13:44:41] scconcept            lr    487/500->442/500      0.5184      0.6223
[2026-05-28 13:44:41] scconcept            mlp   487/500->442/500 ERROR: The test_size = 1 should be greater or equal to the number of classes = 2
[2026-05-28 13:44:41] scconcept_encoded    lr    487/500->442/500      0.5047      0.6178
[2026-05-28 13:44:41] scconcept_encoded    mlp   487/500->442/500 ERROR: The test_size = 1 should be greater or equal to the number of classes = 2
[2026-05-28 13:44:41] cl_scratch_v5        lr    487/500->442/500      0.5322      0.6634
[2026-05-28 13:44:41] cl_scratch_v5        mlp   487/500->442/500 ERROR: The test_size = 1 should be greater or equal to the number of classes = 2
[2026-05-28 13:44:41] 
Transfer: train=mHSC-E500 -> test=hHep500
[2026-05-28 13:44:41] Embedding            Clf           Coverage        AUROC        AUPRC
[2026-05-28 13:44:41] ---------------------------------------------------------------------------
[2026-05-28 13:44:41] minus                lr    457/500->487/500      1.0000      1.0000
[2026-05-28 13:44:42] minus                mlp   457/500->487/500      1.0000      1.0000
[2026-05-28 13:44:42] baseline             lr    457/500->487/500      1.0000      1.0000
[2026-05-28 13:44:44] baseline             mlp   457/500->487/500      1.0000      1.0000
[2026-05-28 13:44:45] scGPT_human          lr    457/500->487/500      0.0000      0.5000
[2026-05-28 13:44:49] scGPT_human          mlp   457/500->487/500      0.0000      0.5000
[2026-05-28 13:44:49] v4_bias_rec_best     lr    457/500->487/500      1.0000      1.0000
[2026-05-28 13:44:50] v4_bias_rec_best     mlp   457/500->487/500      1.0000      1.0000
[2026-05-28 13:44:50] v4_plain_best        lr    457/500->487/500      0.0000      0.5000
[2026-05-28 13:44:52] v4_plain_best        mlp   457/500->487/500      0.0000      0.5000
[2026-05-28 13:44:52] v4_type_pe_best      lr    457/500->487/500      0.0000      0.5000
[2026-05-28 13:44:56] v4_type_pe_best      mlp   457/500->487/500      1.0000      1.0000
[2026-05-28 13:44:56] scconcept            lr    457/500->487/500      0.0000      0.5000
[2026-05-28 13:45:00] scconcept            mlp   457/500->487/500      0.0000      0.5000
[2026-05-28 13:45:01] scconcept_encoded    lr    457/500->487/500      0.0000      0.5000
[2026-05-28 13:45:04] scconcept_encoded    mlp   457/500->487/500      0.0000      0.5000
[2026-05-28 13:45:04] cl_scratch_v5        lr    457/500->487/500      0.0000      0.5000
[2026-05-28 13:45:07] cl_scratch_v5        mlp   457/500->487/500      0.0000      0.5000
[2026-05-28 13:45:07] 
Transfer: train=mHSC-E500 -> test=mHSC-GM500
[2026-05-28 13:45:07] Embedding            Clf           Coverage        AUROC        AUPRC
[2026-05-28 13:45:07] ---------------------------------------------------------------------------
[2026-05-28 13:45:07] minus                lr    457/500->449/500      0.6231      0.6947
[2026-05-28 13:45:09] minus                mlp   457/500->449/500      0.6446      0.7481
[2026-05-28 13:45:10] baseline             lr    457/500->449/500      0.6586      0.7518
[2026-05-28 13:45:12] baseline             mlp   457/500->449/500      0.7016      0.8069
[2026-05-28 13:45:12] scGPT_human          lr    457/500->449/500      0.6391      0.7278
[2026-05-28 13:45:19] scGPT_human          mlp   457/500->449/500      0.6934      0.7951
[2026-05-28 13:45:20] v4_bias_rec_best     lr    457/500->449/500      0.5646      0.6545
[2026-05-28 13:45:21] v4_bias_rec_best     mlp   457/500->449/500      0.6565      0.7838
[2026-05-28 13:45:22] v4_plain_best        lr    457/500->449/500      0.6376      0.7146
[2026-05-28 13:45:24] v4_plain_best        mlp   457/500->449/500      0.6363      0.7619
[2026-05-28 13:45:24] v4_type_pe_best      lr    457/500->449/500      0.6152      0.6998
[2026-05-28 13:45:29] v4_type_pe_best      mlp   457/500->449/500      0.6909      0.7898
[2026-05-28 13:45:30] scconcept            lr    457/500->449/500      0.5719      0.6475
[2026-05-28 13:45:33] scconcept            mlp   457/500->449/500      0.6373      0.7374
[2026-05-28 13:45:34] scconcept_encoded    lr    457/500->449/500      0.5797      0.6581
[2026-05-28 13:45:37] scconcept_encoded    mlp   457/500->449/500      0.5707      0.6995
[2026-05-28 13:45:37] cl_scratch_v5        lr    457/500->449/500      0.5950      0.6826
[2026-05-28 13:45:41] cl_scratch_v5        mlp   457/500->449/500      0.6669      0.7803
[2026-05-28 13:45:41] 
Transfer: train=mHSC-E500 -> test=mHSC-L500
[2026-05-28 13:45:41] Embedding            Clf           Coverage        AUROC        AUPRC
[2026-05-28 13:45:41] ---------------------------------------------------------------------------
[2026-05-28 13:45:41] minus                lr    457/500->442/500      0.5925      0.6722
[2026-05-28 13:45:43] minus                mlp   457/500->442/500      0.6272      0.7387
[2026-05-28 13:45:44] baseline             lr    457/500->442/500      0.5783      0.6557
[2026-05-28 13:45:46] baseline             mlp   457/500->442/500      0.6813      0.7790
[2026-05-28 13:45:46] scGPT_human          lr    457/500->442/500      0.6532      0.7382
[2026-05-28 13:45:53] scGPT_human          mlp   457/500->442/500      0.6883      0.7841
[2026-05-28 13:45:53] v4_bias_rec_best     lr    457/500->442/500      0.5672      0.6605
[2026-05-28 13:45:55] v4_bias_rec_best     mlp   457/500->442/500      0.6477      0.7613
[2026-05-28 13:45:56] v4_plain_best        lr    457/500->442/500      0.6103      0.6827
[2026-05-28 13:45:57] v4_plain_best        mlp   457/500->442/500      0.6491      0.7670
[2026-05-28 13:45:58] v4_type_pe_best      lr    457/500->442/500      0.6078      0.6764
[2026-05-28 13:46:02] v4_type_pe_best      mlp   457/500->442/500      0.6868      0.7853
[2026-05-28 13:46:02] scconcept            lr    457/500->442/500      0.5845      0.6825
[2026-05-28 13:46:06] scconcept            mlp   457/500->442/500      0.6550      0.7606
[2026-05-28 13:46:07] scconcept_encoded    lr    457/500->442/500      0.5621      0.6481
[2026-05-28 13:46:09] scconcept_encoded    mlp   457/500->442/500      0.5883      0.7342
[2026-05-28 13:46:09] cl_scratch_v5        lr    457/500->442/500      0.6116      0.6829
[2026-05-28 13:46:11] cl_scratch_v5        mlp   457/500->442/500      0.6946      0.7619
[2026-05-28 13:46:11] 
Transfer: train=mHSC-GM500 -> test=hHep500
[2026-05-28 13:46:11] Embedding            Clf           Coverage        AUROC        AUPRC
[2026-05-28 13:46:11] ---------------------------------------------------------------------------
[2026-05-28 13:46:11] minus                lr    449/500->487/500      0.0000      0.5000
[2026-05-28 13:46:14] minus                mlp   449/500->487/500      0.0000      0.5000
[2026-05-28 13:46:14] baseline             lr    449/500->487/500      1.0000      1.0000
[2026-05-28 13:46:16] baseline             mlp   449/500->487/500      1.0000      1.0000
[2026-05-28 13:46:17] scGPT_human          lr    449/500->487/500      1.0000      1.0000
[2026-05-28 13:46:22] scGPT_human          mlp   449/500->487/500      1.0000      1.0000
[2026-05-28 13:46:23] v4_bias_rec_best     lr    449/500->487/500      1.0000      1.0000
[2026-05-28 13:46:26] v4_bias_rec_best     mlp   449/500->487/500      1.0000      1.0000
[2026-05-28 13:46:27] v4_plain_best        lr    449/500->487/500      1.0000      1.0000
[2026-05-28 13:46:30] v4_plain_best        mlp   449/500->487/500      1.0000      1.0000
[2026-05-28 13:46:30] v4_type_pe_best      lr    449/500->487/500      0.0000      0.5000
[2026-05-28 13:46:32] v4_type_pe_best      mlp   449/500->487/500      1.0000      1.0000
[2026-05-28 13:46:32] scconcept            lr    449/500->487/500      1.0000      1.0000
[2026-05-28 13:46:37] scconcept            mlp   449/500->487/500      0.0000      0.5000
[2026-05-28 13:46:38] scconcept_encoded    lr    449/500->487/500      1.0000      1.0000
[2026-05-28 13:46:43] scconcept_encoded    mlp   449/500->487/500      0.0000      0.5000
[2026-05-28 13:46:44] cl_scratch_v5        lr    449/500->487/500      1.0000      1.0000
[2026-05-28 13:46:46] cl_scratch_v5        mlp   449/500->487/500      0.0000      0.5000
[2026-05-28 13:46:46] 
Transfer: train=mHSC-GM500 -> test=mHSC-E500
[2026-05-28 13:46:46] Embedding            Clf           Coverage        AUROC        AUPRC
[2026-05-28 13:46:46] ---------------------------------------------------------------------------
[2026-05-28 13:46:46] minus                lr    449/500->457/500      0.6895      0.7809
[2026-05-28 13:46:50] minus                mlp   449/500->457/500      0.7371      0.8257
[2026-05-28 13:46:50] baseline             lr    449/500->457/500      0.6742      0.7695
[2026-05-28 13:46:53] baseline             mlp   449/500->457/500      0.7496      0.8310
[2026-05-28 13:46:54] scGPT_human          lr    449/500->457/500      0.6166      0.7136
[2026-05-28 13:46:59] scGPT_human          mlp   449/500->457/500      0.7381      0.8344
[2026-05-28 13:46:59] v4_bias_rec_best     lr    449/500->457/500      0.6553      0.7535
[2026-05-28 13:47:03] v4_bias_rec_best     mlp   449/500->457/500      0.7619      0.8430
[2026-05-28 13:47:03] v4_plain_best        lr    449/500->457/500      0.6638      0.7383
[2026-05-28 13:47:06] v4_plain_best        mlp   449/500->457/500      0.7080      0.7963
[2026-05-28 13:47:07] v4_type_pe_best      lr    449/500->457/500      0.5953      0.6776
[2026-05-28 13:47:10] v4_type_pe_best      mlp   449/500->457/500      0.7261      0.8323
[2026-05-28 13:47:11] scconcept            lr    449/500->457/500      0.7051      0.7909
[2026-05-28 13:47:16] scconcept            mlp   449/500->457/500      0.7610      0.8193
[2026-05-28 13:47:18] scconcept_encoded    lr    449/500->457/500      0.6478      0.7275
[2026-05-28 13:47:23] scconcept_encoded    mlp   449/500->457/500      0.6396      0.7729
[2026-05-28 13:47:24] cl_scratch_v5        lr    449/500->457/500      0.6210      0.7118
[2026-05-28 13:47:26] cl_scratch_v5        mlp   449/500->457/500      0.7255      0.8249
[2026-05-28 13:47:26] 
Transfer: train=mHSC-GM500 -> test=mHSC-L500
[2026-05-28 13:47:26] Embedding            Clf           Coverage        AUROC        AUPRC
[2026-05-28 13:47:26] ---------------------------------------------------------------------------
[2026-05-28 13:47:26] minus                lr    449/500->442/500      0.7134      0.7835
[2026-05-28 13:47:28] minus                mlp   449/500->442/500      0.8189      0.8742
[2026-05-28 13:47:29] baseline             lr    449/500->442/500      0.7365      0.7871
[2026-05-28 13:47:31] baseline             mlp   449/500->442/500      0.7750      0.8398
[2026-05-28 13:47:31] scGPT_human          lr    449/500->442/500      0.7537      0.7897
[2026-05-28 13:47:36] scGPT_human          mlp   449/500->442/500      0.8219      0.8710
[2026-05-28 13:47:37] v4_bias_rec_best     lr    449/500->442/500      0.6989      0.7631
[2026-05-28 13:47:41] v4_bias_rec_best     mlp   449/500->442/500      0.8061      0.8633
[2026-05-28 13:47:42] v4_plain_best        lr    449/500->442/500      0.7469      0.8024
[2026-05-28 13:47:44] v4_plain_best        mlp   449/500->442/500      0.8035      0.8631
[2026-05-28 13:47:45] v4_type_pe_best      lr    449/500->442/500      0.7295      0.7888
[2026-05-28 13:47:46] v4_type_pe_best      mlp   449/500->442/500      0.7941      0.8640
[2026-05-28 13:47:47] scconcept            lr    449/500->442/500      0.7201      0.7551
[2026-05-28 13:47:51] scconcept            mlp   449/500->442/500      0.8031      0.8513
[2026-05-28 13:47:52] scconcept_encoded    lr    449/500->442/500      0.7250      0.7737
[2026-05-28 13:47:55] scconcept_encoded    mlp   449/500->442/500      0.7119      0.8052
[2026-05-28 13:47:56] cl_scratch_v5        lr    449/500->442/500      0.7689      0.8098
[2026-05-28 13:47:59] cl_scratch_v5        mlp   449/500->442/500      0.8045      0.8760
[2026-05-28 13:47:59] 
Transfer: train=mHSC-L500 -> test=hHep500
[2026-05-28 13:47:59] Embedding            Clf           Coverage        AUROC        AUPRC
[2026-05-28 13:47:59] ---------------------------------------------------------------------------
[2026-05-28 13:47:59] minus                lr    442/500->487/500      0.0000      0.5000
[2026-05-28 13:48:09] minus                mlp   442/500->487/500      1.0000      1.0000
[2026-05-28 13:48:09] baseline             lr    442/500->487/500      1.0000      1.0000
[2026-05-28 13:48:14] baseline             mlp   442/500->487/500      1.0000      1.0000
[2026-05-28 13:48:15] scGPT_human          lr    442/500->487/500      0.0000      0.5000
[2026-05-28 13:48:23] scGPT_human          mlp   442/500->487/500      0.0000      0.5000
[2026-05-28 13:48:24] v4_bias_rec_best     lr    442/500->487/500      1.0000      1.0000
[2026-05-28 13:48:29] v4_bias_rec_best     mlp   442/500->487/500      1.0000      1.0000
[2026-05-28 13:48:29] v4_plain_best        lr    442/500->487/500      0.0000      0.5000
[2026-05-28 13:48:35] v4_plain_best        mlp   442/500->487/500      1.0000      1.0000
[2026-05-28 13:48:35] v4_type_pe_best      lr    442/500->487/500      1.0000      1.0000
[2026-05-28 13:48:39] v4_type_pe_best      mlp   442/500->487/500      1.0000      1.0000
[2026-05-28 13:48:40] scconcept            lr    442/500->487/500      1.0000      1.0000
[2026-05-28 13:48:46] scconcept            mlp   442/500->487/500      0.0000      0.5000
[2026-05-28 13:48:48] scconcept_encoded    lr    442/500->487/500      0.0000      0.5000
[2026-05-28 13:49:00] scconcept_encoded    mlp   442/500->487/500      0.0000      0.5000
[2026-05-28 13:49:00] cl_scratch_v5        lr    442/500->487/500      1.0000      1.0000
[2026-05-28 13:49:12] cl_scratch_v5        mlp   442/500->487/500      1.0000      1.0000
[2026-05-28 13:49:12] 
Transfer: train=mHSC-L500 -> test=mHSC-E500
[2026-05-28 13:49:12] Embedding            Clf           Coverage        AUROC        AUPRC
[2026-05-28 13:49:12] ---------------------------------------------------------------------------
[2026-05-28 13:49:13] minus                lr    442/500->457/500      0.6686      0.7599
[2026-05-28 13:49:19] minus                mlp   442/500->457/500      0.7345      0.8187
[2026-05-28 13:49:19] baseline             lr    442/500->457/500      0.6791      0.7849
[2026-05-28 13:49:24] baseline             mlp   442/500->457/500      0.7476      0.8292
[2026-05-28 13:49:24] scGPT_human          lr    442/500->457/500      0.6316      0.7278
[2026-05-28 13:49:28] scGPT_human          mlp   442/500->457/500      0.7291      0.8188
[2026-05-28 13:49:29] v4_bias_rec_best     lr    442/500->457/500      0.6563      0.7495
[2026-05-28 13:49:33] v4_bias_rec_best     mlp   442/500->457/500      0.6979      0.7816
[2026-05-28 13:49:33] v4_plain_best        lr    442/500->457/500      0.6058      0.6973
[2026-05-28 13:49:41] v4_plain_best        mlp   442/500->457/500      0.7139      0.8029
[2026-05-28 13:49:42] v4_type_pe_best      lr    442/500->457/500      0.6045      0.7088
[2026-05-28 13:49:47] v4_type_pe_best      mlp   442/500->457/500      0.7452      0.8247
[2026-05-28 13:49:48] scconcept            lr    442/500->457/500      0.5969      0.7010
[2026-05-28 13:49:54] scconcept            mlp   442/500->457/500      0.7024      0.8040
[2026-05-28 13:49:56] scconcept_encoded    lr    442/500->457/500      0.6115      0.7112
[2026-05-28 13:50:08] scconcept_encoded    mlp   442/500->457/500      0.6379      0.7545
[2026-05-28 13:50:08] cl_scratch_v5        lr    442/500->457/500      0.6034      0.7021
[2026-05-28 13:50:19] cl_scratch_v5        mlp   442/500->457/500      0.7175      0.7915
[2026-05-28 13:50:19] 
Transfer: train=mHSC-L500 -> test=mHSC-GM500
[2026-05-28 13:50:20] Embedding            Clf           Coverage        AUROC        AUPRC
[2026-05-28 13:50:20] ---------------------------------------------------------------------------
[2026-05-28 13:50:20] minus                lr    442/500->449/500      0.7601      0.8104
[2026-05-28 13:50:30] minus                mlp   442/500->449/500      0.8460      0.8753
[2026-05-28 13:50:30] baseline             lr    442/500->449/500      0.7653      0.8148
[2026-05-28 13:50:35] baseline             mlp   442/500->449/500      0.8698      0.9042
[2026-05-28 13:50:36] scGPT_human          lr    442/500->449/500      0.8210      0.8514
[2026-05-28 13:50:44] scGPT_human          mlp   442/500->449/500      0.8956      0.9303
[2026-05-28 13:50:45] v4_bias_rec_best     lr    442/500->449/500      0.7619      0.8107
[2026-05-28 13:50:51] v4_bias_rec_best     mlp   442/500->449/500      0.8821      0.9153
[2026-05-28 13:50:52] v4_plain_best        lr    442/500->449/500      0.7666      0.8011
[2026-05-28 13:50:59] v4_plain_best        mlp   442/500->449/500      0.8865      0.9042
[2026-05-28 13:51:00] v4_type_pe_best      lr    442/500->449/500      0.7797      0.8151
[2026-05-28 13:51:04] v4_type_pe_best      mlp   442/500->449/500      0.8576      0.8948
[2026-05-28 13:51:06] scconcept            lr    442/500->449/500      0.7518      0.7733
[2026-05-28 13:51:12] scconcept            mlp   442/500->449/500      0.8555      0.8705
[2026-05-28 13:51:14] scconcept_encoded    lr    442/500->449/500      0.7684      0.8101
[2026-05-28 13:51:26] scconcept_encoded    mlp   442/500->449/500      0.8327      0.8616
[2026-05-28 13:51:27] cl_scratch_v5        lr    442/500->449/500      0.7865      0.8416
[2026-05-28 13:51:34] cl_scratch_v5        mlp   442/500->449/500      0.8939      0.9238
[2026-05-28 13:51:34] 
======================================================================
[2026-05-28 13:51:34] SUMMARY
[2026-05-28 13:51:34] ======================================================================
[2026-05-28 13:51:34] 
--- hHep500 ---
[2026-05-28 13:51:34] Embedding            Clf     Coverage        AUROC        AUPRC
[2026-05-28 13:51:34] -----------------------------------------------------------------
[2026-05-28 13:51:34] minus                lr       487/500      0.0000      0.5000
[2026-05-28 13:51:34] baseline             lr       487/500      1.0000      1.0000
[2026-05-28 13:51:34] scGPT_human          lr       487/500      1.0000      1.0000
[2026-05-28 13:51:34] v4_bias_rec_best     lr       487/500      1.0000      1.0000
[2026-05-28 13:51:34] v4_plain_best        lr       487/500      1.0000      1.0000
[2026-05-28 13:51:34] v4_type_pe_best      lr       487/500      0.0000      0.5000
[2026-05-28 13:51:34] scconcept            lr       487/500      0.0000      0.5000
[2026-05-28 13:51:34] scconcept_encoded    lr       487/500      1.0000      1.0000
[2026-05-28 13:51:34] cl_scratch_v5        lr       487/500      1.0000      1.0000
[2026-05-28 13:51:34] random_256           lr       500/500      1.0000      1.0000
[2026-05-28 13:51:34] 
--- mHSC-E500 ---
[2026-05-28 13:51:34] Embedding            Clf     Coverage        AUROC        AUPRC
[2026-05-28 13:51:34] -----------------------------------------------------------------
[2026-05-28 13:51:34] minus                lr       457/500      0.6623      0.7530
[2026-05-28 13:51:34] minus                mlp      457/500      0.6563      0.7851
[2026-05-28 13:51:34] baseline             lr       457/500      0.6293      0.7544
[2026-05-28 13:51:34] baseline             mlp      457/500      0.7151      0.8333
[2026-05-28 13:51:34] scGPT_human          lr       457/500      0.6945      0.7933
[2026-05-28 13:51:34] scGPT_human          mlp      457/500      0.7176      0.8160
[2026-05-28 13:51:34] v4_bias_rec_best     lr       457/500      0.6166      0.7362
[2026-05-28 13:51:34] v4_bias_rec_best     mlp      457/500      0.6989      0.8175
[2026-05-28 13:51:34] v4_plain_best        lr       457/500      0.6377      0.7350
[2026-05-28 13:51:34] v4_plain_best        mlp      457/500      0.6825      0.7942
[2026-05-28 13:51:34] v4_type_pe_best      lr       457/500      0.6634      0.7582
[2026-05-28 13:51:34] v4_type_pe_best      mlp      457/500      0.7002      0.8122
[2026-05-28 13:51:34] scconcept            lr       457/500      0.5632      0.6975
[2026-05-28 13:51:34] scconcept            mlp      457/500      0.6451      0.7867
[2026-05-28 13:51:34] scconcept_encoded    lr       457/500      0.6020      0.7554
[2026-05-28 13:51:34] scconcept_encoded    mlp      457/500      0.6430      0.7716
[2026-05-28 13:51:34] cl_scratch_v5        lr       457/500      0.7050      0.8160
[2026-05-28 13:51:34] cl_scratch_v5        mlp      457/500      0.7015      0.8151
[2026-05-28 13:51:34] random_256           lr       500/500      0.5594      0.6928
[2026-05-28 13:51:34] random_256           mlp      500/500      0.6146      0.7526
[2026-05-28 13:51:34] 
--- mHSC-GM500 ---
[2026-05-28 13:51:34] Embedding            Clf     Coverage        AUROC        AUPRC
[2026-05-28 13:51:34] -----------------------------------------------------------------
[2026-05-28 13:51:34] minus                lr       449/500      0.7135      0.7689
[2026-05-28 13:51:34] minus                mlp      449/500      0.7291      0.8103
[2026-05-28 13:51:34] baseline             lr       449/500      0.7085      0.7767
[2026-05-28 13:51:34] baseline             mlp      449/500      0.7438      0.8232
[2026-05-28 13:51:34] scGPT_human          lr       449/500      0.6959      0.7388
[2026-05-28 13:51:34] scGPT_human          mlp      449/500      0.7471      0.8115
[2026-05-28 13:51:34] v4_bias_rec_best     lr       449/500      0.7291      0.7974
[2026-05-28 13:51:34] v4_bias_rec_best     mlp      449/500      0.7453      0.8160
[2026-05-28 13:51:34] v4_plain_best        lr       449/500      0.7279      0.7834
[2026-05-28 13:51:34] v4_plain_best        mlp      449/500      0.7271      0.8092
[2026-05-28 13:51:34] v4_type_pe_best      lr       449/500      0.7420      0.7995
[2026-05-28 13:51:34] v4_type_pe_best      mlp      449/500      0.7511      0.8221
[2026-05-28 13:51:34] scconcept            lr       449/500      0.6485      0.7018
[2026-05-28 13:51:34] scconcept            mlp      449/500      0.6924      0.7638
[2026-05-28 13:51:34] scconcept_encoded    lr       449/500      0.6802      0.7477
[2026-05-28 13:51:34] scconcept_encoded    mlp      449/500      0.6501      0.7518
[2026-05-28 13:51:34] cl_scratch_v5        lr       449/500      0.7239      0.7986
[2026-05-28 13:51:34] cl_scratch_v5        mlp      449/500      0.7386      0.8142
[2026-05-28 13:51:34] random_256           lr       500/500      0.6790      0.7619
[2026-05-28 13:51:34] random_256           mlp      500/500      0.6510      0.7617
[2026-05-28 13:51:34] 
--- mHSC-L500 ---
[2026-05-28 13:51:34] Embedding            Clf     Coverage        AUROC        AUPRC
[2026-05-28 13:51:34] -----------------------------------------------------------------
[2026-05-28 13:51:34] minus                lr       442/500      0.7489      0.8118
[2026-05-28 13:51:34] minus                mlp      442/500      0.7715      0.8420
[2026-05-28 13:51:34] baseline             lr       442/500      0.7397      0.8070
[2026-05-28 13:51:34] baseline             mlp      442/500      0.7435      0.8200
[2026-05-28 13:51:34] scGPT_human          lr       442/500      0.7336      0.8090
[2026-05-28 13:51:34] scGPT_human          mlp      442/500      0.7700      0.8286
[2026-05-28 13:51:34] v4_bias_rec_best     lr       442/500      0.7288      0.7922
[2026-05-28 13:51:34] v4_bias_rec_best     mlp      442/500      0.7528      0.8148
[2026-05-28 13:51:34] v4_plain_best        lr       442/500      0.7467      0.8122
[2026-05-28 13:51:34] v4_plain_best        mlp      442/500      0.7761      0.8412
[2026-05-28 13:51:34] v4_type_pe_best      lr       442/500      0.7356      0.8161
[2026-05-28 13:51:34] v4_type_pe_best      mlp      442/500      0.7663      0.8410
[2026-05-28 13:51:34] scconcept            lr       442/500      0.7202      0.7907
[2026-05-28 13:51:34] scconcept            mlp      442/500      0.7168      0.7988
[2026-05-28 13:51:34] scconcept_encoded    lr       442/500      0.7046      0.7848
[2026-05-28 13:51:34] scconcept_encoded    mlp      442/500      0.7025      0.7797
[2026-05-28 13:51:34] cl_scratch_v5        lr       442/500      0.7262      0.8008
[2026-05-28 13:51:34] cl_scratch_v5        mlp      442/500      0.7875      0.8576
[2026-05-28 13:51:34] random_256           lr       500/500      0.6978      0.7965
[2026-05-28 13:51:34] random_256           mlp      500/500      0.7120      0.8035
[2026-05-28 13:51:34] Conference table saved to /root/autodl-tmp/projects/comparison-SC-embedding/scripts/grn_inference/legacy/results/grn_embedding_only/conference_table.md
[2026-05-28 13:51:34] 
Results saved to /root/autodl-tmp/projects/comparison-SC-embedding/scripts/grn_inference/legacy/results/grn_embedding_only/grn_emb_only_results.csv
[2026-05-28 13:51:34] Done!
[2026-06-06 18:31:54] ======================================================================
[2026-06-06 18:31:54] GRN Benchmark - Embedding Only (No Expression)
[2026-06-06 18:31:54] ======================================================================
[2026-06-06 18:31:54] Datasets to evaluate (4): ['hHep500', 'mHSC-E500', 'mHSC-GM500', 'mHSC-L500']
[2026-06-06 18:31:54] Vocab: 60697 genes
[2026-06-06 18:31:54] Loaded cl_v6_fair: (60697, 256)
[2026-06-06 18:31:54] Skipping random embedding baseline in incremental mode: ['cl_v6_fair']
[2026-06-06 18:31:54] 
======================================================================
[2026-06-06 18:31:54] Dataset: hHep500 (500 genes)
[2026-06-06 18:31:54] ======================================================================
[2026-06-06 18:31:54] Train: 4 pairs (pos=2, neg=2)
[2026-06-06 18:31:54] Val:   0 pairs (pos=0, neg=0)
[2026-06-06 18:31:54] Test:  2 pairs (pos=1, neg=1)
[2026-06-06 18:31:54] 
Embedding            Clf     Coverage        AUROC        AUPRC
[2026-06-06 18:31:54] -----------------------------------------------------------------
[2026-06-06 18:31:54] cl_v6_fair           lr       487/500      1.0000      1.0000
[2026-06-06 18:31:54] cl_v6_fair           mlp      487/500 ERROR: The test_size = 1 should be greater or equal to the number of classes = 2
[2026-06-06 18:31:54] 
======================================================================
[2026-06-06 18:31:54] Dataset: mHSC-E500 (500 genes)
[2026-06-06 18:31:54] ======================================================================
[2026-06-06 18:31:55] Train: 1099 pairs (pos=705, neg=394)
[2026-06-06 18:31:55] Val:   156 pairs (pos=100, neg=56)
[2026-06-06 18:31:55] Test:  317 pairs (pos=203, neg=114)
[2026-06-06 18:31:55] 
Embedding            Clf     Coverage        AUROC        AUPRC
[2026-06-06 18:31:55] -----------------------------------------------------------------
[2026-06-06 18:31:55] cl_v6_fair           lr       457/500      0.6716      0.7841
[2026-06-06 18:31:55] cl_v6_fair           mlp      457/500      0.6994      0.8126
[2026-06-06 18:31:55] 
======================================================================
[2026-06-06 18:31:55] Dataset: mHSC-GM500 (500 genes)
[2026-06-06 18:31:55] ======================================================================
[2026-06-06 18:31:55] Train: 1807 pairs (pos=1107, neg=700)
[2026-06-06 18:31:55] Val:   258 pairs (pos=158, neg=100)
[2026-06-06 18:31:55] Test:  517 pairs (pos=317, neg=200)
[2026-06-06 18:31:55] 
Embedding            Clf     Coverage        AUROC        AUPRC
[2026-06-06 18:31:55] -----------------------------------------------------------------
[2026-06-06 18:31:55] cl_v6_fair           lr       449/500      0.7081      0.7812
[2026-06-06 18:31:56] cl_v6_fair           mlp      449/500      0.7341      0.8082
[2026-06-06 18:31:56] 
======================================================================
[2026-06-06 18:31:56] Dataset: mHSC-L500 (500 genes)
[2026-06-06 18:31:56] ======================================================================
[2026-06-06 18:31:56] Train: 2269 pairs (pos=1404, neg=865)
[2026-06-06 18:31:56] Val:   323 pairs (pos=200, neg=123)
[2026-06-06 18:31:56] Test:  652 pairs (pos=403, neg=249)
[2026-06-06 18:31:56] 
Embedding            Clf     Coverage        AUROC        AUPRC
[2026-06-06 18:31:56] -----------------------------------------------------------------
[2026-06-06 18:31:56] cl_v6_fair           lr       442/500      0.7262      0.8030
[2026-06-06 18:31:57] cl_v6_fair           mlp      442/500      0.7733      0.8419
[2026-06-06 18:31:57] 
======================================================================
[2026-06-06 18:31:57] CROSS-DATASET TRANSFER
[2026-06-06 18:31:57] ======================================================================
[2026-06-06 18:31:57] 
Transfer: train=hHep500 -> test=mHSC-E500
[2026-06-06 18:31:57] Embedding            Clf           Coverage        AUROC        AUPRC
[2026-06-06 18:31:57] ---------------------------------------------------------------------------
[2026-06-06 18:31:57] cl_v6_fair           lr    487/500->457/500      0.5151      0.6580
[2026-06-06 18:31:57] cl_v6_fair           mlp   487/500->457/500 ERROR: The test_size = 1 should be greater or equal to the number of classes = 2
[2026-06-06 18:31:57] 
Transfer: train=hHep500 -> test=mHSC-GM500
[2026-06-06 18:31:57] Embedding            Clf           Coverage        AUROC        AUPRC
[2026-06-06 18:31:57] ---------------------------------------------------------------------------
[2026-06-06 18:31:57] cl_v6_fair           lr    487/500->449/500      0.4855      0.6030
[2026-06-06 18:31:57] cl_v6_fair           mlp   487/500->449/500 ERROR: The test_size = 1 should be greater or equal to the number of classes = 2
[2026-06-06 18:31:57] 
Transfer: train=hHep500 -> test=mHSC-L500
[2026-06-06 18:31:57] Embedding            Clf           Coverage        AUROC        AUPRC
[2026-06-06 18:31:57] ---------------------------------------------------------------------------
[2026-06-06 18:31:57] cl_v6_fair           lr    487/500->442/500      0.5224      0.6506
[2026-06-06 18:31:57] cl_v6_fair           mlp   487/500->442/500 ERROR: The test_size = 1 should be greater or equal to the number of classes = 2
[2026-06-06 18:31:57] 
Transfer: train=mHSC-E500 -> test=hHep500
[2026-06-06 18:31:57] Embedding            Clf           Coverage        AUROC        AUPRC
[2026-06-06 18:31:57] ---------------------------------------------------------------------------
[2026-06-06 18:31:57] cl_v6_fair           lr    457/500->487/500      0.0000      0.5000
[2026-06-06 18:31:58] cl_v6_fair           mlp   457/500->487/500      0.0000      0.5000
[2026-06-06 18:31:58] 
Transfer: train=mHSC-E500 -> test=mHSC-GM500
[2026-06-06 18:31:58] Embedding            Clf           Coverage        AUROC        AUPRC
[2026-06-06 18:31:58] ---------------------------------------------------------------------------
[2026-06-06 18:31:58] cl_v6_fair           lr    457/500->449/500      0.6162      0.6945
[2026-06-06 18:31:58] cl_v6_fair           mlp   457/500->449/500      0.6477      0.7803
[2026-06-06 18:31:58] 
Transfer: train=mHSC-E500 -> test=mHSC-L500
[2026-06-06 18:31:58] Embedding            Clf           Coverage        AUROC        AUPRC
[2026-06-06 18:31:58] ---------------------------------------------------------------------------
[2026-06-06 18:31:58] cl_v6_fair           lr    457/500->442/500      0.5898      0.6858
[2026-06-06 18:31:59] cl_v6_fair           mlp   457/500->442/500      0.6886      0.7869
[2026-06-06 18:31:59] 
Transfer: train=mHSC-GM500 -> test=hHep500
[2026-06-06 18:31:59] Embedding            Clf           Coverage        AUROC        AUPRC
[2026-06-06 18:31:59] ---------------------------------------------------------------------------
[2026-06-06 18:31:59] cl_v6_fair           lr    449/500->487/500      1.0000      1.0000
[2026-06-06 18:31:59] cl_v6_fair           mlp   449/500->487/500      0.0000      0.5000
[2026-06-06 18:31:59] 
Transfer: train=mHSC-GM500 -> test=mHSC-E500
[2026-06-06 18:31:59] Embedding            Clf           Coverage        AUROC        AUPRC
[2026-06-06 18:31:59] ---------------------------------------------------------------------------
[2026-06-06 18:32:00] cl_v6_fair           lr    449/500->457/500      0.6670      0.7591
[2026-06-06 18:32:00] cl_v6_fair           mlp   449/500->457/500      0.7288      0.8178
[2026-06-06 18:32:00] 
Transfer: train=mHSC-GM500 -> test=mHSC-L500
[2026-06-06 18:32:00] Embedding            Clf           Coverage        AUROC        AUPRC
[2026-06-06 18:32:00] ---------------------------------------------------------------------------
[2026-06-06 18:32:00] cl_v6_fair           lr    449/500->442/500      0.7665      0.8165
[2026-06-06 18:32:01] cl_v6_fair           mlp   449/500->442/500      0.8099      0.8738
[2026-06-06 18:32:01] 
Transfer: train=mHSC-L500 -> test=hHep500
[2026-06-06 18:32:01] Embedding            Clf           Coverage        AUROC        AUPRC
[2026-06-06 18:32:01] ---------------------------------------------------------------------------
[2026-06-06 18:32:01] cl_v6_fair           lr    442/500->487/500      1.0000      1.0000
[2026-06-06 18:32:02] cl_v6_fair           mlp   442/500->487/500      1.0000      1.0000
[2026-06-06 18:32:02] 
Transfer: train=mHSC-L500 -> test=mHSC-E500
[2026-06-06 18:32:02] Embedding            Clf           Coverage        AUROC        AUPRC
[2026-06-06 18:32:02] ---------------------------------------------------------------------------
[2026-06-06 18:32:02] cl_v6_fair           lr    442/500->457/500      0.6281      0.7246
[2026-06-06 18:32:03] cl_v6_fair           mlp   442/500->457/500      0.7078      0.8035
[2026-06-06 18:32:03] 
Transfer: train=mHSC-L500 -> test=mHSC-GM500
[2026-06-06 18:32:03] Embedding            Clf           Coverage        AUROC        AUPRC
[2026-06-06 18:32:03] ---------------------------------------------------------------------------
[2026-06-06 18:32:03] cl_v6_fair           lr    442/500->449/500      0.7721      0.8332
[2026-06-06 18:32:04] cl_v6_fair           mlp   442/500->449/500      0.8761      0.9163
[2026-06-06 18:32:04] 
======================================================================
[2026-06-06 18:32:04] SUMMARY
[2026-06-06 18:32:04] ======================================================================
[2026-06-06 18:32:04] 
--- hHep500 ---
[2026-06-06 18:32:04] Embedding            Clf     Coverage        AUROC        AUPRC
[2026-06-06 18:32:04] -----------------------------------------------------------------
[2026-06-06 18:32:04] cl_v6_fair           lr       487/500      1.0000      1.0000
[2026-06-06 18:32:04] 
--- mHSC-E500 ---
[2026-06-06 18:32:04] Embedding            Clf     Coverage        AUROC        AUPRC
[2026-06-06 18:32:04] -----------------------------------------------------------------
[2026-06-06 18:32:04] cl_v6_fair           lr       457/500      0.6716      0.7841
[2026-06-06 18:32:04] cl_v6_fair           mlp      457/500      0.6994      0.8126
[2026-06-06 18:32:04] 
--- mHSC-GM500 ---
[2026-06-06 18:32:04] Embedding            Clf     Coverage        AUROC        AUPRC
[2026-06-06 18:32:04] -----------------------------------------------------------------
[2026-06-06 18:32:04] cl_v6_fair           lr       449/500      0.7081      0.7812
[2026-06-06 18:32:04] cl_v6_fair           mlp      449/500      0.7341      0.8082
[2026-06-06 18:32:04] 
--- mHSC-L500 ---
[2026-06-06 18:32:04] Embedding            Clf     Coverage        AUROC        AUPRC
[2026-06-06 18:32:04] -----------------------------------------------------------------
[2026-06-06 18:32:04] cl_v6_fair           lr       442/500      0.7262      0.8030
[2026-06-06 18:32:04] cl_v6_fair           mlp      442/500      0.7733      0.8419
[2026-06-06 18:32:04] Conference table saved to /root/autodl-tmp/projects/comparison-SC-embedding/results/grn_embedding_only/conference_table.md
[2026-06-06 18:32:04] 
Results merged into /root/autodl-tmp/projects/comparison-SC-embedding/results/grn_embedding_only/grn_emb_only_results.csv
[2026-06-06 18:32:04] Done!
