[2026-03-10 03:21:06] ======================================================================
[2026-03-10 03:21:06] Perturbation Benchmark - Embedding Only
[2026-03-10 03:21:06] ======================================================================
[2026-03-10 03:21:06] Vocab: 60697 genes
[2026-03-10 03:21:06] Loaded difference_v3: (60697, 256)
[2026-03-10 03:21:06] Loaded baseline: (60697, 256)
[2026-03-10 03:21:06] Loaded scGPT_human: (60697, 512)
[2026-03-10 03:21:07] Loaded GF-12L95M: (11355, 512)
[2026-03-10 03:21:07] 
======================================================================
[2026-03-10 03:21:07] Dataset: adamson
[2026-03-10 03:21:07] ======================================================================
[2026-03-10 03:21:11]   Cells: 63585 (control=24263, perturbed=39322)
[2026-03-10 03:21:11]   Unique perturbation genes: 75
[2026-03-10 03:21:11] 
  --- difference_v3 ---
[2026-03-10 03:21:11]     Task A: Perturbation Classification...
[2026-03-10 03:25:18]       lr: acc=0.2519±0.0030, f1=0.2192±0.0030 (39322 cells, 75 classes)
[2026-03-10 03:25:18]       mlp: acc=0.2106±0.0044, f1=0.1777±0.0029 (39322 cells, 75 classes)
[2026-03-10 03:25:18]     Task B: Perturbation Effect Similarity...
[2026-03-10 03:25:21]       Spearman r=0.0080 (p=6.73e-01), Pearson r=0.0321 (75 genes, 2775 pairs)
[2026-03-10 03:25:21]     Task C: Perturbation Direction Prediction...
[2026-03-10 03:25:23]       Pearson r=0.1050±0.4670, MSE=1.6485 (75 pert genes)
[2026-03-10 03:25:23] 
  --- baseline ---
[2026-03-10 03:25:23]     Task A: Perturbation Classification...
[2026-03-10 03:28:05]       lr: acc=0.2691±0.0050, f1=0.2389±0.0048 (39322 cells, 75 classes)
[2026-03-10 03:28:05]       mlp: acc=0.2473±0.0048, f1=0.2118±0.0040 (39322 cells, 75 classes)
[2026-03-10 03:28:05]     Task B: Perturbation Effect Similarity...
[2026-03-10 03:28:08]       Spearman r=0.1224 (p=9.99e-11), Pearson r=0.1449 (75 genes, 2775 pairs)
[2026-03-10 03:28:08]     Task C: Perturbation Direction Prediction...
[2026-03-10 03:28:10]       Pearson r=0.1224±0.3696, MSE=1.3023 (75 pert genes)
[2026-03-10 03:28:10] 
  --- scGPT_human ---
[2026-03-10 03:28:10]     Task A: Perturbation Classification...
[2026-03-10 03:32:38]       lr: acc=0.2900±0.0024, f1=0.2660±0.0028 (39322 cells, 75 classes)
[2026-03-10 03:32:38]       mlp: acc=0.2788±0.0042, f1=0.2480±0.0070 (39322 cells, 75 classes)
[2026-03-10 03:32:38]     Task B: Perturbation Effect Similarity...
[2026-03-10 03:32:43]       Spearman r=0.1345 (p=1.14e-12), Pearson r=0.1608 (75 genes, 2775 pairs)
[2026-03-10 03:32:43]     Task C: Perturbation Direction Prediction...
[2026-03-10 03:32:48]       Pearson r=0.1683±0.3647, MSE=1.1072 (75 pert genes)
[2026-03-10 03:32:48] 
  --- GF-12L95M ---
[2026-03-10 03:32:48]     Task A: Perturbation Classification...
[2026-03-10 03:42:37]       lr: acc=0.3026±0.0037, f1=0.2780±0.0034 (39322 cells, 75 classes)
[2026-03-10 03:42:37]       mlp: acc=0.2778±0.0049, f1=0.2469±0.0045 (39322 cells, 75 classes)
[2026-03-10 03:42:37]     Task B: Perturbation Effect Similarity...
[2026-03-10 03:43:40]       Spearman r=0.1335 (p=2.50e-05), Pearson r=0.0392 (45 genes, 990 pairs)
[2026-03-10 03:43:40]     Task C: Perturbation Direction Prediction...
[2026-03-10 03:44:18]       Pearson r=0.0461±0.3769, MSE=1.2941 (45 pert genes)
[2026-03-10 03:44:18] 
======================================================================
[2026-03-10 03:44:18] Dataset: dixit
[2026-03-10 03:44:18] ======================================================================
[2026-03-10 03:44:21]   Cells: 44735 (control=12042, perturbed=32693)
[2026-03-10 03:44:21]   Unique perturbation genes: 19
[2026-03-10 03:44:21] 
  --- difference_v3 ---
[2026-03-10 03:44:21]     Task A: Perturbation Classification...
[2026-03-10 03:45:29]       lr: acc=0.1918±0.0030, f1=0.0945±0.0034 (32693 cells, 19 classes)
[2026-03-10 03:45:29]       mlp: acc=0.1945±0.0060, f1=0.0741±0.0053 (32693 cells, 19 classes)
[2026-03-10 03:45:29]     Task B: Perturbation Effect Similarity...
[2026-03-10 03:45:30]       Spearman r=0.2418 (p=1.44e-03), Pearson r=0.2381 (19 genes, 171 pairs)
[2026-03-10 03:45:30]     Task C: Perturbation Direction Prediction...
[2026-03-10 03:45:31]       Pearson r=0.2318±0.4012, MSE=1.2129 (19 pert genes)
[2026-03-10 03:45:31] 
  --- baseline ---
[2026-03-10 03:45:31]     Task A: Perturbation Classification...
[2026-03-10 03:46:26]       lr: acc=0.1930±0.0027, f1=0.0974±0.0034 (32693 cells, 19 classes)
[2026-03-10 03:46:26]       mlp: acc=0.2012±0.0037, f1=0.0807±0.0015 (32693 cells, 19 classes)
[2026-03-10 03:46:26]     Task B: Perturbation Effect Similarity...
[2026-03-10 03:46:27]       Spearman r=0.2618 (p=5.44e-04), Pearson r=0.3633 (19 genes, 171 pairs)
[2026-03-10 03:46:27]     Task C: Perturbation Direction Prediction...
[2026-03-10 03:46:28]       Pearson r=0.2679±0.6166, MSE=1.1557 (19 pert genes)
[2026-03-10 03:46:28] 
  --- scGPT_human ---
[2026-03-10 03:46:28]     Task A: Perturbation Classification...
[2026-03-10 03:48:03]       lr: acc=0.1848±0.0036, f1=0.1112±0.0051 (32693 cells, 19 classes)
[2026-03-10 03:48:03]       mlp: acc=0.1969±0.0047, f1=0.0928±0.0083 (32693 cells, 19 classes)
[2026-03-10 03:48:03]     Task B: Perturbation Effect Similarity...
[2026-03-10 03:48:04]       Spearman r=0.3451 (p=3.80e-06), Pearson r=0.4059 (19 genes, 171 pairs)
[2026-03-10 03:48:04]     Task C: Perturbation Direction Prediction...
[2026-03-10 03:48:06]       Pearson r=0.2120±0.6285, MSE=1.1203 (19 pert genes)
[2026-03-10 03:48:06] 
  --- GF-12L95M ---
[2026-03-10 03:48:06]     Task A: Perturbation Classification...
[2026-03-10 03:53:46]       lr: acc=0.1850±0.0018, f1=0.1110±0.0025 (32693 cells, 19 classes)
[2026-03-10 03:53:46]       mlp: acc=0.1979±0.0043, f1=0.0849±0.0074 (32693 cells, 19 classes)
[2026-03-10 03:53:46]     Task B: Perturbation Effect Similarity...
[2026-03-10 03:54:04]       Spearman r=0.3838 (p=5.23e-04), Pearson r=0.4345 (13 genes, 78 pairs)
[2026-03-10 03:54:04]     Task C: Perturbation Direction Prediction...
[2026-03-10 03:54:16]       Pearson r=0.5533±0.2060, MSE=0.9559 (13 pert genes)
[2026-03-10 03:54:16] 
======================================================================
[2026-03-10 03:54:16] Dataset: norman
[2026-03-10 03:54:16] ======================================================================
[2026-03-10 03:54:18]   Cells: 53508 (control=7353, perturbed=46155)
[2026-03-10 03:54:18]   Unique perturbation genes: 100
[2026-03-10 03:54:18] 
  --- difference_v3 ---
[2026-03-10 03:54:18]     Task A: Perturbation Classification...
[2026-03-10 03:58:13]       lr: acc=0.4519±0.0023, f1=0.4028±0.0032 (46155 cells, 100 classes)
[2026-03-10 03:58:13]       mlp: acc=0.3791±0.0034, f1=0.3211±0.0028 (46155 cells, 100 classes)
[2026-03-10 03:58:13]     Task B: Perturbation Effect Similarity...
[2026-03-10 03:58:16]       Spearman r=0.0313 (p=2.76e-02), Pearson r=0.0110 (100 genes, 4950 pairs)
[2026-03-10 03:58:16]     Task C: Perturbation Direction Prediction...
[2026-03-10 03:58:18]       Pearson r=0.0376±0.4065, MSE=2.0035 (100 pert genes)
[2026-03-10 03:58:18] 
  --- baseline ---
[2026-03-10 03:58:18]     Task A: Perturbation Classification...
[2026-03-10 04:01:16]       lr: acc=0.4704±0.0035, f1=0.4227±0.0031 (46155 cells, 100 classes)
[2026-03-10 04:01:16]       mlp: acc=0.4188±0.0035, f1=0.3652±0.0039 (46155 cells, 100 classes)
[2026-03-10 04:01:16]     Task B: Perturbation Effect Similarity...
[2026-03-10 04:01:19]       Spearman r=0.0515 (p=2.93e-04), Pearson r=0.0447 (100 genes, 4950 pairs)
[2026-03-10 04:01:19]     Task C: Perturbation Direction Prediction...
[2026-03-10 04:01:21]       Pearson r=0.1499±0.3129, MSE=1.4966 (100 pert genes)
[2026-03-10 04:01:21] 
  --- scGPT_human ---
[2026-03-10 04:01:21]     Task A: Perturbation Classification...
[2026-03-10 04:05:42]       lr: acc=0.5076±0.0036, f1=0.4632±0.0061 (46155 cells, 100 classes)
[2026-03-10 04:05:42]       mlp: acc=0.4718±0.0038, f1=0.4198±0.0056 (46155 cells, 100 classes)
[2026-03-10 04:05:42]     Task B: Perturbation Effect Similarity...
[2026-03-10 04:05:46]       Spearman r=0.0685 (p=1.43e-06), Pearson r=0.0476 (100 genes, 4950 pairs)
[2026-03-10 04:05:46]     Task C: Perturbation Direction Prediction...
[2026-03-10 04:05:50]       Pearson r=0.0698±0.3709, MSE=1.2913 (100 pert genes)
[2026-03-10 04:05:50] 
  --- GF-12L95M ---
[2026-03-10 04:05:50]     Task A: Perturbation Classification...
[2026-03-10 04:15:04]       lr: acc=0.4962±0.0032, f1=0.4486±0.0045 (46155 cells, 100 classes)
[2026-03-10 04:15:04]       mlp: acc=0.4484±0.0042, f1=0.3988±0.0043 (46155 cells, 100 classes)
[2026-03-10 04:15:04]     Task B: Perturbation Effect Similarity...
[2026-03-10 04:15:59]       Spearman r=0.0482 (p=1.96e-02), Pearson r=0.0203 (69 genes, 2346 pairs)
[2026-03-10 04:15:59]     Task C: Perturbation Direction Prediction...
[2026-03-10 04:16:39]       Pearson r=0.0741±0.3122, MSE=1.2779 (69 pert genes)
[2026-03-10 04:16:39] 
======================================================================
[2026-03-10 04:16:39] SUMMARY
[2026-03-10 04:16:39] ======================================================================
[2026-03-10 04:16:39] 
--- Task A: Perturbation Classification (LR) ---
[2026-03-10 04:16:39] Dataset         difference_v3             baseline                  scGPT_human               GF-12L95M                
[2026-03-10 04:16:39] -----------------------------------------------------------------------------------------------------------------------
[2026-03-10 04:16:39] adamson         acc=0.2519 f1=0.2192  acc=0.2691 f1=0.2389  acc=0.2900 f1=0.2660  acc=0.3026 f1=0.2780  
[2026-03-10 04:16:39] dixit           acc=0.1918 f1=0.0945  acc=0.1930 f1=0.0974  acc=0.1848 f1=0.1112  acc=0.1850 f1=0.1110  
[2026-03-10 04:16:39] norman          acc=0.4519 f1=0.4028  acc=0.4704 f1=0.4227  acc=0.5076 f1=0.4632  acc=0.4962 f1=0.4486  
[2026-03-10 04:16:39] 
--- Task B: Perturbation Effect Similarity ---
[2026-03-10 04:16:39] Dataset         difference_v3        baseline             scGPT_human          GF-12L95M           
[2026-03-10 04:16:39] ---------------------------------------------------------------------------------------------------
[2026-03-10 04:16:39] adamson         ρ=0.0080           ρ=0.1224           ρ=0.1345           ρ=0.1335           
[2026-03-10 04:16:39] dixit           ρ=0.2418           ρ=0.2618           ρ=0.3451           ρ=0.3838           
[2026-03-10 04:16:39] norman          ρ=0.0313           ρ=0.0515           ρ=0.0685           ρ=0.0482           
[2026-03-10 04:16:39] 
--- Task C: Perturbation Direction Prediction ---
[2026-03-10 04:16:39] Dataset         difference_v3        baseline             scGPT_human          GF-12L95M           
[2026-03-10 04:16:39] ---------------------------------------------------------------------------------------------------
[2026-03-10 04:16:39] adamson         r=0.1050            r=0.1224            r=0.1683            r=0.0461            
[2026-03-10 04:16:39] dixit           r=0.2318            r=0.2679            r=0.2120            r=0.5533            
[2026-03-10 04:16:39] norman          r=0.0376            r=0.1499            r=0.0698            r=0.0741            
[2026-03-10 04:16:39] 
Results saved to /root/autodl-tmp/perturbation_benchmark/perturbation_results.csv
[2026-03-10 04:16:39] 
Done!
       
[2026-03-10 04:16:39] 
Results saved to /root/autodl-tmp/perturbation_benchmark/perturbation_results.csv
[2026-03-10 04:16:39] 
Done!
[2026-03-26 15:41:23] ======================================================================
[2026-03-26 15:41:23] Perturbation Benchmark - Embedding Only
[2026-03-26 15:41:23] ======================================================================
[2026-03-26 15:41:23] Vocab: 60697 genes
[2026-03-26 15:41:23] Loaded minus: (60697, 256)
[2026-03-26 15:41:23] Loaded baseline: (60697, 256)
[2026-03-26 15:41:23] Loaded scGPT_human: (60697, 512)
[2026-03-26 15:41:23] Loaded v4_bias_rec_best: (60697, 256)
[2026-03-26 15:41:23] Loaded v4_plain_best: (60697, 256)
[2026-03-26 15:41:23] Loaded v4_type_pe_best: (60697, 256)
[2026-03-26 15:41:24] 
======================================================================
[2026-03-26 15:41:24] Dataset: adamson
[2026-03-26 15:41:24] ======================================================================
[2026-03-26 15:41:31]   Cells: 63585 (control=24263, perturbed=39322)
[2026-03-26 15:41:31]   Unique perturbation genes: 75
[2026-03-26 15:41:31] 
  --- minus ---
[2026-03-26 15:41:31]     Task A: Perturbation Classification...
[2026-03-26 15:46:24]       lr: acc=0.2750±0.0047, f1=0.2436±0.0055 (39322 cells, 75 classes)
[2026-03-26 15:46:24]       mlp: acc=0.2466±0.0048, f1=0.2128±0.0067 (39322 cells, 75 classes)
[2026-03-26 15:46:24]     Task B: Perturbation Effect Similarity...
[2026-03-26 15:46:28]       Spearman r=0.1633 (p=4.79e-18), Pearson r=0.1738 (75 genes, 2775 pairs)
[2026-03-26 15:46:28]     Task C: Perturbation Direction Prediction...
[2026-03-26 15:46:31]       Pearson r=0.1294±0.3525, MSE=1.2885 (75 pert genes)
[2026-03-26 15:46:31]     Task D: Cell-type-specific Delta Regression...
[2026-03-26 15:46:31]       Skipped (missing cell types or not enough data)
[2026-03-26 15:46:31] 
  --- baseline ---
[2026-03-26 15:46:31]     Task A: Perturbation Classification...
[2026-03-26 15:50:59]       lr: acc=0.2744±0.0057, f1=0.2444±0.0056 (39322 cells, 75 classes)
[2026-03-26 15:50:59]       mlp: acc=0.2524±0.0033, f1=0.2173±0.0047 (39322 cells, 75 classes)
[2026-03-26 15:50:59]     Task B: Perturbation Effect Similarity...
[2026-03-26 15:51:03]       Spearman r=0.1382 (p=2.61e-13), Pearson r=0.1418 (75 genes, 2775 pairs)
[2026-03-26 15:51:03]     Task C: Perturbation Direction Prediction...
[2026-03-26 15:51:06]       Pearson r=0.1006±0.4030, MSE=1.3902 (75 pert genes)
[2026-03-26 15:51:06]     Task D: Cell-type-specific Delta Regression...
[2026-03-26 15:51:06]       Skipped (missing cell types or not enough data)
[2026-03-26 15:51:06] 
  --- scGPT_human ---
[2026-03-26 15:51:06]     Task A: Perturbation Classification...
[2026-03-26 15:56:58]       lr: acc=0.2897±0.0020, f1=0.2661±0.0031 (39322 cells, 75 classes)
[2026-03-26 15:56:58]       mlp: acc=0.2782±0.0044, f1=0.2489±0.0050 (39322 cells, 75 classes)
[2026-03-26 15:56:58]     Task B: Perturbation Effect Similarity...
[2026-03-26 15:57:05]       Spearman r=0.1323 (p=2.66e-12), Pearson r=0.1555 (75 genes, 2775 pairs)
[2026-03-26 15:57:05]     Task C: Perturbation Direction Prediction...
[2026-03-26 15:57:11]       Pearson r=0.1676±0.3616, MSE=1.1143 (75 pert genes)
[2026-03-26 15:57:11]     Task D: Cell-type-specific Delta Regression...
[2026-03-26 15:57:11]       Skipped (missing cell types or not enough data)
[2026-03-26 15:57:11] 
  --- v4_bias_rec_best ---
[2026-03-26 15:57:11]     Task A: Perturbation Classification...
[2026-03-26 16:02:14]       lr: acc=0.2668±0.0045, f1=0.2347±0.0050 (39322 cells, 75 classes)
[2026-03-26 16:02:14]       mlp: acc=0.2342±0.0021, f1=0.1972±0.0069 (39322 cells, 75 classes)
[2026-03-26 16:02:14]     Task B: Perturbation Effect Similarity...
[2026-03-26 16:02:17]       Spearman r=0.1001 (p=1.28e-07), Pearson r=0.0977 (75 genes, 2775 pairs)
[2026-03-26 16:02:17]     Task C: Perturbation Direction Prediction...
[2026-03-26 16:02:20]       Pearson r=0.1473±0.3731, MSE=1.5714 (75 pert genes)
[2026-03-26 16:02:20]     Task D: Cell-type-specific Delta Regression...
[2026-03-26 16:02:20]       Skipped (missing cell types or not enough data)
[2026-03-26 16:02:20] 
  --- v4_plain_best ---
[2026-03-26 16:02:20]     Task A: Perturbation Classification...
[2026-03-26 16:06:01]       lr: acc=0.2706±0.0021, f1=0.2415±0.0025 (39322 cells, 75 classes)
[2026-03-26 16:06:01]       mlp: acc=0.2508±0.0018, f1=0.2194±0.0030 (39322 cells, 75 classes)
[2026-03-26 16:06:01]     Task B: Perturbation Effect Similarity...
[2026-03-26 16:06:05]       Spearman r=0.1152 (p=1.15e-09), Pearson r=0.1429 (75 genes, 2775 pairs)
[2026-03-26 16:06:05]     Task C: Perturbation Direction Prediction...
[2026-03-26 16:06:07]       Pearson r=0.0751±0.3992, MSE=1.4834 (75 pert genes)
[2026-03-26 16:06:07]     Task D: Cell-type-specific Delta Regression...
[2026-03-26 16:06:07]       Skipped (missing cell types or not enough data)
[2026-03-26 16:06:07] 
  --- v4_type_pe_best ---
[2026-03-26 16:06:07]     Task A: Perturbation Classification...
[2026-03-26 16:09:50]       lr: acc=0.2716±0.0053, f1=0.2420±0.0052 (39322 cells, 75 classes)
[2026-03-26 16:09:50]       mlp: acc=0.2463±0.0027, f1=0.2104±0.0053 (39322 cells, 75 classes)
[2026-03-26 16:09:50]     Task B: Perturbation Effect Similarity...
[2026-03-26 16:09:54]       Spearman r=0.1198 (p=2.41e-10), Pearson r=0.1475 (75 genes, 2775 pairs)
[2026-03-26 16:09:54]     Task C: Perturbation Direction Prediction...
[2026-03-26 16:09:56]       Pearson r=0.1097±0.3610, MSE=1.3561 (75 pert genes)
[2026-03-26 16:09:56]     Task D: Cell-type-specific Delta Regression...
[2026-03-26 16:09:56]       Skipped (missing cell types or not enough data)
[2026-03-26 16:09:56] 
======================================================================
[2026-03-26 16:09:56] Dataset: dixit
[2026-03-26 16:09:56] ======================================================================
[2026-03-26 16:10:01]   Cells: 44735 (control=12042, perturbed=32693)
[2026-03-26 16:10:01]   Unique perturbation genes: 19
[2026-03-26 16:10:01] 
  --- minus ---
[2026-03-26 16:10:01]     Task A: Perturbation Classification...
[2026-03-26 16:11:19]       lr: acc=0.1949±0.0036, f1=0.0966±0.0029 (32693 cells, 19 classes)
[2026-03-26 16:11:19]       mlp: acc=0.2001±0.0061, f1=0.0834±0.0039 (32693 cells, 19 classes)
[2026-03-26 16:11:19]     Task B: Perturbation Effect Similarity...
[2026-03-26 16:11:20]       Spearman r=0.2499 (p=9.79e-04), Pearson r=0.3368 (19 genes, 171 pairs)
[2026-03-26 16:11:20]     Task C: Perturbation Direction Prediction...
[2026-03-26 16:11:21]       Pearson r=0.2459±0.6042, MSE=1.2187 (19 pert genes)
[2026-03-26 16:11:21]     Task D: Cell-type-specific Delta Regression...
[2026-03-26 16:11:21]       Skipped (missing cell types or not enough data)
[2026-03-26 16:11:21] 
  --- baseline ---
[2026-03-26 16:11:21]     Task A: Perturbation Classification...
[2026-03-26 16:12:37]       lr: acc=0.1925±0.0036, f1=0.0970±0.0029 (32693 cells, 19 classes)
[2026-03-26 16:12:37]       mlp: acc=0.2034±0.0025, f1=0.0809±0.0063 (32693 cells, 19 classes)
[2026-03-26 16:12:37]     Task B: Perturbation Effect Similarity...
[2026-03-26 16:12:38]       Spearman r=0.2025 (p=7.90e-03), Pearson r=0.3086 (19 genes, 171 pairs)
[2026-03-26 16:12:38]     Task C: Perturbation Direction Prediction...
[2026-03-26 16:12:39]       Pearson r=0.2683±0.5920, MSE=1.2440 (19 pert genes)
[2026-03-26 16:12:39]     Task D: Cell-type-specific Delta Regression...
[2026-03-26 16:12:39]       Skipped (missing cell types or not enough data)
[2026-03-26 16:12:39] 
  --- scGPT_human ---
[2026-03-26 16:12:39]     Task A: Perturbation Classification...
[2026-03-26 16:15:04]       lr: acc=0.1846±0.0033, f1=0.1115±0.0047 (32693 cells, 19 classes)
[2026-03-26 16:15:04]       mlp: acc=0.1966±0.0055, f1=0.0887±0.0080 (32693 cells, 19 classes)
[2026-03-26 16:15:04]     Task B: Perturbation Effect Similarity...
[2026-03-26 16:15:06]       Spearman r=0.3451 (p=3.79e-06), Pearson r=0.4053 (19 genes, 171 pairs)
[2026-03-26 16:15:06]     Task C: Perturbation Direction Prediction...
[2026-03-26 16:15:07]       Pearson r=0.2109±0.6284, MSE=1.1228 (19 pert genes)
[2026-03-26 16:15:07]     Task D: Cell-type-specific Delta Regression...
[2026-03-26 16:15:07]       Skipped (missing cell types or not enough data)
[2026-03-26 16:15:07] 
  --- v4_bias_rec_best ---
[2026-03-26 16:15:07]     Task A: Perturbation Classification...
[2026-03-26 16:16:34]       lr: acc=0.1945±0.0036, f1=0.0980±0.0027 (32693 cells, 19 classes)
[2026-03-26 16:16:34]       mlp: acc=0.2007±0.0064, f1=0.0778±0.0057 (32693 cells, 19 classes)
[2026-03-26 16:16:34]     Task B: Perturbation Effect Similarity...
[2026-03-26 16:16:35]       Spearman r=0.1866 (p=1.45e-02), Pearson r=0.3285 (19 genes, 171 pairs)
[2026-03-26 16:16:35]     Task C: Perturbation Direction Prediction...
[2026-03-26 16:16:36]       Pearson r=0.3645±0.4926, MSE=1.0477 (19 pert genes)
[2026-03-26 16:16:36]     Task D: Cell-type-specific Delta Regression...
[2026-03-26 16:16:36]       Skipped (missing cell types or not enough data)
[2026-03-26 16:16:36] 
  --- v4_plain_best ---
[2026-03-26 16:16:36]     Task A: Perturbation Classification...
[2026-03-26 16:17:47]       lr: acc=0.1933±0.0034, f1=0.0966±0.0039 (32693 cells, 19 classes)
[2026-03-26 16:17:47]       mlp: acc=0.2025±0.0049, f1=0.0824±0.0035 (32693 cells, 19 classes)
[2026-03-26 16:17:47]     Task B: Perturbation Effect Similarity...
[2026-03-26 16:17:48]       Spearman r=0.2172 (p=4.33e-03), Pearson r=0.3195 (19 genes, 171 pairs)
[2026-03-26 16:17:48]     Task C: Perturbation Direction Prediction...
[2026-03-26 16:17:49]       Pearson r=0.2704±0.5775, MSE=1.1358 (19 pert genes)
[2026-03-26 16:17:49]     Task D: Cell-type-specific Delta Regression...
[2026-03-26 16:17:49]       Skipped (missing cell types or not enough data)
[2026-03-26 16:17:49] 
  --- v4_type_pe_best ---
[2026-03-26 16:17:49]     Task A: Perturbation Classification...
[2026-03-26 16:19:04]       lr: acc=0.1937±0.0024, f1=0.0993±0.0036 (32693 cells, 19 classes)
[2026-03-26 16:19:04]       mlp: acc=0.1985±0.0062, f1=0.0861±0.0047 (32693 cells, 19 classes)
[2026-03-26 16:19:04]     Task B: Perturbation Effect Similarity...
[2026-03-26 16:19:05]       Spearman r=0.1561 (p=4.15e-02), Pearson r=0.2966 (19 genes, 171 pairs)
[2026-03-26 16:19:05]     Task C: Perturbation Direction Prediction...
[2026-03-26 16:19:06]       Pearson r=0.2087±0.6377, MSE=1.2516 (19 pert genes)
[2026-03-26 16:19:06]     Task D: Cell-type-specific Delta Regression...
[2026-03-26 16:19:06]       Skipped (missing cell types or not enough data)
[2026-03-26 16:19:06] 
======================================================================
[2026-03-26 16:19:06] Dataset: norman
[2026-03-26 16:19:06] ======================================================================
[2026-03-26 16:19:09]   Cells: 53508 (control=7353, perturbed=46155)
[2026-03-26 16:19:09]   Unique perturbation genes: 100
[2026-03-26 16:19:09] 
  --- minus ---
[2026-03-26 16:19:09]     Task A: Perturbation Classification...
[2026-03-26 16:23:27]       lr: acc=0.4783±0.0036, f1=0.4311±0.0038 (46155 cells, 100 classes)
[2026-03-26 16:23:27]       mlp: acc=0.4126±0.0020, f1=0.3588±0.0013 (46155 cells, 100 classes)
[2026-03-26 16:23:27]     Task B: Perturbation Effect Similarity...
[2026-03-26 16:23:31]       Spearman r=0.0657 (p=3.69e-06), Pearson r=0.0490 (100 genes, 4950 pairs)
[2026-03-26 16:23:31]     Task C: Perturbation Direction Prediction...
[2026-03-26 16:23:34]       Pearson r=0.0446±0.3844, MSE=1.7565 (100 pert genes)
[2026-03-26 16:23:34]     Task D: Cell-type-specific Delta Regression...
[2026-03-26 16:23:34]       Skipped (missing cell types or not enough data)
[2026-03-26 16:23:34] 
  --- baseline ---
[2026-03-26 16:23:34]     Task A: Perturbation Classification...
[2026-03-26 16:27:32]       lr: acc=0.4719±0.0038, f1=0.4244±0.0019 (46155 cells, 100 classes)
[2026-03-26 16:27:32]       mlp: acc=0.4164±0.0042, f1=0.3646±0.0060 (46155 cells, 100 classes)
[2026-03-26 16:27:32]     Task B: Perturbation Effect Similarity...
[2026-03-26 16:27:37]       Spearman r=0.1010 (p=1.06e-12), Pearson r=0.0831 (100 genes, 4950 pairs)
[2026-03-26 16:27:37]     Task C: Perturbation Direction Prediction...
[2026-03-26 16:27:40]       Pearson r=0.1422±0.3693, MSE=1.4938 (100 pert genes)
[2026-03-26 16:27:40]     Task D: Cell-type-specific Delta Regression...
[2026-03-26 16:27:40]       Skipped (missing cell types or not enough data)
[2026-03-26 16:27:40] 
  --- scGPT_human ---
[2026-03-26 16:27:40]     Task A: Perturbation Classification...
[2026-03-26 16:33:28]       lr: acc=0.5063±0.0045, f1=0.4623±0.0076 (46155 cells, 100 classes)
[2026-03-26 16:33:28]       mlp: acc=0.4686±0.0051, f1=0.4203±0.0055 (46155 cells, 100 classes)
[2026-03-26 16:33:28]     Task B: Perturbation Effect Similarity...
[2026-03-26 16:33:34]       Spearman r=0.0682 (p=1.56e-06), Pearson r=0.0476 (100 genes, 4950 pairs)
[2026-03-26 16:33:34]     Task C: Perturbation Direction Prediction...
[2026-03-26 16:33:39]       Pearson r=0.0688±0.3710, MSE=1.2932 (100 pert genes)
[2026-03-26 16:33:39]     Task D: Cell-type-specific Delta Regression...
[2026-03-26 16:33:39]       Skipped (missing cell types or not enough data)
[2026-03-26 16:33:39] 
  --- v4_bias_rec_best ---
[2026-03-26 16:33:39]     Task A: Perturbation Classification...
[2026-03-26 16:38:46]       lr: acc=0.4737±0.0026, f1=0.4247±0.0027 (46155 cells, 100 classes)
[2026-03-26 16:38:46]       mlp: acc=0.3968±0.0049, f1=0.3412±0.0018 (46155 cells, 100 classes)
[2026-03-26 16:38:46]     Task B: Perturbation Effect Similarity...
[2026-03-26 16:38:51]       Spearman r=0.0635 (p=7.74e-06), Pearson r=0.0367 (100 genes, 4950 pairs)
[2026-03-26 16:38:51]     Task C: Perturbation Direction Prediction...
[2026-03-26 16:38:54]       Pearson r=0.0913±0.4080, MSE=1.9016 (100 pert genes)
[2026-03-26 16:38:54]     Task D: Cell-type-specific Delta Regression...
[2026-03-26 16:38:54]       Skipped (missing cell types or not enough data)
[2026-03-26 16:38:54] 
  --- v4_plain_best ---
[2026-03-26 16:38:54]     Task A: Perturbation Classification...
[2026-03-26 16:43:03]       lr: acc=0.4660±0.0049, f1=0.4182±0.0045 (46155 cells, 100 classes)
[2026-03-26 16:43:03]       mlp: acc=0.4146±0.0057, f1=0.3604±0.0033 (46155 cells, 100 classes)
[2026-03-26 16:43:03]     Task B: Perturbation Effect Similarity...
[2026-03-26 16:43:08]       Spearman r=0.0538 (p=1.51e-04), Pearson r=0.0436 (100 genes, 4950 pairs)
[2026-03-26 16:43:08]     Task C: Perturbation Direction Prediction...
[2026-03-26 16:43:11]       Pearson r=0.0855±0.3532, MSE=1.5994 (100 pert genes)
[2026-03-26 16:43:11]     Task D: Cell-type-specific Delta Regression...
[2026-03-26 16:43:11]       Skipped (missing cell types or not enough data)
[2026-03-26 16:43:11] 
  --- v4_type_pe_best ---
[2026-03-26 16:43:11]     Task A: Perturbation Classification...
[2026-03-26 16:47:13]       lr: acc=0.4727±0.0041, f1=0.4272±0.0034 (46155 cells, 100 classes)
[2026-03-26 16:47:13]       mlp: acc=0.4110±0.0047, f1=0.3569±0.0074 (46155 cells, 100 classes)
[2026-03-26 16:47:13]     Task B: Perturbation Effect Similarity...
[2026-03-26 16:47:18]       Spearman r=0.0424 (p=2.87e-03), Pearson r=0.0320 (100 genes, 4950 pairs)
[2026-03-26 16:47:18]     Task C: Perturbation Direction Prediction...
[2026-03-26 16:47:21]       Pearson r=0.0643±0.3467, MSE=1.7082 (100 pert genes)
[2026-03-26 16:47:21]     Task D: Cell-type-specific Delta Regression...
[2026-03-26 16:47:21]       Skipped (missing cell types or not enough data)
[2026-03-26 16:47:21] 
======================================================================
[2026-03-26 16:47:21] SUMMARY
[2026-03-26 16:47:21] ======================================================================
[2026-03-26 16:47:21] 
--- Task A: Perturbation Classification (LR) ---
[2026-03-26 16:47:21] Dataset         minus                     baseline                  scGPT_human               v4_bias_rec_best          v4_plain_best             v4_type_pe_best          
[2026-03-26 16:47:21] ---------------------------------------------------------------------------------------------------------------------------------------------------------------------------
[2026-03-26 16:47:21] adamson         acc=0.2750 f1=0.2436  acc=0.2744 f1=0.2444  acc=0.2897 f1=0.2661  acc=0.2668 f1=0.2347  acc=0.2706 f1=0.2415  acc=0.2716 f1=0.2420  
[2026-03-26 16:47:21] dixit           acc=0.1949 f1=0.0966  acc=0.1925 f1=0.0970  acc=0.1846 f1=0.1115  acc=0.1945 f1=0.0980  acc=0.1933 f1=0.0966  acc=0.1937 f1=0.0993  
[2026-03-26 16:47:21] norman          acc=0.4783 f1=0.4311  acc=0.4719 f1=0.4244  acc=0.5063 f1=0.4623  acc=0.4737 f1=0.4247  acc=0.4660 f1=0.4182  acc=0.4727 f1=0.4272  
[2026-03-26 16:47:21] 
--- Task B: Perturbation Effect Similarity ---
[2026-03-26 16:47:21] Dataset         minus                baseline             scGPT_human          v4_bias_rec_best     v4_plain_best        v4_type_pe_best     
[2026-03-26 16:47:21] ---------------------------------------------------------------------------------------------------------------------------------------------
[2026-03-26 16:47:21] adamson         ρ=0.1633           ρ=0.1382           ρ=0.1323           ρ=0.1001           ρ=0.1152           ρ=0.1198           
[2026-03-26 16:47:21] dixit           ρ=0.2499           ρ=0.2025           ρ=0.3451           ρ=0.1866           ρ=0.2172           ρ=0.1561           
[2026-03-26 16:47:21] norman          ρ=0.0657           ρ=0.1010           ρ=0.0682           ρ=0.0635           ρ=0.0538           ρ=0.0424           
[2026-03-26 16:47:21] 
--- Task C: Perturbation Direction Prediction ---
[2026-03-26 16:47:21] Dataset         minus                baseline             scGPT_human          v4_bias_rec_best     v4_plain_best        v4_type_pe_best     
[2026-03-26 16:47:21] ---------------------------------------------------------------------------------------------------------------------------------------------
[2026-03-26 16:47:21] adamson         r=0.1294            r=0.1006            r=0.1676            r=0.1473            r=0.0751            r=0.1097            
[2026-03-26 16:47:21] dixit           r=0.2459            r=0.2683            r=0.2109            r=0.3645            r=0.2704            r=0.2087            
[2026-03-26 16:47:21] norman          r=0.0446            r=0.1422            r=0.0688            r=0.0913            r=0.0855            r=0.0643            
[2026-03-26 16:47:21] 
Results saved to /bigdata2/hyt/projects/scbenchmark_xjq/comparison-SC-embedding/perturbation_benchmark/perturbation_results.csv
[2026-03-26 16:47:21] 
Done!
[2026-05-21 13:13:18] ======================================================================
[2026-05-21 13:13:18] Perturbation Benchmark - Embedding Only
[2026-05-21 13:13:18] ======================================================================
[2026-05-21 13:13:19] Vocab: 60697 genes
[2026-05-21 13:13:19] Loaded minus: (60697, 256)
[2026-05-21 13:13:19] Loaded baseline: (60697, 256)
[2026-05-21 13:13:19] Loaded scGPT_human: (60697, 512)
[2026-05-21 13:13:19] Loaded v4_bias_rec_best: (60697, 256)
[2026-05-21 13:13:19] Loaded v4_plain_best: (60697, 256)
[2026-05-21 13:13:19] Loaded v4_type_pe_best: (60697, 256)
[2026-05-21 13:13:20] Loaded scconcept: (60697, 512)
[2026-05-21 13:13:20] 
======================================================================
[2026-05-21 13:13:20] Dataset: adamson
[2026-05-21 13:13:20] ======================================================================
[2026-05-21 13:13:33]   Cells: 63585 (control=24263, perturbed=39322)
[2026-05-21 13:13:33]   Unique perturbation genes: 75
[2026-05-21 13:13:33] 
  --- minus ---
[2026-05-21 13:13:33]     Task A: Perturbation Classification...
[2026-05-21 13:19:23]       lr: acc=0.2750±0.0047, f1=0.2436±0.0055 (39322 cells, 75 classes)
[2026-05-21 13:19:23]       mlp: acc=0.2466±0.0048, f1=0.2128±0.0067 (39322 cells, 75 classes)
[2026-05-21 13:19:23]     Task B: Perturbation Effect Similarity...
[2026-05-21 13:19:28]       Spearman r=0.1633 (p=4.79e-18), Pearson r=0.1738 (75 genes, 2775 pairs)
[2026-05-21 13:19:28]     Task C: Perturbation Direction Prediction...
[2026-05-21 13:19:32]       Pearson r=0.1294±0.3525, MSE=1.2885 (75 pert genes)
[2026-05-21 13:19:32]     Task D: Cell-type-specific Delta Regression...
[2026-05-21 13:19:32]       Skipped (missing cell types or not enough data)
[2026-05-21 13:19:32] 
  --- baseline ---
[2026-05-21 13:19:32]     Task A: Perturbation Classification...
[2026-05-21 13:24:48]       lr: acc=0.2744±0.0057, f1=0.2444±0.0056 (39322 cells, 75 classes)
[2026-05-21 13:24:48]       mlp: acc=0.2524±0.0033, f1=0.2173±0.0047 (39322 cells, 75 classes)
[2026-05-21 13:24:48]     Task B: Perturbation Effect Similarity...
[2026-05-21 13:24:53]       Spearman r=0.1382 (p=2.61e-13), Pearson r=0.1418 (75 genes, 2775 pairs)
[2026-05-21 13:24:53]     Task C: Perturbation Direction Prediction...
[2026-05-21 13:24:57]       Pearson r=0.1006±0.4030, MSE=1.3902 (75 pert genes)
[2026-05-21 13:24:57]     Task D: Cell-type-specific Delta Regression...
[2026-05-21 13:24:57]       Skipped (missing cell types or not enough data)
[2026-05-21 13:24:57] 
  --- scGPT_human ---
[2026-05-21 13:24:57]     Task A: Perturbation Classification...
[2026-05-21 13:32:57]       lr: acc=0.2897±0.0020, f1=0.2661±0.0031 (39322 cells, 75 classes)
[2026-05-21 13:32:57]       mlp: acc=0.2782±0.0044, f1=0.2489±0.0050 (39322 cells, 75 classes)
[2026-05-21 13:32:57]     Task B: Perturbation Effect Similarity...
[2026-05-21 13:33:06]       Spearman r=0.1323 (p=2.66e-12), Pearson r=0.1555 (75 genes, 2775 pairs)
[2026-05-21 13:33:06]     Task C: Perturbation Direction Prediction...
[2026-05-21 13:33:16]       Pearson r=0.1676±0.3616, MSE=1.1143 (75 pert genes)
[2026-05-21 13:33:16]     Task D: Cell-type-specific Delta Regression...
[2026-05-21 13:33:16]       Skipped (missing cell types or not enough data)
[2026-05-21 13:33:16] 
  --- v4_bias_rec_best ---
[2026-05-21 13:33:16]     Task A: Perturbation Classification...
[2026-05-21 13:40:23]       lr: acc=0.2668±0.0045, f1=0.2347±0.0050 (39322 cells, 75 classes)
[2026-05-21 13:40:23]       mlp: acc=0.2342±0.0021, f1=0.1972±0.0069 (39322 cells, 75 classes)
[2026-05-21 13:40:23]     Task B: Perturbation Effect Similarity...
[2026-05-21 13:40:29]       Spearman r=0.1001 (p=1.28e-07), Pearson r=0.0977 (75 genes, 2775 pairs)
[2026-05-21 13:40:29]     Task C: Perturbation Direction Prediction...
[2026-05-21 13:40:34]       Pearson r=0.1473±0.3731, MSE=1.5714 (75 pert genes)
[2026-05-21 13:40:34]     Task D: Cell-type-specific Delta Regression...
[2026-05-21 13:40:34]       Skipped (missing cell types or not enough data)
[2026-05-21 13:40:34] 
  --- v4_plain_best ---
[2026-05-21 13:40:34]     Task A: Perturbation Classification...
[2026-05-21 13:45:48]       lr: acc=0.2706±0.0021, f1=0.2415±0.0025 (39322 cells, 75 classes)
[2026-05-21 13:45:48]       mlp: acc=0.2508±0.0018, f1=0.2194±0.0030 (39322 cells, 75 classes)
[2026-05-21 13:45:48]     Task B: Perturbation Effect Similarity...
[2026-05-21 13:45:54]       Spearman r=0.1152 (p=1.15e-09), Pearson r=0.1429 (75 genes, 2775 pairs)
[2026-05-21 13:45:54]     Task C: Perturbation Direction Prediction...
[2026-05-21 13:45:58]       Pearson r=0.0751±0.3992, MSE=1.4834 (75 pert genes)
[2026-05-21 13:45:58]     Task D: Cell-type-specific Delta Regression...
[2026-05-21 13:45:58]       Skipped (missing cell types or not enough data)
[2026-05-21 13:45:58] 
  --- v4_type_pe_best ---
[2026-05-21 13:45:58]     Task A: Perturbation Classification...
[2026-05-21 13:51:18]       lr: acc=0.2716±0.0053, f1=0.2420±0.0052 (39322 cells, 75 classes)
[2026-05-21 13:51:18]       mlp: acc=0.2463±0.0027, f1=0.2104±0.0053 (39322 cells, 75 classes)
[2026-05-21 13:51:18]     Task B: Perturbation Effect Similarity...
[2026-05-21 13:51:23]       Spearman r=0.1198 (p=2.41e-10), Pearson r=0.1475 (75 genes, 2775 pairs)
[2026-05-21 13:51:23]     Task C: Perturbation Direction Prediction...
[2026-05-21 13:51:27]       Pearson r=0.1097±0.3610, MSE=1.3561 (75 pert genes)
[2026-05-21 13:51:27]     Task D: Cell-type-specific Delta Regression...
[2026-05-21 13:51:27]       Skipped (missing cell types or not enough data)
[2026-05-21 13:51:27] 
  --- scconcept ---
[2026-05-21 13:51:27]     Task A: Perturbation Classification...
[2026-05-21 13:56:50]       lr: acc=0.2681±0.0049, f1=0.2421±0.0038 (39322 cells, 75 classes)
[2026-05-21 13:56:50]       mlp: acc=0.2577±0.0035, f1=0.2233±0.0077 (39322 cells, 75 classes)
[2026-05-21 13:56:50]     Task B: Perturbation Effect Similarity...
[2026-05-21 13:57:01]       Spearman r=0.0306 (p=1.07e-01), Pearson r=0.0122 (75 genes, 2775 pairs)
[2026-05-21 13:57:01]     Task C: Perturbation Direction Prediction...
[2026-05-21 13:57:10]       Pearson r=0.0152±0.2365, MSE=1.3039 (75 pert genes)
[2026-05-21 13:57:10]     Task D: Cell-type-specific Delta Regression...
[2026-05-21 13:57:10]       Skipped (missing cell types or not enough data)
[2026-05-21 13:57:10] 
======================================================================
[2026-05-21 13:57:10] Dataset: dixit
[2026-05-21 13:57:10] ======================================================================
[2026-05-21 13:57:19]   Cells: 44735 (control=12042, perturbed=32693)
[2026-05-21 13:57:19]   Unique perturbation genes: 19
[2026-05-21 13:57:19] 
  --- minus ---
[2026-05-21 13:57:19]     Task A: Perturbation Classification...
[2026-05-21 13:59:16]       lr: acc=0.1949±0.0036, f1=0.0966±0.0029 (32693 cells, 19 classes)
[2026-05-21 13:59:16]       mlp: acc=0.2001±0.0061, f1=0.0834±0.0039 (32693 cells, 19 classes)
[2026-05-21 13:59:16]     Task B: Perturbation Effect Similarity...
[2026-05-21 13:59:17]       Spearman r=0.2499 (p=9.79e-04), Pearson r=0.3368 (19 genes, 171 pairs)
[2026-05-21 13:59:17]     Task C: Perturbation Direction Prediction...
[2026-05-21 13:59:18]       Pearson r=0.2459±0.6042, MSE=1.2187 (19 pert genes)
[2026-05-21 13:59:18]     Task D: Cell-type-specific Delta Regression...
[2026-05-21 13:59:18]       Skipped (missing cell types or not enough data)
[2026-05-21 13:59:18] 
  --- baseline ---
[2026-05-21 13:59:18]     Task A: Perturbation Classification...
[2026-05-21 14:01:06]       lr: acc=0.1925±0.0036, f1=0.0970±0.0029 (32693 cells, 19 classes)
[2026-05-21 14:01:06]       mlp: acc=0.2034±0.0025, f1=0.0809±0.0063 (32693 cells, 19 classes)
[2026-05-21 14:01:06]     Task B: Perturbation Effect Similarity...
[2026-05-21 14:01:07]       Spearman r=0.2025 (p=7.90e-03), Pearson r=0.3086 (19 genes, 171 pairs)
[2026-05-21 14:01:07]     Task C: Perturbation Direction Prediction...
[2026-05-21 14:01:08]       Pearson r=0.2683±0.5920, MSE=1.2440 (19 pert genes)
[2026-05-21 14:01:08]     Task D: Cell-type-specific Delta Regression...
[2026-05-21 14:01:08]       Skipped (missing cell types or not enough data)
[2026-05-21 14:01:08] 
  --- scGPT_human ---
[2026-05-21 14:01:08]     Task A: Perturbation Classification...
[2026-05-21 14:04:22]       lr: acc=0.1846±0.0033, f1=0.1115±0.0047 (32693 cells, 19 classes)
[2026-05-21 14:04:22]       mlp: acc=0.1966±0.0055, f1=0.0887±0.0080 (32693 cells, 19 classes)
[2026-05-21 14:04:22]     Task B: Perturbation Effect Similarity...
[2026-05-21 14:04:25]       Spearman r=0.3451 (p=3.79e-06), Pearson r=0.4053 (19 genes, 171 pairs)
[2026-05-21 14:04:25]     Task C: Perturbation Direction Prediction...
[2026-05-21 14:04:27]       Pearson r=0.2109±0.6284, MSE=1.1228 (19 pert genes)
[2026-05-21 14:04:27]     Task D: Cell-type-specific Delta Regression...
[2026-05-21 14:04:27]       Skipped (missing cell types or not enough data)
[2026-05-21 14:04:27] 
  --- v4_bias_rec_best ---
[2026-05-21 14:04:27]     Task A: Perturbation Classification...
[2026-05-21 14:06:44]       lr: acc=0.1945±0.0036, f1=0.0980±0.0027 (32693 cells, 19 classes)
[2026-05-21 14:06:44]       mlp: acc=0.2007±0.0064, f1=0.0778±0.0057 (32693 cells, 19 classes)
[2026-05-21 14:06:44]     Task B: Perturbation Effect Similarity...
[2026-05-21 14:06:46]       Spearman r=0.1866 (p=1.45e-02), Pearson r=0.3285 (19 genes, 171 pairs)
[2026-05-21 14:06:46]     Task C: Perturbation Direction Prediction...
[2026-05-21 14:06:47]       Pearson r=0.3645±0.4926, MSE=1.0477 (19 pert genes)
[2026-05-21 14:06:47]     Task D: Cell-type-specific Delta Regression...
[2026-05-21 14:06:47]       Skipped (missing cell types or not enough data)
[2026-05-21 14:06:47] 
  --- v4_plain_best ---
[2026-05-21 14:06:47]     Task A: Perturbation Classification...
[2026-05-21 14:08:52]       lr: acc=0.1933±0.0034, f1=0.0966±0.0039 (32693 cells, 19 classes)
[2026-05-21 14:08:52]       mlp: acc=0.2025±0.0049, f1=0.0824±0.0035 (32693 cells, 19 classes)
[2026-05-21 14:08:52]     Task B: Perturbation Effect Similarity...
[2026-05-21 14:08:53]       Spearman r=0.2172 (p=4.33e-03), Pearson r=0.3195 (19 genes, 171 pairs)
[2026-05-21 14:08:53]     Task C: Perturbation Direction Prediction...
[2026-05-21 14:08:55]       Pearson r=0.2704±0.5775, MSE=1.1358 (19 pert genes)
[2026-05-21 14:08:55]     Task D: Cell-type-specific Delta Regression...
[2026-05-21 14:08:55]       Skipped (missing cell types or not enough data)
[2026-05-21 14:08:55] 
  --- v4_type_pe_best ---
[2026-05-21 14:08:55]     Task A: Perturbation Classification...
[2026-05-21 14:11:11]       lr: acc=0.1937±0.0024, f1=0.0993±0.0036 (32693 cells, 19 classes)
[2026-05-21 14:11:11]       mlp: acc=0.1985±0.0062, f1=0.0861±0.0047 (32693 cells, 19 classes)
[2026-05-21 14:11:11]     Task B: Perturbation Effect Similarity...
[2026-05-21 14:11:13]       Spearman r=0.1561 (p=4.15e-02), Pearson r=0.2966 (19 genes, 171 pairs)
[2026-05-21 14:11:13]     Task C: Perturbation Direction Prediction...
[2026-05-21 14:11:14]       Pearson r=0.2087±0.6377, MSE=1.2516 (19 pert genes)
[2026-05-21 14:11:14]     Task D: Cell-type-specific Delta Regression...
[2026-05-21 14:11:14]       Skipped (missing cell types or not enough data)
[2026-05-21 14:11:14] 
  --- scconcept ---
[2026-05-21 14:11:14]     Task A: Perturbation Classification...
[2026-05-21 14:14:04]       lr: acc=0.1816±0.0034, f1=0.1093±0.0035 (32693 cells, 19 classes)
[2026-05-21 14:14:04]       mlp: acc=0.1929±0.0045, f1=0.0772±0.0009 (32693 cells, 19 classes)
[2026-05-21 14:14:04]     Task B: Perturbation Effect Similarity...
[2026-05-21 14:14:07]       Spearman r=0.0719 (p=3.50e-01), Pearson r=0.0480 (19 genes, 171 pairs)
[2026-05-21 14:14:07]     Task C: Perturbation Direction Prediction...
[2026-05-21 14:14:10]       Pearson r=0.0275±0.3777, MSE=1.2516 (19 pert genes)
[2026-05-21 14:14:10]     Task D: Cell-type-specific Delta Regression...
[2026-05-21 14:14:10]       Skipped (missing cell types or not enough data)
[2026-05-21 14:14:10] 
======================================================================
[2026-05-21 14:14:10] Dataset: norman
[2026-05-21 14:14:10] ======================================================================
[2026-05-21 14:14:16]   Cells: 53508 (control=7353, perturbed=46155)
[2026-05-21 14:14:16]   Unique perturbation genes: 100
[2026-05-21 14:14:16] 
  --- minus ---
[2026-05-21 14:14:16]     Task A: Perturbation Classification...
[2026-05-21 14:21:04]       lr: acc=0.4783±0.0036, f1=0.4311±0.0038 (46155 cells, 100 classes)
[2026-05-21 14:21:04]       mlp: acc=0.4126±0.0020, f1=0.3588±0.0013 (46155 cells, 100 classes)
[2026-05-21 14:21:04]     Task B: Perturbation Effect Similarity...
[2026-05-21 14:21:10]       Spearman r=0.0657 (p=3.69e-06), Pearson r=0.0490 (100 genes, 4950 pairs)
[2026-05-21 14:21:10]     Task C: Perturbation Direction Prediction...
[2026-05-21 14:21:14]       Pearson r=0.0446±0.3844, MSE=1.7565 (100 pert genes)
[2026-05-21 14:21:14]     Task D: Cell-type-specific Delta Regression...
[2026-05-21 14:21:14]       Skipped (missing cell types or not enough data)
[2026-05-21 14:21:14] 
  --- baseline ---
[2026-05-21 14:21:14]     Task A: Perturbation Classification...
[2026-05-21 14:27:39]       lr: acc=0.4719±0.0038, f1=0.4244±0.0019 (46155 cells, 100 classes)
[2026-05-21 14:27:39]       mlp: acc=0.4164±0.0042, f1=0.3646±0.0060 (46155 cells, 100 classes)
[2026-05-21 14:27:39]     Task B: Perturbation Effect Similarity...
[2026-05-21 14:27:46]       Spearman r=0.1010 (p=1.06e-12), Pearson r=0.0831 (100 genes, 4950 pairs)
[2026-05-21 14:27:46]     Task C: Perturbation Direction Prediction...
[2026-05-21 14:27:50]       Pearson r=0.1422±0.3693, MSE=1.4938 (100 pert genes)
[2026-05-21 14:27:50]     Task D: Cell-type-specific Delta Regression...
[2026-05-21 14:27:50]       Skipped (missing cell types or not enough data)
[2026-05-21 14:27:50] 
  --- scGPT_human ---
[2026-05-21 14:27:50]     Task A: Perturbation Classification...
[2026-05-21 14:36:33]       lr: acc=0.5063±0.0045, f1=0.4623±0.0076 (46155 cells, 100 classes)
[2026-05-21 14:36:33]       mlp: acc=0.4686±0.0051, f1=0.4203±0.0055 (46155 cells, 100 classes)
[2026-05-21 14:36:33]     Task B: Perturbation Effect Similarity...
[2026-05-21 14:36:44]       Spearman r=0.0682 (p=1.56e-06), Pearson r=0.0476 (100 genes, 4950 pairs)
[2026-05-21 14:36:44]     Task C: Perturbation Direction Prediction...
[2026-05-21 14:36:53]       Pearson r=0.0688±0.3710, MSE=1.2932 (100 pert genes)
[2026-05-21 14:36:53]     Task D: Cell-type-specific Delta Regression...
[2026-05-21 14:36:53]       Skipped (missing cell types or not enough data)
[2026-05-21 14:36:53] 
  --- v4_bias_rec_best ---
[2026-05-21 14:36:53]     Task A: Perturbation Classification...
[2026-05-21 14:44:32]       lr: acc=0.4737±0.0026, f1=0.4247±0.0027 (46155 cells, 100 classes)
[2026-05-21 14:44:32]       mlp: acc=0.3968±0.0049, f1=0.3412±0.0018 (46155 cells, 100 classes)
[2026-05-21 14:44:32]     Task B: Perturbation Effect Similarity...
[2026-05-21 14:44:38]       Spearman r=0.0635 (p=7.74e-06), Pearson r=0.0367 (100 genes, 4950 pairs)
[2026-05-21 14:44:38]     Task C: Perturbation Direction Prediction...
[2026-05-21 14:44:41]       Pearson r=0.0913±0.4080, MSE=1.9016 (100 pert genes)
[2026-05-21 14:44:41]     Task D: Cell-type-specific Delta Regression...
[2026-05-21 14:44:41]       Skipped (missing cell types or not enough data)
[2026-05-21 14:44:41] 
  --- v4_plain_best ---
[2026-05-21 14:44:41]     Task A: Perturbation Classification...
[2026-05-21 14:50:48]       lr: acc=0.4660±0.0049, f1=0.4182±0.0045 (46155 cells, 100 classes)
[2026-05-21 14:50:48]       mlp: acc=0.4146±0.0057, f1=0.3604±0.0033 (46155 cells, 100 classes)
[2026-05-21 14:50:48]     Task B: Perturbation Effect Similarity...
[2026-05-21 14:50:53]       Spearman r=0.0538 (p=1.51e-04), Pearson r=0.0436 (100 genes, 4950 pairs)
[2026-05-21 14:50:57]     Task C: Perturbation Direction Prediction...
[2026-05-21 14:51:02]       Pearson r=0.0855±0.3532, MSE=1.5994 (100 pert genes)
[2026-05-21 14:51:02]     Task D: Cell-type-specific Delta Regression...
[2026-05-21 14:51:02]       Skipped (missing cell types or not enough data)
[2026-05-21 14:51:02] 
  --- v4_type_pe_best ---
[2026-05-21 14:51:02]     Task A: Perturbation Classification...
[2026-05-21 14:57:08]       lr: acc=0.4727±0.0041, f1=0.4272±0.0034 (46155 cells, 100 classes)
[2026-05-21 14:57:08]       mlp: acc=0.4110±0.0047, f1=0.3569±0.0074 (46155 cells, 100 classes)
[2026-05-21 14:57:08]     Task B: Perturbation Effect Similarity...
[2026-05-21 14:57:14]       Spearman r=0.0424 (p=2.87e-03), Pearson r=0.0320 (100 genes, 4950 pairs)
[2026-05-21 14:57:14]     Task C: Perturbation Direction Prediction...
[2026-05-21 14:57:19]       Pearson r=0.0643±0.3467, MSE=1.7082 (100 pert genes)
[2026-05-21 14:57:20]     Task D: Cell-type-specific Delta Regression...
[2026-05-21 14:57:20]       Skipped (missing cell types or not enough data)
[2026-05-21 14:57:20] 
  --- scconcept ---
[2026-05-21 14:57:20]     Task A: Perturbation Classification...
[2026-05-21 15:03:36]       lr: acc=0.4814±0.0035, f1=0.4335±0.0037 (46155 cells, 100 classes)
[2026-05-21 15:03:36]       mlp: acc=0.4708±0.0044, f1=0.4171±0.0059 (46155 cells, 100 classes)
[2026-05-21 15:03:36]     Task B: Perturbation Effect Similarity...
[2026-05-21 15:03:47]       Spearman r=0.0060 (p=6.72e-01), Pearson r=0.0108 (100 genes, 4950 pairs)
[2026-05-21 15:03:47]     Task C: Perturbation Direction Prediction...
[2026-05-21 15:03:55]       Pearson r=0.0739±0.1782, MSE=1.1929 (100 pert genes)
[2026-05-21 15:03:55]     Task D: Cell-type-specific Delta Regression...
[2026-05-21 15:03:55]       Skipped (missing cell types or not enough data)
[2026-05-21 15:03:55] 
======================================================================
[2026-05-21 15:03:55] SUMMARY
[2026-05-21 15:03:55] ======================================================================
[2026-05-21 15:03:57] 
--- Task A: Perturbation Classification (LR) ---
[2026-05-21 15:03:57] Dataset         minus                     baseline                  scGPT_human               v4_bias_rec_best          v4_plain_best             v4_type_pe_best           scconcept                
[2026-05-21 15:03:57] -----------------------------------------------------------------------------------------------------------------------------------------------------------------------------------------------------
[2026-05-21 15:03:57] adamson         acc=0.2750 f1=0.2436  acc=0.2744 f1=0.2444  acc=0.2897 f1=0.2661  acc=0.2668 f1=0.2347  acc=0.2706 f1=0.2415  acc=0.2716 f1=0.2420  acc=0.2681 f1=0.2421  
[2026-05-21 15:03:57] dixit           acc=0.1949 f1=0.0966  acc=0.1925 f1=0.0970  acc=0.1846 f1=0.1115  acc=0.1945 f1=0.0980  acc=0.1933 f1=0.0966  acc=0.1937 f1=0.0993  acc=0.1816 f1=0.1093  
[2026-05-21 15:03:57] norman          acc=0.4783 f1=0.4311  acc=0.4719 f1=0.4244  acc=0.5063 f1=0.4623  acc=0.4737 f1=0.4247  acc=0.4660 f1=0.4182  acc=0.4727 f1=0.4272  acc=0.4814 f1=0.4335  
[2026-05-21 15:03:57] 
--- Task B: Perturbation Effect Similarity ---
[2026-05-21 15:03:57] Dataset         minus                baseline             scGPT_human          v4_bias_rec_best     v4_plain_best        v4_type_pe_best      scconcept           
[2026-05-21 15:03:57] ------------------------------------------------------------------------------------------------------------------------------------------------------------------
[2026-05-21 15:03:57] adamson         ρ=0.1633           ρ=0.1382           ρ=0.1323           ρ=0.1001           ρ=0.1152           ρ=0.1198           ρ=0.0306           
[2026-05-21 15:03:57] dixit           ρ=0.2499           ρ=0.2025           ρ=0.3451           ρ=0.1866           ρ=0.2172           ρ=0.1561           ρ=0.0719           
[2026-05-21 15:03:57] norman          ρ=0.0657           ρ=0.1010           ρ=0.0682           ρ=0.0635           ρ=0.0538           ρ=0.0424           ρ=0.0060           
[2026-05-21 15:03:57] 
--- Task C: Perturbation Direction Prediction ---
[2026-05-21 15:03:57] Dataset         minus                baseline             scGPT_human          v4_bias_rec_best     v4_plain_best        v4_type_pe_best      scconcept           
[2026-05-21 15:03:57] ------------------------------------------------------------------------------------------------------------------------------------------------------------------
[2026-05-21 15:03:57] adamson         r=0.1294            r=0.1006            r=0.1676            r=0.1473            r=0.0751            r=0.1097            r=0.0152            
[2026-05-21 15:03:57] dixit           r=0.2459            r=0.2683            r=0.2109            r=0.3645            r=0.2704            r=0.2087            r=0.0275            
[2026-05-21 15:03:57] norman          r=0.0446            r=0.1422            r=0.0688            r=0.0913            r=0.0855            r=0.0643            r=0.0739            
[2026-05-21 15:03:57] 
Results saved to /bigdata2/hyt/projects/scbenchmark_xjq/comparison-SC-embedding/perturbation_benchmark/perturbation_results.csv
[2026-05-21 15:03:57] 
Done!
[2026-05-21 16:36:55] ======================================================================
[2026-05-21 16:36:55] Perturbation Benchmark - Embedding Only
[2026-05-21 16:36:55] ======================================================================
[2026-05-21 16:36:56] Vocab: 60697 genes
[2026-05-21 16:36:58] Loaded minus: (60697, 256)
[2026-05-21 16:36:58] Loaded baseline: (60697, 256)
[2026-05-21 16:37:00] Loaded scGPT_human: (60697, 512)
[2026-05-21 16:37:00] Loaded v4_bias_rec_best: (60697, 256)
[2026-05-21 16:37:01] Loaded v4_plain_best: (60697, 256)
[2026-05-21 16:37:01] Loaded v4_type_pe_best: (60697, 256)
[2026-05-21 16:37:03] Loaded scconcept: (60697, 512)
[2026-05-21 16:37:04] Loaded scconcept_encoded: (60697, 512)
[2026-05-21 16:37:04] 
======================================================================
[2026-05-21 16:37:04] Dataset: adamson
[2026-05-21 16:37:04] ======================================================================
[2026-05-21 16:37:15]   Cells: 63585 (control=24263, perturbed=39322)
[2026-05-21 16:37:15]   Unique perturbation genes: 75
[2026-05-21 16:37:15] 
  --- minus ---
[2026-05-21 16:37:15]     Task A: Perturbation Classification...
[2026-05-21 16:42:27]       lr: acc=0.2750±0.0047, f1=0.2436±0.0055 (39322 cells, 75 classes)
[2026-05-21 16:42:27]       mlp: acc=0.2466±0.0048, f1=0.2128±0.0067 (39322 cells, 75 classes)
[2026-05-21 16:42:27]     Task B: Perturbation Effect Similarity...
[2026-05-21 16:42:31]       Spearman r=0.1633 (p=4.79e-18), Pearson r=0.1738 (75 genes, 2775 pairs)
[2026-05-21 16:42:31]     Task C: Perturbation Direction Prediction...
[2026-05-21 16:42:35]       Pearson r=0.1294±0.3525, MSE=1.2885 (75 pert genes)
[2026-05-21 16:42:35]     Task D: Cell-type-specific Delta Regression...
[2026-05-21 16:42:35]       Skipped (missing cell types or not enough data)
[2026-05-21 16:42:35] 
  --- baseline ---
[2026-05-21 16:42:35]     Task A: Perturbation Classification...
[2026-05-21 16:47:22]       lr: acc=0.2744±0.0057, f1=0.2444±0.0056 (39322 cells, 75 classes)
[2026-05-21 16:47:22]       mlp: acc=0.2524±0.0033, f1=0.2173±0.0047 (39322 cells, 75 classes)
[2026-05-21 16:47:22]     Task B: Perturbation Effect Similarity...
[2026-05-21 16:47:27]       Spearman r=0.1382 (p=2.61e-13), Pearson r=0.1418 (75 genes, 2775 pairs)
[2026-05-21 16:47:27]     Task C: Perturbation Direction Prediction...
[2026-05-21 16:47:31]       Pearson r=0.1006±0.4030, MSE=1.3902 (75 pert genes)
[2026-05-21 16:47:31]     Task D: Cell-type-specific Delta Regression...
[2026-05-21 16:47:31]       Skipped (missing cell types or not enough data)
[2026-05-21 16:47:31] 
  --- scGPT_human ---
[2026-05-21 16:47:31]     Task A: Perturbation Classification...
[2026-05-21 16:54:57]       lr: acc=0.2897±0.0020, f1=0.2661±0.0031 (39322 cells, 75 classes)
[2026-05-21 16:54:57]       mlp: acc=0.2782±0.0044, f1=0.2489±0.0050 (39322 cells, 75 classes)
[2026-05-21 16:54:57]     Task B: Perturbation Effect Similarity...
[2026-05-21 16:55:06]       Spearman r=0.1323 (p=2.66e-12), Pearson r=0.1555 (75 genes, 2775 pairs)
[2026-05-21 16:55:06]     Task C: Perturbation Direction Prediction...
[2026-05-21 16:55:11]       Pearson r=0.1676±0.3616, MSE=1.1143 (75 pert genes)
[2026-05-21 16:55:11]     Task D: Cell-type-specific Delta Regression...
[2026-05-21 16:55:11]       Skipped (missing cell types or not enough data)
[2026-05-21 16:55:11] 
  --- v4_bias_rec_best ---
[2026-05-21 16:55:11]     Task A: Perturbation Classification...
[2026-05-21 17:01:04]       lr: acc=0.2668±0.0045, f1=0.2347±0.0050 (39322 cells, 75 classes)
[2026-05-21 17:01:04]       mlp: acc=0.2342±0.0021, f1=0.1972±0.0069 (39322 cells, 75 classes)
[2026-05-21 17:01:04]     Task B: Perturbation Effect Similarity...
[2026-05-21 17:01:09]       Spearman r=0.1001 (p=1.28e-07), Pearson r=0.0977 (75 genes, 2775 pairs)
[2026-05-21 17:01:09]     Task C: Perturbation Direction Prediction...
[2026-05-21 17:01:13]       Pearson r=0.1473±0.3731, MSE=1.5714 (75 pert genes)
[2026-05-21 17:01:13]     Task D: Cell-type-specific Delta Regression...
[2026-05-21 17:01:13]       Skipped (missing cell types or not enough data)
[2026-05-21 17:01:13] 
  --- v4_plain_best ---
[2026-05-21 17:01:13]     Task A: Perturbation Classification...
[2026-05-21 17:05:56]       lr: acc=0.2706±0.0021, f1=0.2415±0.0025 (39322 cells, 75 classes)
[2026-05-21 17:05:56]       mlp: acc=0.2508±0.0018, f1=0.2194±0.0030 (39322 cells, 75 classes)
[2026-05-21 17:05:56]     Task B: Perturbation Effect Similarity...
[2026-05-21 17:06:00]       Spearman r=0.1152 (p=1.15e-09), Pearson r=0.1429 (75 genes, 2775 pairs)
[2026-05-21 17:06:00]     Task C: Perturbation Direction Prediction...
[2026-05-21 17:06:04]       Pearson r=0.0751±0.3992, MSE=1.4834 (75 pert genes)
[2026-05-21 17:06:04]     Task D: Cell-type-specific Delta Regression...
[2026-05-21 17:06:04]       Skipped (missing cell types or not enough data)
[2026-05-21 17:06:04] 
  --- v4_type_pe_best ---
[2026-05-21 17:06:04]     Task A: Perturbation Classification...
[2026-05-21 17:10:47]       lr: acc=0.2716±0.0053, f1=0.2420±0.0052 (39322 cells, 75 classes)
[2026-05-21 17:10:47]       mlp: acc=0.2463±0.0027, f1=0.2104±0.0053 (39322 cells, 75 classes)
[2026-05-21 17:10:47]     Task B: Perturbation Effect Similarity...
[2026-05-21 17:10:52]       Spearman r=0.1198 (p=2.41e-10), Pearson r=0.1475 (75 genes, 2775 pairs)
[2026-05-21 17:10:52]     Task C: Perturbation Direction Prediction...
[2026-05-21 17:10:56]       Pearson r=0.1097±0.3610, MSE=1.3561 (75 pert genes)
[2026-05-21 17:10:56]     Task D: Cell-type-specific Delta Regression...
[2026-05-21 17:10:56]       Skipped (missing cell types or not enough data)
[2026-05-21 17:10:56] 
  --- scconcept ---
[2026-05-21 17:10:56]     Task A: Perturbation Classification...
[2026-05-21 17:15:42]       lr: acc=0.2681±0.0049, f1=0.2421±0.0038 (39322 cells, 75 classes)
[2026-05-21 17:15:42]       mlp: acc=0.2577±0.0035, f1=0.2233±0.0077 (39322 cells, 75 classes)
[2026-05-21 17:15:42]     Task B: Perturbation Effect Similarity...
[2026-05-21 17:15:51]       Spearman r=0.0306 (p=1.07e-01), Pearson r=0.0122 (75 genes, 2775 pairs)
[2026-05-21 17:15:51]     Task C: Perturbation Direction Prediction...
[2026-05-21 17:15:59]       Pearson r=0.0152±0.2365, MSE=1.3039 (75 pert genes)
[2026-05-21 17:15:59]     Task D: Cell-type-specific Delta Regression...
[2026-05-21 17:15:59]       Skipped (missing cell types or not enough data)
[2026-05-21 17:15:59] 
  --- scconcept_encoded ---
[2026-05-21 17:15:59]     Task A: Perturbation Classification...
[2026-05-21 17:28:26]       lr: acc=0.2570±0.0054, f1=0.2281±0.0049 (39322 cells, 75 classes)
[2026-05-21 17:28:26]       mlp: acc=0.1671±0.0027, f1=0.1314±0.0046 (39322 cells, 75 classes)
[2026-05-21 17:28:26]     Task B: Perturbation Effect Similarity...
[2026-05-21 17:28:33]       Spearman r=-0.0086 (p=6.51e-01), Pearson r=0.0239 (75 genes, 2775 pairs)
[2026-05-21 17:28:33]     Task C: Perturbation Direction Prediction...
[2026-05-21 17:28:39]       Pearson r=0.0932±0.4205, MSE=1.9604 (75 pert genes)
[2026-05-21 17:28:39]     Task D: Cell-type-specific Delta Regression...
[2026-05-21 17:28:39]       Skipped (missing cell types or not enough data)
[2026-05-21 17:28:39] 
======================================================================
[2026-05-21 17:28:39] Dataset: dixit
[2026-05-21 17:28:39] ======================================================================
[2026-05-21 17:28:45]   Cells: 44735 (control=12042, perturbed=32693)
[2026-05-21 17:28:45]   Unique perturbation genes: 19
[2026-05-21 17:28:45] 
  --- minus ---
[2026-05-21 17:28:45]     Task A: Perturbation Classification...
[2026-05-21 17:30:38]       lr: acc=0.1949±0.0036, f1=0.0966±0.0029 (32693 cells, 19 classes)
[2026-05-21 17:30:38]       mlp: acc=0.2001±0.0061, f1=0.0834±0.0039 (32693 cells, 19 classes)
[2026-05-21 17:30:38]     Task B: Perturbation Effect Similarity...
[2026-05-21 17:30:39]       Spearman r=0.2499 (p=9.79e-04), Pearson r=0.3368 (19 genes, 171 pairs)
[2026-05-21 17:30:39]     Task C: Perturbation Direction Prediction...
[2026-05-21 17:30:40]       Pearson r=0.2459±0.6042, MSE=1.2187 (19 pert genes)
[2026-05-21 17:30:40]     Task D: Cell-type-specific Delta Regression...
[2026-05-21 17:30:40]       Skipped (missing cell types or not enough data)
[2026-05-21 17:30:40] 
  --- baseline ---
[2026-05-21 17:30:40]     Task A: Perturbation Classification...
[2026-05-21 17:32:26]       lr: acc=0.1925±0.0036, f1=0.0970±0.0029 (32693 cells, 19 classes)
[2026-05-21 17:32:26]       mlp: acc=0.2034±0.0025, f1=0.0809±0.0063 (32693 cells, 19 classes)
[2026-05-21 17:32:26]     Task B: Perturbation Effect Similarity...
[2026-05-21 17:32:27]       Spearman r=0.2025 (p=7.90e-03), Pearson r=0.3086 (19 genes, 171 pairs)
[2026-05-21 17:32:27]     Task C: Perturbation Direction Prediction...
[2026-05-21 17:32:28]       Pearson r=0.2683±0.5920, MSE=1.2440 (19 pert genes)
[2026-05-21 17:32:28]     Task D: Cell-type-specific Delta Regression...
[2026-05-21 17:32:28]       Skipped (missing cell types or not enough data)
[2026-05-21 17:32:28] 
  --- scGPT_human ---
[2026-05-21 17:32:28]     Task A: Perturbation Classification...
[2026-05-21 17:35:29]       lr: acc=0.1846±0.0033, f1=0.1115±0.0047 (32693 cells, 19 classes)
[2026-05-21 17:35:29]       mlp: acc=0.1966±0.0055, f1=0.0887±0.0080 (32693 cells, 19 classes)
[2026-05-21 17:35:29]     Task B: Perturbation Effect Similarity...
[2026-05-21 17:35:31]       Spearman r=0.3451 (p=3.79e-06), Pearson r=0.4053 (19 genes, 171 pairs)
[2026-05-21 17:35:31]     Task C: Perturbation Direction Prediction...
[2026-05-21 17:35:34]       Pearson r=0.2109±0.6284, MSE=1.1228 (19 pert genes)
[2026-05-21 17:35:34]     Task D: Cell-type-specific Delta Regression...
[2026-05-21 17:35:34]       Skipped (missing cell types or not enough data)
[2026-05-21 17:35:34] 
  --- v4_bias_rec_best ---
[2026-05-21 17:35:34]     Task A: Perturbation Classification...
[2026-05-21 17:37:23]       lr: acc=0.1945±0.0036, f1=0.0980±0.0027 (32693 cells, 19 classes)
[2026-05-21 17:37:23]       mlp: acc=0.2007±0.0064, f1=0.0778±0.0057 (32693 cells, 19 classes)
[2026-05-21 17:37:23]     Task B: Perturbation Effect Similarity...
[2026-05-21 17:37:24]       Spearman r=0.1866 (p=1.45e-02), Pearson r=0.3285 (19 genes, 171 pairs)
[2026-05-21 17:37:24]     Task C: Perturbation Direction Prediction...
[2026-05-21 17:37:25]       Pearson r=0.3645±0.4926, MSE=1.0477 (19 pert genes)
[2026-05-21 17:37:25]     Task D: Cell-type-specific Delta Regression...
[2026-05-21 17:37:25]       Skipped (missing cell types or not enough data)
[2026-05-21 17:37:25] 
  --- v4_plain_best ---
[2026-05-21 17:37:25]     Task A: Perturbation Classification...
[2026-05-21 17:39:07]       lr: acc=0.1933±0.0034, f1=0.0966±0.0039 (32693 cells, 19 classes)
[2026-05-21 17:39:07]       mlp: acc=0.2025±0.0049, f1=0.0824±0.0035 (32693 cells, 19 classes)
[2026-05-21 17:39:07]     Task B: Perturbation Effect Similarity...
[2026-05-21 17:39:08]       Spearman r=0.2172 (p=4.33e-03), Pearson r=0.3195 (19 genes, 171 pairs)
[2026-05-21 17:39:08]     Task C: Perturbation Direction Prediction...
[2026-05-21 17:39:09]       Pearson r=0.2704±0.5775, MSE=1.1358 (19 pert genes)
[2026-05-21 17:39:09]     Task D: Cell-type-specific Delta Regression...
[2026-05-21 17:39:09]       Skipped (missing cell types or not enough data)
[2026-05-21 17:39:09] 
  --- v4_type_pe_best ---
[2026-05-21 17:39:09]     Task A: Perturbation Classification...
[2026-05-21 17:41:04]       lr: acc=0.1937±0.0024, f1=0.0993±0.0036 (32693 cells, 19 classes)
[2026-05-21 17:41:04]       mlp: acc=0.1985±0.0062, f1=0.0861±0.0047 (32693 cells, 19 classes)
[2026-05-21 17:41:04]     Task B: Perturbation Effect Similarity...
[2026-05-21 17:41:05]       Spearman r=0.1561 (p=4.15e-02), Pearson r=0.2966 (19 genes, 171 pairs)
[2026-05-21 17:41:05]     Task C: Perturbation Direction Prediction...
[2026-05-21 17:41:06]       Pearson r=0.2087±0.6377, MSE=1.2516 (19 pert genes)
[2026-05-21 17:41:06]     Task D: Cell-type-specific Delta Regression...
[2026-05-21 17:41:06]       Skipped (missing cell types or not enough data)
[2026-05-21 17:41:06] 
  --- scconcept ---
[2026-05-21 17:41:06]     Task A: Perturbation Classification...
[2026-05-21 17:43:19]       lr: acc=0.1816±0.0034, f1=0.1093±0.0035 (32693 cells, 19 classes)
[2026-05-21 17:43:19]       mlp: acc=0.1929±0.0045, f1=0.0772±0.0009 (32693 cells, 19 classes)
[2026-05-21 17:43:19]     Task B: Perturbation Effect Similarity...
[2026-05-21 17:43:21]       Spearman r=0.0719 (p=3.50e-01), Pearson r=0.0480 (19 genes, 171 pairs)
[2026-05-21 17:43:21]     Task C: Perturbation Direction Prediction...
[2026-05-21 17:43:22]       Pearson r=0.0275±0.3777, MSE=1.2516 (19 pert genes)
[2026-05-21 17:43:22]     Task D: Cell-type-specific Delta Regression...
[2026-05-21 17:43:22]       Skipped (missing cell types or not enough data)
[2026-05-21 17:43:22] 
  --- scconcept_encoded ---
[2026-05-21 17:43:22]     Task A: Perturbation Classification...
[2026-05-21 17:49:45]       lr: acc=0.1864±0.0017, f1=0.1027±0.0033 (32693 cells, 19 classes)
[2026-05-21 17:49:45]       mlp: acc=0.1847±0.0058, f1=0.0750±0.0048 (32693 cells, 19 classes)
[2026-05-21 17:49:45]     Task B: Perturbation Effect Similarity...
[2026-05-21 17:49:47]       Spearman r=0.1526 (p=4.62e-02), Pearson r=0.1513 (19 genes, 171 pairs)
[2026-05-21 17:49:47]     Task C: Perturbation Direction Prediction...
[2026-05-21 17:49:49]       Pearson r=0.2011±0.4710, MSE=1.4201 (19 pert genes)
[2026-05-21 17:49:49]     Task D: Cell-type-specific Delta Regression...
[2026-05-21 17:49:49]       Skipped (missing cell types or not enough data)
[2026-05-21 17:49:49] 
======================================================================
[2026-05-21 17:49:49] Dataset: norman
[2026-05-21 17:49:49] ======================================================================
[2026-05-21 17:49:53]   Cells: 53508 (control=7353, perturbed=46155)
[2026-05-21 17:49:53]   Unique perturbation genes: 100
[2026-05-21 17:49:53] 
  --- minus ---
[2026-05-21 17:49:53]     Task A: Perturbation Classification...
[2026-05-21 17:55:47]       lr: acc=0.4783±0.0036, f1=0.4311±0.0038 (46155 cells, 100 classes)
[2026-05-21 17:55:47]       mlp: acc=0.4126±0.0020, f1=0.3588±0.0013 (46155 cells, 100 classes)
[2026-05-21 17:55:47]     Task B: Perturbation Effect Similarity...
[2026-05-21 17:55:52]       Spearman r=0.0657 (p=3.69e-06), Pearson r=0.0490 (100 genes, 4950 pairs)
[2026-05-21 17:55:52]     Task C: Perturbation Direction Prediction...
[2026-05-21 17:55:55]       Pearson r=0.0446±0.3844, MSE=1.7565 (100 pert genes)
[2026-05-21 17:55:55]     Task D: Cell-type-specific Delta Regression...
[2026-05-21 17:55:55]       Skipped (missing cell types or not enough data)
[2026-05-21 17:55:55] 
  --- baseline ---
[2026-05-21 17:55:55]     Task A: Perturbation Classification...
[2026-05-21 18:01:16]       lr: acc=0.4719±0.0038, f1=0.4244±0.0019 (46155 cells, 100 classes)
[2026-05-21 18:01:16]       mlp: acc=0.4164±0.0042, f1=0.3646±0.0060 (46155 cells, 100 classes)
[2026-05-21 18:01:16]     Task B: Perturbation Effect Similarity...
[2026-05-21 18:01:21]       Spearman r=0.1010 (p=1.06e-12), Pearson r=0.0831 (100 genes, 4950 pairs)
[2026-05-21 18:01:21]     Task C: Perturbation Direction Prediction...
[2026-05-21 18:01:24]       Pearson r=0.1422±0.3693, MSE=1.4938 (100 pert genes)
[2026-05-21 18:01:24]     Task D: Cell-type-specific Delta Regression...
[2026-05-21 18:01:24]       Skipped (missing cell types or not enough data)
[2026-05-21 18:01:24] 
  --- scGPT_human ---
[2026-05-21 18:01:24]     Task A: Perturbation Classification...
[2026-05-21 18:09:22]       lr: acc=0.5063±0.0045, f1=0.4623±0.0076 (46155 cells, 100 classes)
[2026-05-21 18:09:22]       mlp: acc=0.4686±0.0051, f1=0.4203±0.0055 (46155 cells, 100 classes)
[2026-05-21 18:09:22]     Task B: Perturbation Effect Similarity...
[2026-05-21 18:09:31]       Spearman r=0.0682 (p=1.56e-06), Pearson r=0.0476 (100 genes, 4950 pairs)
[2026-05-21 18:09:31]     Task C: Perturbation Direction Prediction...
[2026-05-21 18:09:37]       Pearson r=0.0688±0.3710, MSE=1.2932 (100 pert genes)
[2026-05-21 18:09:37]     Task D: Cell-type-specific Delta Regression...
[2026-05-21 18:09:37]       Skipped (missing cell types or not enough data)
[2026-05-21 18:09:37] 
  --- v4_bias_rec_best ---
[2026-05-21 18:09:37]     Task A: Perturbation Classification...
[2026-05-21 18:15:27]       lr: acc=0.4737±0.0026, f1=0.4247±0.0027 (46155 cells, 100 classes)
[2026-05-21 18:15:27]       mlp: acc=0.3968±0.0049, f1=0.3412±0.0018 (46155 cells, 100 classes)
[2026-05-21 18:15:27]     Task B: Perturbation Effect Similarity...
[2026-05-21 18:15:30]       Spearman r=0.0635 (p=7.74e-06), Pearson r=0.0367 (100 genes, 4950 pairs)
[2026-05-21 18:15:31]     Task C: Perturbation Direction Prediction...
[2026-05-21 18:15:33]       Pearson r=0.0913±0.4080, MSE=1.9016 (100 pert genes)
[2026-05-21 18:15:33]     Task D: Cell-type-specific Delta Regression...
[2026-05-21 18:15:33]       Skipped (missing cell types or not enough data)
[2026-05-21 18:15:33] 
  --- v4_plain_best ---
[2026-05-21 18:15:33]     Task A: Perturbation Classification...
[2026-05-21 18:21:26]       lr: acc=0.4660±0.0049, f1=0.4182±0.0045 (46155 cells, 100 classes)
[2026-05-21 18:21:26]       mlp: acc=0.4146±0.0057, f1=0.3604±0.0033 (46155 cells, 100 classes)
[2026-05-21 18:21:26]     Task B: Perturbation Effect Similarity...
[2026-05-21 18:21:32]       Spearman r=0.0538 (p=1.51e-04), Pearson r=0.0436 (100 genes, 4950 pairs)
[2026-05-21 18:21:32]     Task C: Perturbation Direction Prediction...
[2026-05-21 18:21:36]       Pearson r=0.0855±0.3532, MSE=1.5994 (100 pert genes)
[2026-05-21 18:21:36]     Task D: Cell-type-specific Delta Regression...
[2026-05-21 18:21:36]       Skipped (missing cell types or not enough data)
[2026-05-21 18:21:36] 
  --- v4_type_pe_best ---
[2026-05-21 18:21:36]     Task A: Perturbation Classification...
[2026-05-21 18:28:25]       lr: acc=0.4727±0.0041, f1=0.4272±0.0034 (46155 cells, 100 classes)
[2026-05-21 18:28:25]       mlp: acc=0.4110±0.0047, f1=0.3569±0.0074 (46155 cells, 100 classes)
[2026-05-21 18:28:25]     Task B: Perturbation Effect Similarity...
[2026-05-21 18:28:33]       Spearman r=0.0424 (p=2.87e-03), Pearson r=0.0320 (100 genes, 4950 pairs)
[2026-05-21 18:28:33]     Task C: Perturbation Direction Prediction...
[2026-05-21 18:28:38]       Pearson r=0.0643±0.3467, MSE=1.7082 (100 pert genes)
[2026-05-21 18:28:38]     Task D: Cell-type-specific Delta Regression...
[2026-05-21 18:28:38]       Skipped (missing cell types or not enough data)
[2026-05-21 18:28:38] 
  --- scconcept ---
[2026-05-21 18:28:38]     Task A: Perturbation Classification...
[2026-05-21 18:34:15]       lr: acc=0.4814±0.0035, f1=0.4335±0.0037 (46155 cells, 100 classes)
[2026-05-21 18:34:15]       mlp: acc=0.4708±0.0044, f1=0.4171±0.0059 (46155 cells, 100 classes)
[2026-05-21 18:34:15]     Task B: Perturbation Effect Similarity...
[2026-05-21 18:34:26]       Spearman r=0.0060 (p=6.72e-01), Pearson r=0.0108 (100 genes, 4950 pairs)
[2026-05-21 18:34:26]     Task C: Perturbation Direction Prediction...
[2026-05-21 18:34:35]       Pearson r=0.0739±0.1782, MSE=1.1929 (100 pert genes)
[2026-05-21 18:34:35]     Task D: Cell-type-specific Delta Regression...
[2026-05-21 18:34:35]       Skipped (missing cell types or not enough data)
[2026-05-21 18:34:35] 
  --- scconcept_encoded ---
[2026-05-21 18:34:35]     Task A: Perturbation Classification...
[2026-05-21 18:47:31]       lr: acc=0.4947±0.0019, f1=0.4445±0.0036 (46155 cells, 100 classes)
[2026-05-21 18:47:31]       mlp: acc=0.3493±0.0020, f1=0.2886±0.0040 (46155 cells, 100 classes)
[2026-05-21 18:47:31]     Task B: Perturbation Effect Similarity...
[2026-05-21 18:47:41]       Spearman r=-0.0306 (p=3.13e-02), Pearson r=-0.0360 (100 genes, 4950 pairs)
[2026-05-21 18:47:41]     Task C: Perturbation Direction Prediction...
[2026-05-21 18:47:50]       Pearson r=0.0500±0.3570, MSE=2.0651 (100 pert genes)
[2026-05-21 18:47:50]     Task D: Cell-type-specific Delta Regression...
[2026-05-21 18:47:50]       Skipped (missing cell types or not enough data)
[2026-05-21 18:47:50] 
======================================================================
[2026-05-21 18:47:50] SUMMARY
[2026-05-21 18:47:50] ======================================================================
[2026-05-21 18:47:50] 
--- Task A: Perturbation Classification (LR) ---
[2026-05-21 18:47:50] Dataset         minus                     baseline                  scGPT_human               v4_bias_rec_best          v4_plain_best             v4_type_pe_best           scconcept                 scconcept_encoded        
[2026-05-21 18:47:50] -------------------------------------------------------------------------------------------------------------------------------------------------------------------------------------------------------------------------------
[2026-05-21 18:47:50] adamson         acc=0.2750 f1=0.2436  acc=0.2744 f1=0.2444  acc=0.2897 f1=0.2661  acc=0.2668 f1=0.2347  acc=0.2706 f1=0.2415  acc=0.2716 f1=0.2420  acc=0.2681 f1=0.2421  acc=0.2570 f1=0.2281  
[2026-05-21 18:47:50] dixit           acc=0.1949 f1=0.0966  acc=0.1925 f1=0.0970  acc=0.1846 f1=0.1115  acc=0.1945 f1=0.0980  acc=0.1933 f1=0.0966  acc=0.1937 f1=0.0993  acc=0.1816 f1=0.1093  acc=0.1864 f1=0.1027  
[2026-05-21 18:47:50] norman          acc=0.4783 f1=0.4311  acc=0.4719 f1=0.4244  acc=0.5063 f1=0.4623  acc=0.4737 f1=0.4247  acc=0.4660 f1=0.4182  acc=0.4727 f1=0.4272  acc=0.4814 f1=0.4335  acc=0.4947 f1=0.4445  
[2026-05-21 18:47:50] 
--- Task B: Perturbation Effect Similarity ---
[2026-05-21 18:47:50] Dataset         minus                baseline             scGPT_human          v4_bias_rec_best     v4_plain_best        v4_type_pe_best      scconcept            scconcept_encoded   
[2026-05-21 18:47:50] ---------------------------------------------------------------------------------------------------------------------------------------------------------------------------------------
[2026-05-21 18:47:50] adamson         ρ=0.1633           ρ=0.1382           ρ=0.1323           ρ=0.1001           ρ=0.1152           ρ=0.1198           ρ=0.0306           ρ=-0.0086           
[2026-05-21 18:47:50] dixit           ρ=0.2499           ρ=0.2025           ρ=0.3451           ρ=0.1866           ρ=0.2172           ρ=0.1561           ρ=0.0719           ρ=0.1526           
[2026-05-21 18:47:50] norman          ρ=0.0657           ρ=0.1010           ρ=0.0682           ρ=0.0635           ρ=0.0538           ρ=0.0424           ρ=0.0060           ρ=-0.0306           
[2026-05-21 18:47:50] 
--- Task C: Perturbation Direction Prediction ---
[2026-05-21 18:47:50] Dataset         minus                baseline             scGPT_human          v4_bias_rec_best     v4_plain_best        v4_type_pe_best      scconcept            scconcept_encoded   
[2026-05-21 18:47:50] ---------------------------------------------------------------------------------------------------------------------------------------------------------------------------------------
[2026-05-21 18:47:50] adamson         r=0.1294            r=0.1006            r=0.1676            r=0.1473            r=0.0751            r=0.1097            r=0.0152            r=0.0932            
[2026-05-21 18:47:50] dixit           r=0.2459            r=0.2683            r=0.2109            r=0.3645            r=0.2704            r=0.2087            r=0.0275            r=0.2011            
[2026-05-21 18:47:50] norman          r=0.0446            r=0.1422            r=0.0688            r=0.0913            r=0.0855            r=0.0643            r=0.0739            r=0.0500            
[2026-05-21 18:47:50] 
Results saved to /bigdata2/hyt/projects/scbenchmark_xjq/comparison-SC-embedding/perturbation_benchmark/perturbation_results.csv
[2026-05-21 18:47:50] 
Done!
