[2026-05-22 18:43:48] ======================================================================
[2026-05-22 18:43:48] Gene Embedding Benchmark
[2026-05-22 18:43:48] Started: 2026-05-22 18:43:48.337955
[2026-05-22 18:43:48] ======================================================================
[2026-05-22 18:43:48] Vocab: 60697 genes
[2026-05-22 18:43:48] Vocab overlap with scGPT_human: 60697/60697
[2026-05-22 18:43:48] Loading minus...
[2026-05-22 18:43:51]   Shape: (60697, 256)
[2026-05-22 18:43:51] Loading baseline...
[2026-05-22 18:43:52]   Shape: (60697, 256)
[2026-05-22 18:43:52] Loading scGPT_human...
[2026-05-22 18:43:56]   Shape: (60697, 512)
[2026-05-22 18:43:56] Loading v4_bias_rec_best...
[2026-05-22 18:43:57]   Shape: (60697, 256)
[2026-05-22 18:43:57] Loading v4_plain_best...
[2026-05-22 18:43:57]   Shape: (60697, 256)
[2026-05-22 18:43:57] Loading v4_type_pe_best...
[2026-05-22 18:43:58]   Shape: (60697, 256)
[2026-05-22 18:43:58] Loading scconcept...
[2026-05-22 18:44:00]   Shape: (60697, 512)
[2026-05-22 18:44:00] Loading scconcept_encoded...
[2026-05-22 18:44:02]   Shape: (60697, 512)
[2026-05-22 18:44:02] Failed to load Geneformer: [Errno 2] No such file or directory: '/bigdata2/hyt/projects/scbenchmark_xjq/comparison-SC-embedding/gene_embeddings/intersect/GF-12L95M/GF-12L95M_emb.csv'
[2026-05-22 18:44:02] 
======================================================================
[2026-05-22 18:44:02] Task: annotation
[2026-05-22 18:44:02] ======================================================================
[2026-05-22 18:44:05] 
--- Myeloid: 13178 cells, 21 classes ---
[2026-05-22 18:44:09]   minus repr built: (13178, 256) (2.7s)
[2026-05-22 18:46:03]   minus                | lr  | acc=0.7092+-0.0039 | f1m=0.5778+-0.0128 | f1w=0.7052+-0.0039 | 111.9s
[2026-05-22 18:46:26]   minus                | mlp | acc=0.7435+-0.0084 | f1m=0.6084+-0.0138 | f1w=0.7369+-0.0095 | 22.9s
[2026-05-22 18:46:29]   baseline repr built: (13178, 256) (3.1s)
[2026-05-22 18:48:07]   baseline             | lr  | acc=0.7078+-0.0113 | f1m=0.5838+-0.0126 | f1w=0.7054+-0.0107 | 98.0s
[2026-05-22 18:48:37]   baseline             | mlp | acc=0.7446+-0.0099 | f1m=0.6061+-0.0230 | f1w=0.7376+-0.0115 | 29.4s
[2026-05-22 18:48:43]   scGPT_human repr built: (13178, 512) (5.9s)
[2026-05-22 18:50:57]   scGPT_human          | lr  | acc=0.6764+-0.0076 | f1m=0.5644+-0.0216 | f1w=0.6756+-0.0085 | 134.8s
[2026-05-22 18:51:29]   scGPT_human          | mlp | acc=0.7403+-0.0111 | f1m=0.6083+-0.0196 | f1w=0.7342+-0.0124 | 31.2s
[2026-05-22 18:51:32]   v4_bias_rec_best repr built: (13178, 256) (3.1s)
[2026-05-22 18:52:47]   v4_bias_rec_best     | lr  | acc=0.7097+-0.0092 | f1m=0.5786+-0.0135 | f1w=0.7056+-0.0093 | 75.5s
[2026-05-22 18:53:15]   v4_bias_rec_best     | mlp | acc=0.7359+-0.0086 | f1m=0.5905+-0.0196 | f1w=0.7256+-0.0111 | 27.9s
[2026-05-22 18:53:19]   v4_plain_best repr built: (13178, 256) (3.5s)
[2026-05-22 18:54:59]   v4_plain_best        | lr  | acc=0.7045+-0.0058 | f1m=0.5765+-0.0187 | f1w=0.7007+-0.0058 | 99.9s
[2026-05-22 18:55:18]   v4_plain_best        | mlp | acc=0.7428+-0.0083 | f1m=0.6049+-0.0027 | f1w=0.7354+-0.0063 | 19.8s
[2026-05-22 18:55:22]   v4_type_pe_best repr built: (13178, 256) (3.6s)
[2026-05-22 18:56:34]   v4_type_pe_best      | lr  | acc=0.7063+-0.0098 | f1m=0.5836+-0.0189 | f1w=0.7036+-0.0102 | 72.1s
[2026-05-22 18:57:00]   v4_type_pe_best      | mlp | acc=0.7389+-0.0105 | f1m=0.6099+-0.0088 | f1w=0.7323+-0.0083 | 25.9s
[2026-05-22 18:57:07]   scconcept repr built: (13178, 512) (6.8s)
[2026-05-22 18:58:20]   scconcept            | lr  | acc=0.6339+-0.0103 | f1m=0.5164+-0.0127 | f1w=0.6357+-0.0095 | 73.7s
[2026-05-22 18:58:45]   scconcept            | mlp | acc=0.7147+-0.0102 | f1m=0.5549+-0.0091 | f1w=0.7035+-0.0094 | 24.1s
[2026-05-22 18:58:51]   scconcept_encoded repr built: (13178, 512) (6.7s)
[2026-05-22 19:02:09]   scconcept_encoded    | lr  | acc=0.6759+-0.0096 | f1m=0.5367+-0.0098 | f1w=0.6724+-0.0093 | 197.7s
[2026-05-22 19:02:40]   scconcept_encoded    | mlp | acc=0.6474+-0.0064 | f1m=0.4762+-0.0091 | f1w=0.6330+-0.0069 | 31.3s
[2026-05-22 19:02:42] 
--- Multiple_Sclerosis: 21312 cells, 18 classes ---
[2026-05-22 19:02:45]   minus repr built: (21312, 256) (2.9s)
[2026-05-22 19:04:29]   minus                | lr  | acc=0.8677+-0.0036 | f1m=0.8010+-0.0060 | f1w=0.8651+-0.0033 | 103.9s
[2026-05-22 19:05:09]   minus                | mlp | acc=0.8808+-0.0031 | f1m=0.8263+-0.0073 | f1w=0.8784+-0.0023 | 40.4s
[2026-05-22 19:05:12]   baseline repr built: (21312, 256) (2.9s)
[2026-05-22 19:07:00]   baseline             | lr  | acc=0.8661+-0.0046 | f1m=0.8005+-0.0106 | f1w=0.8636+-0.0049 | 107.8s
[2026-05-22 19:07:37]   baseline             | mlp | acc=0.8757+-0.0048 | f1m=0.8019+-0.0134 | f1w=0.8722+-0.0043 | 37.2s
[2026-05-22 19:07:42]   scGPT_human repr built: (21312, 512) (5.0s)
[2026-05-22 19:10:40]   scGPT_human          | lr  | acc=0.8652+-0.0022 | f1m=0.8034+-0.0047 | f1w=0.8640+-0.0017 | 178.1s
[2026-05-22 19:11:36]   scGPT_human          | mlp | acc=0.8849+-0.0041 | f1m=0.8176+-0.0044 | f1w=0.8820+-0.0045 | 56.5s
[2026-05-22 19:11:40]   v4_bias_rec_best repr built: (21312, 256) (3.6s)
[2026-05-22 19:13:50]   v4_bias_rec_best     | lr  | acc=0.8624+-0.0056 | f1m=0.7923+-0.0114 | f1w=0.8598+-0.0054 | 130.1s
[2026-05-22 19:14:43]   v4_bias_rec_best     | mlp | acc=0.8702+-0.0042 | f1m=0.8133+-0.0090 | f1w=0.8677+-0.0039 | 52.4s
[2026-05-22 19:14:46]   v4_plain_best repr built: (21312, 256) (3.8s)
[2026-05-22 19:16:40]   v4_plain_best        | lr  | acc=0.8704+-0.0039 | f1m=0.8054+-0.0171 | f1w=0.8683+-0.0037 | 114.2s
[2026-05-22 19:17:20]   v4_plain_best        | mlp | acc=0.8834+-0.0033 | f1m=0.8238+-0.0086 | f1w=0.8803+-0.0040 | 39.8s
[2026-05-22 19:17:24]   v4_type_pe_best repr built: (21312, 256) (3.5s)
[2026-05-22 19:19:17]   v4_type_pe_best      | lr  | acc=0.8707+-0.0042 | f1m=0.8028+-0.0068 | f1w=0.8684+-0.0040 | 113.4s
[2026-05-22 19:19:52]   v4_type_pe_best      | mlp | acc=0.8808+-0.0043 | f1m=0.8203+-0.0129 | f1w=0.8774+-0.0055 | 34.9s
[2026-05-22 19:19:58]   scconcept repr built: (21312, 512) (5.6s)
[2026-05-22 19:21:50]   scconcept            | lr  | acc=0.8088+-0.0073 | f1m=0.7448+-0.0139 | f1w=0.8089+-0.0075 | 111.2s
[2026-05-22 19:22:45]   scconcept            | mlp | acc=0.8230+-0.0061 | f1m=0.7489+-0.0120 | f1w=0.8195+-0.0064 | 54.1s
[2026-05-22 19:22:51]   scconcept_encoded repr built: (21312, 512) (6.0s)
[2026-05-22 19:29:12]   scconcept_encoded    | lr  | acc=0.8159+-0.0075 | f1m=0.7413+-0.0128 | f1w=0.8127+-0.0080 | 381.2s
[2026-05-22 19:30:38]   scconcept_encoded    | mlp | acc=0.7552+-0.0039 | f1m=0.6851+-0.0139 | f1w=0.7522+-0.0037 | 86.4s
[2026-05-22 19:30:41] 
--- pancread: 14818 cells, 14 classes ---
[2026-05-22 19:30:44]   minus repr built: (14818, 256) (2.3s)
[2026-05-22 19:31:26]   minus                | lr  | acc=0.9833+-0.0017 | f1m=0.9030+-0.0220 | f1w=0.9831+-0.0017 | 42.0s
[2026-05-22 19:31:55]   minus                | mlp | acc=0.9850+-0.0015 | f1m=0.9065+-0.0061 | f1w=0.9848+-0.0015 | 29.3s
[2026-05-22 19:31:58]   baseline repr built: (14818, 256) (3.0s)
[2026-05-22 19:32:31]   baseline             | lr  | acc=0.9827+-0.0022 | f1m=0.9164+-0.0263 | f1w=0.9826+-0.0022 | 32.8s
[2026-05-22 19:32:59]   baseline             | mlp | acc=0.9847+-0.0011 | f1m=0.8883+-0.0284 | f1w=0.9845+-0.0011 | 28.2s
[2026-05-22 19:33:03]   scGPT_human repr built: (14818, 512) (3.9s)
[2026-05-22 19:33:58]   scGPT_human          | lr  | acc=0.9844+-0.0018 | f1m=0.8910+-0.0159 | f1w=0.9842+-0.0018 | 55.5s
[2026-05-22 19:34:36]   scGPT_human          | mlp | acc=0.9866+-0.0009 | f1m=0.9112+-0.0386 | f1w=0.9865+-0.0009 | 37.8s
[2026-05-22 19:34:38]   v4_bias_rec_best repr built: (14818, 256) (2.4s)
[2026-05-22 19:35:28]   v4_bias_rec_best     | lr  | acc=0.9812+-0.0022 | f1m=0.9230+-0.0394 | f1w=0.9811+-0.0022 | 49.7s
[2026-05-22 19:36:06]   v4_bias_rec_best     | mlp | acc=0.9833+-0.0031 | f1m=0.8811+-0.0527 | f1w=0.9832+-0.0032 | 38.0s
[2026-05-22 19:36:09]   v4_plain_best repr built: (14818, 256) (3.0s)
[2026-05-22 19:36:33]   v4_plain_best        | lr  | acc=0.9814+-0.0011 | f1m=0.8992+-0.0162 | f1w=0.9813+-0.0011 | 24.3s
[2026-05-22 19:36:59]   v4_plain_best        | mlp | acc=0.9857+-0.0016 | f1m=0.8971+-0.0187 | f1w=0.9855+-0.0016 | 25.2s
[2026-05-22 19:37:01]   v4_type_pe_best repr built: (14818, 256) (2.4s)
[2026-05-22 19:37:24]   v4_type_pe_best      | lr  | acc=0.9820+-0.0024 | f1m=0.8956+-0.0510 | f1w=0.9818+-0.0024 | 23.1s
[2026-05-22 19:37:50]   v4_type_pe_best      | mlp | acc=0.9841+-0.0025 | f1m=0.9019+-0.0559 | f1w=0.9840+-0.0027 | 25.8s
[2026-05-22 19:37:55]   scconcept repr built: (14818, 512) (4.6s)
[2026-05-22 19:38:12]   scconcept            | lr  | acc=0.9837+-0.0018 | f1m=0.8744+-0.0467 | f1w=0.9835+-0.0019 | 17.7s
[2026-05-22 19:38:50]   scconcept            | mlp | acc=0.9859+-0.0016 | f1m=0.8649+-0.0280 | f1w=0.9856+-0.0017 | 38.0s
[2026-05-22 19:38:55]   scconcept_encoded repr built: (14818, 512) (4.3s)
[2026-05-22 19:40:07]   scconcept_encoded    | lr  | acc=0.9789+-0.0022 | f1m=0.8685+-0.0337 | f1w=0.9786+-0.0022 | 72.8s
[2026-05-22 19:40:51]   scconcept_encoded    | mlp | acc=0.9795+-0.0014 | f1m=0.8513+-0.0485 | f1w=0.9792+-0.0015 | 43.9s
[2026-05-22 19:40:53] 
--- lupus: 50000 cells, 14 classes ---
[2026-05-22 19:41:00]   minus repr built: (50000, 256) (6.3s)
[2026-05-22 19:45:15]   minus                | lr  | acc=0.8021+-0.0029 | f1m=0.7886+-0.0044 | f1w=0.7999+-0.0033 | 254.8s
[2026-05-22 19:46:09]   minus                | mlp | acc=0.8012+-0.0039 | f1m=0.7849+-0.0078 | f1w=0.7989+-0.0041 | 54.7s
[2026-05-22 19:46:15]   baseline repr built: (50000, 256) (5.8s)
[2026-05-22 19:50:13]   baseline             | lr  | acc=0.7978+-0.0062 | f1m=0.7817+-0.0048 | f1w=0.7952+-0.0062 | 238.0s
[2026-05-22 19:51:13]   baseline             | mlp | acc=0.7942+-0.0054 | f1m=0.7743+-0.0104 | f1w=0.7914+-0.0056 | 59.9s
[2026-05-22 19:51:19]   scGPT_human repr built: (50000, 512) (6.2s)
[2026-05-22 20:00:39]   scGPT_human          | lr  | acc=0.8148+-0.0049 | f1m=0.8019+-0.0075 | f1w=0.8135+-0.0051 | 559.6s
[2026-05-22 20:02:44]   scGPT_human          | mlp | acc=0.8177+-0.0041 | f1m=0.8044+-0.0048 | f1w=0.8156+-0.0038 | 125.4s
[2026-05-22 20:02:50]   v4_bias_rec_best repr built: (50000, 256) (5.7s)
[2026-05-22 20:07:40]   v4_bias_rec_best     | lr  | acc=0.7878+-0.0029 | f1m=0.7700+-0.0025 | f1w=0.7849+-0.0031 | 290.2s
[2026-05-22 20:08:51]   v4_bias_rec_best     | mlp | acc=0.7798+-0.0044 | f1m=0.7579+-0.0051 | f1w=0.7767+-0.0031 | 71.0s
[2026-05-22 20:08:57]   v4_plain_best repr built: (50000, 256) (5.8s)
[2026-05-22 20:13:37]   v4_plain_best        | lr  | acc=0.7934+-0.0041 | f1m=0.7746+-0.0040 | f1w=0.7907+-0.0042 | 280.1s
[2026-05-22 20:14:40]   v4_plain_best        | mlp | acc=0.7914+-0.0054 | f1m=0.7751+-0.0044 | f1w=0.7895+-0.0049 | 62.8s
[2026-05-22 20:14:46]   v4_type_pe_best repr built: (50000, 256) (6.5s)
[2026-05-22 20:20:31]   v4_type_pe_best      | lr  | acc=0.7917+-0.0056 | f1m=0.7754+-0.0051 | f1w=0.7889+-0.0059 | 344.7s
[2026-05-22 20:21:29]   v4_type_pe_best      | mlp | acc=0.7864+-0.0053 | f1m=0.7605+-0.0122 | f1w=0.7829+-0.0069 | 58.5s
[2026-05-22 20:21:35]   scconcept repr built: (50000, 512) (5.7s)
[2026-05-22 20:25:13]   scconcept            | lr  | acc=0.7847+-0.0039 | f1m=0.7602+-0.0062 | f1w=0.7830+-0.0039 | 217.9s
[2026-05-22 20:27:06]   scconcept            | mlp | acc=0.7843+-0.0019 | f1m=0.7697+-0.0043 | f1w=0.7831+-0.0019 | 113.4s
[2026-05-22 20:27:14]   scconcept_encoded repr built: (50000, 512) (7.3s)
[2026-05-22 20:45:45]   scconcept_encoded    | lr  | acc=0.7588+-0.0045 | f1m=0.7288+-0.0094 | f1w=0.7555+-0.0044 | 1110.9s
[2026-05-22 20:48:22]   scconcept_encoded    | mlp | acc=0.6729+-0.0063 | f1m=0.6247+-0.0105 | f1w=0.6687+-0.0055 | 157.6s
[2026-05-22 20:48:22] 
======================================================================
[2026-05-22 20:48:22] Task: perturbation_cls
[2026-05-22 20:48:22] ======================================================================
[2026-05-22 20:48:33] 
--- adamson: 0 cells, 0 classes ---
[2026-05-22 20:48:47]   minus repr built: (63585, 256) (14.6s)
[2026-05-22 20:48:47]   ERROR on minus/adamson: min() arg is an empty sequence
[2026-05-22 20:49:03]   baseline repr built: (63585, 256) (15.6s)
[2026-05-22 20:49:03]   ERROR on baseline/adamson: min() arg is an empty sequence
[2026-05-22 20:49:33]   scGPT_human repr built: (63585, 512) (29.4s)
[2026-05-22 20:49:33]   ERROR on scGPT_human/adamson: min() arg is an empty sequence
[2026-05-22 20:49:47]   v4_bias_rec_best repr built: (63585, 256) (14.5s)
[2026-05-22 20:49:47]   ERROR on v4_bias_rec_best/adamson: min() arg is an empty sequence
[2026-05-22 20:50:05]   v4_plain_best repr built: (63585, 256) (17.6s)
[2026-05-22 20:50:05]   ERROR on v4_plain_best/adamson: min() arg is an empty sequence
[2026-05-22 20:50:23]   v4_type_pe_best repr built: (63585, 256) (18.9s)
[2026-05-22 20:50:23]   ERROR on v4_type_pe_best/adamson: min() arg is an empty sequence
[2026-05-22 20:50:53]   scconcept repr built: (63585, 512) (29.0s)
[2026-05-22 20:50:53]   ERROR on scconcept/adamson: min() arg is an empty sequence
[2026-05-22 20:51:26]   scconcept_encoded repr built: (63585, 512) (33.1s)
[2026-05-22 20:51:26]   ERROR on scconcept_encoded/adamson: min() arg is an empty sequence
[2026-05-22 20:51:36] 
--- dixit: 0 cells, 0 classes ---
[2026-05-22 20:51:51]   minus repr built: (44735, 256) (15.4s)
[2026-05-22 20:51:51]   ERROR on minus/dixit: min() arg is an empty sequence
[2026-05-22 20:52:05]   baseline repr built: (44735, 256) (13.7s)
[2026-05-22 20:52:05]   ERROR on baseline/dixit: min() arg is an empty sequence
[2026-05-22 20:52:26]   scGPT_human repr built: (44735, 512) (21.1s)
[2026-05-22 20:52:26]   ERROR on scGPT_human/dixit: min() arg is an empty sequence
[2026-05-22 20:52:42]   v4_bias_rec_best repr built: (44735, 256) (16.5s)
[2026-05-22 20:52:42]   ERROR on v4_bias_rec_best/dixit: min() arg is an empty sequence
[2026-05-22 20:52:56]   v4_plain_best repr built: (44735, 256) (13.9s)
[2026-05-22 20:52:56]   ERROR on v4_plain_best/dixit: min() arg is an empty sequence
[2026-05-22 20:53:10]   v4_type_pe_best repr built: (44735, 256) (13.7s)
[2026-05-22 20:53:10]   ERROR on v4_type_pe_best/dixit: min() arg is an empty sequence
[2026-05-22 20:53:32]   scconcept repr built: (44735, 512) (22.1s)
[2026-05-22 20:53:32]   ERROR on scconcept/dixit: min() arg is an empty sequence
[2026-05-22 20:53:57]   scconcept_encoded repr built: (44735, 512) (24.7s)
[2026-05-22 20:53:57]   ERROR on scconcept_encoded/dixit: min() arg is an empty sequence
[2026-05-22 20:54:02] 
--- norman: 0 cells, 0 classes ---
[2026-05-22 20:54:22]   minus repr built: (53508, 256) (19.4s)
[2026-05-22 20:54:22]   ERROR on minus/norman: min() arg is an empty sequence
[2026-05-22 20:54:39]   baseline repr built: (53508, 256) (17.6s)
[2026-05-22 20:54:39]   ERROR on baseline/norman: min() arg is an empty sequence
[2026-05-22 20:55:04]   scGPT_human repr built: (53508, 512) (24.4s)
[2026-05-22 20:55:04]   ERROR on scGPT_human/norman: min() arg is an empty sequence
[2026-05-22 20:55:21]   v4_bias_rec_best repr built: (53508, 256) (17.4s)
[2026-05-22 20:55:21]   ERROR on v4_bias_rec_best/norman: min() arg is an empty sequence
[2026-05-22 20:55:40]   v4_plain_best repr built: (53508, 256) (19.2s)
[2026-05-22 20:55:40]   ERROR on v4_plain_best/norman: min() arg is an empty sequence
[2026-05-22 20:56:01]   v4_type_pe_best repr built: (53508, 256) (20.5s)
[2026-05-22 20:56:01]   ERROR on v4_type_pe_best/norman: min() arg is an empty sequence
[2026-05-22 20:56:24]   scconcept repr built: (53508, 512) (22.9s)
[2026-05-22 20:56:24]   ERROR on scconcept/norman: min() arg is an empty sequence
[2026-05-22 20:56:50]   scconcept_encoded repr built: (53508, 512) (26.2s)
[2026-05-22 20:56:50]   ERROR on scconcept_encoded/norman: min() arg is an empty sequence
[2026-05-22 20:56:50] 
Annotation results saved to /bigdata2/hyt/projects/scbenchmark_xjq/comparison-SC-embedding/results/annotation/benchmark_results.csv
[2026-05-22 20:56:50] Perturbation results saved to /bigdata2/hyt/projects/scbenchmark_xjq/comparison-SC-embedding/results/perturbation/benchmark_results.csv
[2026-05-22 20:56:50] Conference markdown saved to /bigdata2/hyt/projects/scbenchmark_xjq/comparison-SC-embedding/results/annotation/annotation_conference_tables.md
[2026-05-22 20:56:50] 
======================================================================
[2026-05-22 20:56:50] SUMMARY
[2026-05-22 20:56:50] ======================================================================
[2026-05-22 20:56:50] 
==================================================
[2026-05-22 20:56:50] Task: annotation
[2026-05-22 20:56:50] ==================================================
[2026-05-22 20:56:50] 
--- Myeloid ---
[2026-05-22 20:56:50] Embedding            Clf         Accuracy       F1-macro    F1-weighted
[2026-05-22 20:56:50] ------------------------------------------------------------------------
[2026-05-22 20:56:50] minus                lr    0.7092+-0.0039  0.5778+-0.0128  0.7052+-0.0039
[2026-05-22 20:56:50] minus                mlp   0.7435+-0.0084  0.6084+-0.0138  0.7369+-0.0095
[2026-05-22 20:56:50] baseline             lr    0.7078+-0.0113  0.5838+-0.0126  0.7054+-0.0107
[2026-05-22 20:56:50] baseline             mlp   0.7446+-0.0099  0.6061+-0.0230  0.7376+-0.0115
[2026-05-22 20:56:50] scGPT_human          lr    0.6764+-0.0076  0.5644+-0.0216  0.6756+-0.0085
[2026-05-22 20:56:50] scGPT_human          mlp   0.7403+-0.0111  0.6083+-0.0196  0.7342+-0.0124
[2026-05-22 20:56:50] v4_bias_rec_best     lr    0.7097+-0.0092  0.5786+-0.0135  0.7056+-0.0093
[2026-05-22 20:56:50] v4_bias_rec_best     mlp   0.7359+-0.0086  0.5905+-0.0196  0.7256+-0.0111
[2026-05-22 20:56:50] v4_plain_best        lr    0.7045+-0.0058  0.5765+-0.0187  0.7007+-0.0058
[2026-05-22 20:56:50] v4_plain_best        mlp   0.7428+-0.0083  0.6049+-0.0027  0.7354+-0.0063
[2026-05-22 20:56:50] v4_type_pe_best      lr    0.7063+-0.0098  0.5836+-0.0189  0.7036+-0.0102
[2026-05-22 20:56:50] v4_type_pe_best      mlp   0.7389+-0.0105  0.6099+-0.0088  0.7323+-0.0083
[2026-05-22 20:56:50] scconcept            lr    0.6339+-0.0103  0.5164+-0.0127  0.6357+-0.0095
[2026-05-22 20:56:50] scconcept            mlp   0.7147+-0.0102  0.5549+-0.0091  0.7035+-0.0094
[2026-05-22 20:56:50] scconcept_encoded    lr    0.6759+-0.0096  0.5367+-0.0098  0.6724+-0.0093
[2026-05-22 20:56:50] scconcept_encoded    mlp   0.6474+-0.0064  0.4762+-0.0091  0.6330+-0.0069
[2026-05-22 20:56:50] 
--- Multiple_Sclerosis ---
[2026-05-22 20:56:50] Embedding            Clf         Accuracy       F1-macro    F1-weighted
[2026-05-22 20:56:50] ------------------------------------------------------------------------
[2026-05-22 20:56:50] minus                lr    0.8677+-0.0036  0.8010+-0.0060  0.8651+-0.0033
[2026-05-22 20:56:50] minus                mlp   0.8808+-0.0031  0.8263+-0.0073  0.8784+-0.0023
[2026-05-22 20:56:50] baseline             lr    0.8661+-0.0046  0.8005+-0.0106  0.8636+-0.0049
[2026-05-22 20:56:50] baseline             mlp   0.8757+-0.0048  0.8019+-0.0134  0.8722+-0.0043
[2026-05-22 20:56:50] scGPT_human          lr    0.8652+-0.0022  0.8034+-0.0047  0.8640+-0.0017
[2026-05-22 20:56:50] scGPT_human          mlp   0.8849+-0.0041  0.8176+-0.0044  0.8820+-0.0045
[2026-05-22 20:56:50] v4_bias_rec_best     lr    0.8624+-0.0056  0.7923+-0.0114  0.8598+-0.0054
[2026-05-22 20:56:50] v4_bias_rec_best     mlp   0.8702+-0.0042  0.8133+-0.0090  0.8677+-0.0039
[2026-05-22 20:56:50] v4_plain_best        lr    0.8704+-0.0039  0.8054+-0.0171  0.8683+-0.0037
[2026-05-22 20:56:50] v4_plain_best        mlp   0.8834+-0.0033  0.8238+-0.0086  0.8803+-0.0040
[2026-05-22 20:56:50] v4_type_pe_best      lr    0.8707+-0.0042  0.8028+-0.0068  0.8684+-0.0040
[2026-05-22 20:56:50] v4_type_pe_best      mlp   0.8808+-0.0043  0.8203+-0.0129  0.8774+-0.0055
[2026-05-22 20:56:50] scconcept            lr    0.8088+-0.0073  0.7448+-0.0139  0.8089+-0.0075
[2026-05-22 20:56:50] scconcept            mlp   0.8230+-0.0061  0.7489+-0.0120  0.8195+-0.0064
[2026-05-22 20:56:50] scconcept_encoded    lr    0.8159+-0.0075  0.7413+-0.0128  0.8127+-0.0080
[2026-05-22 20:56:50] scconcept_encoded    mlp   0.7552+-0.0039  0.6851+-0.0139  0.7522+-0.0037
[2026-05-22 20:56:50] 
--- pancread ---
[2026-05-22 20:56:50] Embedding            Clf         Accuracy       F1-macro    F1-weighted
[2026-05-22 20:56:50] ------------------------------------------------------------------------
[2026-05-22 20:56:50] minus                lr    0.9833+-0.0017  0.9030+-0.0220  0.9831+-0.0017
[2026-05-22 20:56:50] minus                mlp   0.9850+-0.0015  0.9065+-0.0061  0.9848+-0.0015
[2026-05-22 20:56:50] baseline             lr    0.9827+-0.0022  0.9164+-0.0263  0.9826+-0.0022
[2026-05-22 20:56:50] baseline             mlp   0.9847+-0.0011  0.8883+-0.0284  0.9845+-0.0011
[2026-05-22 20:56:50] scGPT_human          lr    0.9844+-0.0018  0.8910+-0.0159  0.9842+-0.0018
[2026-05-22 20:56:50] scGPT_human          mlp   0.9866+-0.0009  0.9112+-0.0386  0.9865+-0.0009
[2026-05-22 20:56:50] v4_bias_rec_best     lr    0.9812+-0.0022  0.9230+-0.0394  0.9811+-0.0022
[2026-05-22 20:56:50] v4_bias_rec_best     mlp   0.9833+-0.0031  0.8811+-0.0527  0.9832+-0.0032
[2026-05-22 20:56:50] v4_plain_best        lr    0.9814+-0.0011  0.8992+-0.0162  0.9813+-0.0011
[2026-05-22 20:56:50] v4_plain_best        mlp   0.9857+-0.0016  0.8971+-0.0187  0.9855+-0.0016
[2026-05-22 20:56:50] v4_type_pe_best      lr    0.9820+-0.0024  0.8956+-0.0510  0.9818+-0.0024
[2026-05-22 20:56:50] v4_type_pe_best      mlp   0.9841+-0.0025  0.9019+-0.0559  0.9840+-0.0027
[2026-05-22 20:56:50] scconcept            lr    0.9837+-0.0018  0.8744+-0.0467  0.9835+-0.0019
[2026-05-22 20:56:50] scconcept            mlp   0.9859+-0.0016  0.8649+-0.0280  0.9856+-0.0017
[2026-05-22 20:56:50] scconcept_encoded    lr    0.9789+-0.0022  0.8685+-0.0337  0.9786+-0.0022
[2026-05-22 20:56:50] scconcept_encoded    mlp   0.9795+-0.0014  0.8513+-0.0485  0.9792+-0.0015
[2026-05-22 20:56:50] 
--- lupus ---
[2026-05-22 20:56:50] Embedding            Clf         Accuracy       F1-macro    F1-weighted
[2026-05-22 20:56:50] ------------------------------------------------------------------------
[2026-05-22 20:56:50] minus                lr    0.8021+-0.0029  0.7886+-0.0044  0.7999+-0.0033
[2026-05-22 20:56:50] minus                mlp   0.8012+-0.0039  0.7849+-0.0078  0.7989+-0.0041
[2026-05-22 20:56:50] baseline             lr    0.7978+-0.0062  0.7817+-0.0048  0.7952+-0.0062
[2026-05-22 20:56:50] baseline             mlp   0.7942+-0.0054  0.7743+-0.0104  0.7914+-0.0056
[2026-05-22 20:56:50] scGPT_human          lr    0.8148+-0.0049  0.8019+-0.0075  0.8135+-0.0051
[2026-05-22 20:56:50] scGPT_human          mlp   0.8177+-0.0041  0.8044+-0.0048  0.8156+-0.0038
[2026-05-22 20:56:50] v4_bias_rec_best     lr    0.7878+-0.0029  0.7700+-0.0025  0.7849+-0.0031
[2026-05-22 20:56:50] v4_bias_rec_best     mlp   0.7798+-0.0044  0.7579+-0.0051  0.7767+-0.0031
[2026-05-22 20:56:50] v4_plain_best        lr    0.7934+-0.0041  0.7746+-0.0040  0.7907+-0.0042
[2026-05-22 20:56:50] v4_plain_best        mlp   0.7914+-0.0054  0.7751+-0.0044  0.7895+-0.0049
[2026-05-22 20:56:50] v4_type_pe_best      lr    0.7917+-0.0056  0.7754+-0.0051  0.7889+-0.0059
[2026-05-22 20:56:50] v4_type_pe_best      mlp   0.7864+-0.0053  0.7605+-0.0122  0.7829+-0.0069
[2026-05-22 20:56:50] scconcept            lr    0.7847+-0.0039  0.7602+-0.0062  0.7830+-0.0039
[2026-05-22 20:56:50] scconcept            mlp   0.7843+-0.0019  0.7697+-0.0043  0.7831+-0.0019
[2026-05-22 20:56:50] scconcept_encoded    lr    0.7588+-0.0045  0.7288+-0.0094  0.7555+-0.0044
[2026-05-22 20:56:50] scconcept_encoded    mlp   0.6729+-0.0063  0.6247+-0.0105  0.6687+-0.0055
[2026-05-22 20:56:50] 
Benchmark complete! 2026-05-22 20:56:50.741764
